
> cryptostarterapp@0.1.0 build
> prisma generate && next build

Environment variables loaded from .env
Prisma schema loaded from prisma/schema.prisma

✔ Generated Prisma Client (v6.6.0) to ./src/generated/prisma in 1.47s

Start by importing your Prisma Client (See: https://pris.ly/d/importing-client)

Tip: Need your database queries to be 1000x faster? Accelerate offers you that and more: https://pris.ly/tip-2-accelerate

   ▲ Next.js 15.3.1
   - Environments: .env.local, .env

   Creating an optimized production build ...
 ✓ Compiled successfully in 93s
   Linting and checking validity of types ...

Failed to compile.

./src/app/create-campaign/page.tsx
55:17  Error: 'session' is assigned a value but never used.  @typescript-eslint/no-unused-vars
237:19  Warning: Using `<img>` could result in slower LCP and higher bandwidth. Consider using `<Image />` from `next/image` or a custom image loader to automatically optimize images. This may incur additional usage or cost from your provider. See: https://nextjs.org/docs/messages/no-img-element  @next/next/no-img-element
432:25  Warning: Using `<img>` could result in slower LCP and higher bandwidth. Consider using `<Image />` from `next/image` or a custom image loader to automatically optimize images. This may incur additional usage or cost from your provider. See: https://nextjs.org/docs/messages/no-img-element  @next/next/no-img-element

./src/app/profile/edit/page.tsx
14:10  Error: 'imageFile' is assigned a value but never used.  @typescript-eslint/no-unused-vars

./src/app/profile/page.tsx
39:21  Error: 'setCampaigns' is assigned a value but never used.  @typescript-eslint/no-unused-vars
40:25  Error: 'setContributions' is assigned a value but never used.  @typescript-eslint/no-unused-vars
165:28  Error: `'` can be escaped with `&apos;`, `&lsquo;`, `&#39;`, `&rsquo;`.  react/no-unescaped-entities
203:28  Error: `'` can be escaped with `&apos;`, `&lsquo;`, `&#39;`, `&rsquo;`.  react/no-unescaped-entities

./src/generated/prisma/client.js
1:23  Error: A `require()` style import is forbidden.  @typescript-eslint/no-require-imports

./src/generated/prisma/default.js
1:23  Error: A `require()` style import is forbidden.  @typescript-eslint/no-require-imports

./src/generated/prisma/edge.js
15:3  Error: 'skip' is assigned a value but never used.  @typescript-eslint/no-unused-vars
21:3  Error: 'warnOnce' is assigned a value but never used.  @typescript-eslint/no-unused-vars
24:3  Error: 'getRuntime' is assigned a value but never used.  @typescript-eslint/no-unused-vars
25:3  Error: 'createParam' is assigned a value but never used.  @typescript-eslint/no-unused-vars
26:5  Error: A `require()` style import is forbidden.  @typescript-eslint/no-require-imports

./src/generated/prisma/index-browser.js
10:3  Error: 'skip' is assigned a value but never used.  @typescript-eslint/no-unused-vars
11:5  Error: A `require()` style import is forbidden.  @typescript-eslint/no-require-imports
235:11  Error: 'target' is defined but never used.  @typescript-eslint/no-unused-vars
235:19  Error: 'prop' is defined but never used.  @typescript-eslint/no-unused-vars

./src/generated/prisma/index.d.ts
7:8  Error: '$Types' is defined but never used.  @typescript-eslint/no-unused-vars
122:15  Error: 'T' is defined but never used.  @typescript-eslint/no-unused-vars
122:81  Error: Unexpected any. Specify a different type.  @typescript-eslint/no-explicit-any
134:21  Error: 'T' is defined but never used.  @typescript-eslint/no-unused-vars
134:60  Error: Unexpected any. Specify a different type.  @typescript-eslint/no-explicit-any
145:79  Error: Unexpected any. Specify a different type.  @typescript-eslint/no-explicit-any
157:58  Error: Unexpected any. Specify a different type.  @typescript-eslint/no-explicit-any
173:47  Error: Unexpected any. Specify a different type.  @typescript-eslint/no-explicit-any
405:13  Error: Unexpected any. Specify a different type.  @typescript-eslint/no-explicit-any
406:14  Error: Unexpected any. Specify a different type.  @typescript-eslint/no-explicit-any
410:13  Error: Unexpected any. Specify a different type.  @typescript-eslint/no-explicit-any
411:11  Error: Unexpected any. Specify a different type.  @typescript-eslint/no-explicit-any
417:49  Error: Unexpected any. Specify a different type.  @typescript-eslint/no-explicit-any
422:53  Error: Unexpected any. Specify a different type.  @typescript-eslint/no-explicit-any
422:78  Error: Unexpected any. Specify a different type.  @typescript-eslint/no-explicit-any
435:23  Error: The `{}` ("empty object") type allows any non-nullish value, including literals like `0` and `""`.
- If that's what you want, disable this lint rule with an inline comment or configure the 'allowObjectTypes' rule option.
- If you want a type meaning "any object", you probably want `object` instead.
- If you want a type meaning "any value", you probably want `unknown` instead.  @typescript-eslint/no-empty-object-type
464:11  Error: The `{}` ("empty object") type allows any non-nullish value, including literals like `0` and `""`.
- If that's what you want, disable this lint rule with an inline comment or configure the 'allowObjectTypes' rule option.
- If you want a type meaning "any object", you probably want `object` instead.
- If you want a type meaning "any value", you probably want `unknown` instead.  @typescript-eslint/no-empty-object-type
491:17  Error: Constraining the generic type `T` to `any` does nothing and is unnecessary.  @typescript-eslint/no-unnecessary-type-constraint
491:27  Error: Unexpected any. Specify a different type.  @typescript-eslint/no-explicit-any
491:50  Error: Unexpected any. Specify a different type.  @typescript-eslint/no-explicit-any
497:15  Error: Prefer using the primitive `bigint` as a type name, rather than the upper-cased `BigInt`.  @typescript-eslint/no-wrapper-object-types
507:27  Error: Constraining the generic type `T` to `unknown` does nothing and is unnecessary.  @typescript-eslint/no-unnecessary-type-constraint
538:23  Error: Unexpected any. Specify a different type.  @typescript-eslint/no-explicit-any
568:26  Error: Constraining the generic type `A` to `any` does nothing and is unnecessary.  @typescript-eslint/no-unnecessary-type-constraint
568:36  Error: Unexpected any. Specify a different type.  @typescript-eslint/no-explicit-any
568:53  Error: The `Function` type accepts any function-like value.
Prefer explicitly defining any function parameters and return type.  @typescript-eslint/no-unsafe-function-type
576:32  Error: Unexpected any. Specify a different type.  @typescript-eslint/no-explicit-any
617:23  Error: Constraining the generic type `A1` to `any` does nothing and is unnecessary.  @typescript-eslint/no-unnecessary-type-constraint
617:34  Error: Unexpected any. Specify a different type.  @typescript-eslint/no-explicit-any
617:39  Error: Constraining the generic type `A2` to `any` does nothing and is unnecessary.  @typescript-eslint/no-unnecessary-type-constraint
617:50  Error: Unexpected any. Specify a different type.  @typescript-eslint/no-explicit-any
672:9  Error: The `{}` ("empty object") type allows any non-nullish value, including literals like `0` and `""`.
- If that's what you want, disable this lint rule with an inline comment or configure the 'allowObjectTypes' rule option.
- If you want a type meaning "any object", you probably want `object` instead.
- If you want a type meaning "any value", you probably want `unknown` instead.  @typescript-eslint/no-empty-object-type
681:40  Error: Unexpected any. Specify a different type.  @typescript-eslint/no-explicit-any
682:41  Error: Unexpected any. Specify a different type.  @typescript-eslint/no-explicit-any
718:39  Error: The `{}` ("empty object") type allows any non-nullish value, including literals like `0` and `""`.
- If that's what you want, disable this lint rule with an inline comment or configure the 'allowObjectTypes' rule option.
- If you want a type meaning "any object", you probably want `object` instead.
- If you want a type meaning "any value", you probably want `unknown` instead.  @typescript-eslint/no-empty-object-type
718:121  Error: Unexpected any. Specify a different type.  @typescript-eslint/no-explicit-any
719:122  Error: The `{}` ("empty object") type allows any non-nullish value, including literals like `0` and `""`.
- If that's what you want, disable this lint rule with an inline comment or configure the 'allowObjectTypes' rule option.
- If you want a type meaning "any object", you probably want `object` instead.
- If you want a type meaning "any value", you probably want `unknown` instead.  @typescript-eslint/no-empty-object-type
722:111  Error: The `{}` ("empty object") type allows any non-nullish value, including literals like `0` and `""`.
- If that's what you want, disable this lint rule with an inline comment or configure the 'allowObjectTypes' rule option.
- If you want a type meaning "any object", you probably want `object` instead.
- If you want a type meaning "any value", you probably want `unknown` instead.  @typescript-eslint/no-empty-object-type
1326:16  Error: Unexpected any. Specify a different type.  @typescript-eslint/no-explicit-any
1329:71  Error: Unexpected any. Specify a different type.  @typescript-eslint/no-explicit-any
1330:19  Error: Unexpected any. Specify a different type.  @typescript-eslint/no-explicit-any
1333:44  Error: Unexpected any. Specify a different type.  @typescript-eslint/no-explicit-any
1334:19  Error: Unexpected any. Specify a different type.  @typescript-eslint/no-explicit-any
1337:71  Error: Unexpected any. Specify a different type.  @typescript-eslint/no-explicit-any
1338:19  Error: Unexpected any. Specify a different type.  @typescript-eslint/no-explicit-any
1341:44  Error: Unexpected any. Specify a different type.  @typescript-eslint/no-explicit-any
1342:19  Error: Unexpected any. Specify a different type.  @typescript-eslint/no-explicit-any
1425:25  Error: Constraining the generic type `T` to `any` does nothing and is unnecessary.  @typescript-eslint/no-unnecessary-type-constraint
1425:35  Error: Unexpected any. Specify a different type.  @typescript-eslint/no-explicit-any
1474:11  Error: Unexpected any. Specify a different type.  @typescript-eslint/no-explicit-any
1482:30  Error: Unexpected any. Specify a different type.  @typescript-eslint/no-explicit-any
1515:41  Error: 'ExtArgs' is defined but never used.  @typescript-eslint/no-unused-vars
1536:52  Error: 'ExtArgs' is defined but never used.  @typescript-eslint/no-unused-vars
1543:52  Error: 'ExtArgs' is defined but never used.  @typescript-eslint/no-unused-vars
1550:53  Error: 'ExtArgs' is defined but never used.  @typescript-eslint/no-unused-vars
1557:57  Error: 'ExtArgs' is defined but never used.  @typescript-eslint/no-unused-vars
1572:45  Error: 'ExtArgs' is defined but never used.  @typescript-eslint/no-unused-vars
1592:63  Error: 'ExtArgs' is defined but never used.  @typescript-eslint/no-unused-vars
1599:55  Error: 'ExtArgs' is defined but never used.  @typescript-eslint/no-unused-vars
1606:61  Error: 'ExtArgs' is defined but never used.  @typescript-eslint/no-unused-vars
1736:36  Error: 'ExtArgs' is defined but never used.  @typescript-eslint/no-unused-vars
1808:34  Error: 'ExtArgs' is defined but never used.  @typescript-eslint/no-unused-vars
1949:17  Error: The `{}` ("empty object") type allows any non-nullish value, including literals like `0` and `""`.
- If that's what you want, disable this lint rule with an inline comment or configure the 'allowObjectTypes' rule option.
- If you want a type meaning "any object", you probably want `object` instead.
- If you want a type meaning "any value", you probably want `unknown` instead.  @typescript-eslint/no-empty-object-type
1954:25  Error: 'ExtArgs' is defined but never used.  @typescript-eslint/no-unused-vars
1959:124  Error: The `{}` ("empty object") type allows any non-nullish value, including literals like `0` and `""`.
- If that's what you want, disable this lint rule with an inline comment or configure the 'allowObjectTypes' rule option.
- If you want a type meaning "any object", you probably want `object` instead.
- If you want a type meaning "any value", you probably want `unknown` instead.  @typescript-eslint/no-empty-object-type
2219:41  Error: Unexpected any. Specify a different type.  @typescript-eslint/no-explicit-any
2303:13  Error: The `{}` ("empty object") type allows any non-nullish value, including literals like `0` and `""`.
- If that's what you want, disable this lint rule with an inline comment or configure the 'allowObjectTypes' rule option.
- If you want a type meaning "any object", you probably want `object` instead.
- If you want a type meaning "any value", you probably want `unknown` instead.  @typescript-eslint/no-empty-object-type
2313:13  Error: The `{}` ("empty object") type allows any non-nullish value, including literals like `0` and `""`.
- If that's what you want, disable this lint rule with an inline comment or configure the 'allowObjectTypes' rule option.
- If you want a type meaning "any object", you probably want `object` instead.
- If you want a type meaning "any value", you probably want `unknown` instead.  @typescript-eslint/no-empty-object-type
2321:9  Error: The `{}` ("empty object") type allows any non-nullish value, including literals like `0` and `""`.
- If that's what you want, disable this lint rule with an inline comment or configure the 'allowObjectTypes' rule option.
- If you want a type meaning "any object", you probably want `object` instead.
- If you want a type meaning "any value", you probably want `unknown` instead.  @typescript-eslint/no-empty-object-type
2327:83  Error: The `{}` ("empty object") type allows any non-nullish value, including literals like `0` and `""`.
- If that's what you want, disable this lint rule with an inline comment or configure the 'allowObjectTypes' rule option.
- If you want a type meaning "any object", you probably want `object` instead.
- If you want a type meaning "any value", you probably want `unknown` instead.  @typescript-eslint/no-empty-object-type
2340:147  Error: The `{}` ("empty object") type allows any non-nullish value, including literals like `0` and `""`.
- If that's what you want, disable this lint rule with an inline comment or configure the 'allowObjectTypes' rule option.
- If you want a type meaning "any object", you probably want `object` instead.
- If you want a type meaning "any value", you probably want `unknown` instead.  @typescript-eslint/no-empty-object-type
2342:47  Error: The `{}` ("empty object") type allows any non-nullish value, including literals like `0` and `""`.
- If that's what you want, disable this lint rule with an inline comment or configure the 'allowObjectTypes' rule option.
- If you want a type meaning "any object", you probably want `object` instead.
- If you want a type meaning "any value", you probably want `unknown` instead.  @typescript-eslint/no-empty-object-type
2349:148  Error: Unexpected any. Specify a different type.  @typescript-eslint/no-explicit-any
2355:51  Error: Unexpected any. Specify a different type.  @typescript-eslint/no-explicit-any
2608:37  Error: 'ExtArgs' is defined but never used.  @typescript-eslint/no-unused-vars
2668:37  Error: 'ExtArgs' is defined but never used.  @typescript-eslint/no-unused-vars
2768:37  Error: 'ExtArgs' is defined but never used.  @typescript-eslint/no-unused-vars
2853:36  Error: 'ExtArgs' is defined but never used.  @typescript-eslint/no-unused-vars
2913:34  Error: 'ExtArgs' is defined but never used.  @typescript-eslint/no-unused-vars
3002:17  Error: The `{}` ("empty object") type allows any non-nullish value, including literals like `0` and `""`.
- If that's what you want, disable this lint rule with an inline comment or configure the 'allowObjectTypes' rule option.
- If you want a type meaning "any object", you probably want `object` instead.
- If you want a type meaning "any value", you probably want `unknown` instead.  @typescript-eslint/no-empty-object-type
3007:25  Error: 'ExtArgs' is defined but never used.  @typescript-eslint/no-unused-vars
3012:124  Error: The `{}` ("empty object") type allows any non-nullish value, including literals like `0` and `""`.
- If that's what you want, disable this lint rule with an inline comment or configure the 'allowObjectTypes' rule option.
- If you want a type meaning "any object", you probably want `object` instead.
- If you want a type meaning "any value", you probably want `unknown` instead.  @typescript-eslint/no-empty-object-type
3272:41  Error: Unexpected any. Specify a different type.  @typescript-eslint/no-explicit-any
3356:13  Error: The `{}` ("empty object") type allows any non-nullish value, including literals like `0` and `""`.
- If that's what you want, disable this lint rule with an inline comment or configure the 'allowObjectTypes' rule option.
- If you want a type meaning "any object", you probably want `object` instead.
- If you want a type meaning "any value", you probably want `unknown` instead.  @typescript-eslint/no-empty-object-type
3366:13  Error: The `{}` ("empty object") type allows any non-nullish value, including literals like `0` and `""`.
- If that's what you want, disable this lint rule with an inline comment or configure the 'allowObjectTypes' rule option.
- If you want a type meaning "any object", you probably want `object` instead.
- If you want a type meaning "any value", you probably want `unknown` instead.  @typescript-eslint/no-empty-object-type
3374:9  Error: The `{}` ("empty object") type allows any non-nullish value, including literals like `0` and `""`.
- If that's what you want, disable this lint rule with an inline comment or configure the 'allowObjectTypes' rule option.
- If you want a type meaning "any object", you probably want `object` instead.
- If you want a type meaning "any value", you probably want `unknown` instead.  @typescript-eslint/no-empty-object-type
3380:83  Error: The `{}` ("empty object") type allows any non-nullish value, including literals like `0` and `""`.
- If that's what you want, disable this lint rule with an inline comment or configure the 'allowObjectTypes' rule option.
- If you want a type meaning "any object", you probably want `object` instead.
- If you want a type meaning "any value", you probably want `unknown` instead.  @typescript-eslint/no-empty-object-type
3393:147  Error: The `{}` ("empty object") type allows any non-nullish value, including literals like `0` and `""`.
- If that's what you want, disable this lint rule with an inline comment or configure the 'allowObjectTypes' rule option.
- If you want a type meaning "any object", you probably want `object` instead.
- If you want a type meaning "any value", you probably want `unknown` instead.  @typescript-eslint/no-empty-object-type
3395:47  Error: The `{}` ("empty object") type allows any non-nullish value, including literals like `0` and `""`.
- If that's what you want, disable this lint rule with an inline comment or configure the 'allowObjectTypes' rule option.
- If you want a type meaning "any object", you probably want `object` instead.
- If you want a type meaning "any value", you probably want `unknown` instead.  @typescript-eslint/no-empty-object-type
3402:148  Error: Unexpected any. Specify a different type.  @typescript-eslint/no-explicit-any
3408:51  Error: Unexpected any. Specify a different type.  @typescript-eslint/no-explicit-any
3653:37  Error: 'ExtArgs' is defined but never used.  @typescript-eslint/no-unused-vars
3713:37  Error: 'ExtArgs' is defined but never used.  @typescript-eslint/no-unused-vars
3813:37  Error: 'ExtArgs' is defined but never used.  @typescript-eslint/no-unused-vars
3916:33  Error: 'ExtArgs' is defined but never used.  @typescript-eslint/no-unused-vars
3976:31  Error: 'ExtArgs' is defined but never used.  @typescript-eslint/no-unused-vars
4068:46  Error: 'ExtArgs' is defined but never used.  @typescript-eslint/no-unused-vars
4068:116  Error: The `{}` ("empty object") type allows any non-nullish value, including literals like `0` and `""`.
- If that's what you want, disable this lint rule with an inline comment or configure the 'allowObjectTypes' rule option.
- If you want a type meaning "any object", you probably want `object` instead.
- If you want a type meaning "any value", you probably want `unknown` instead.  @typescript-eslint/no-empty-object-type
4069:46  Error: 'ExtArgs' is defined but never used.  @typescript-eslint/no-unused-vars
4069:116  Error: The `{}` ("empty object") type allows any non-nullish value, including literals like `0` and `""`.
- If that's what you want, disable this lint rule with an inline comment or configure the 'allowObjectTypes' rule option.
- If you want a type meaning "any object", you probably want `object` instead.
- If you want a type meaning "any value", you probably want `unknown` instead.  @typescript-eslint/no-empty-object-type
4088:17  Error: The `{}` ("empty object") type allows any non-nullish value, including literals like `0` and `""`.
- If that's what you want, disable this lint rule with an inline comment or configure the 'allowObjectTypes' rule option.
- If you want a type meaning "any object", you probably want `object` instead.
- If you want a type meaning "any value", you probably want `unknown` instead.  @typescript-eslint/no-empty-object-type
4093:22  Error: 'ExtArgs' is defined but never used.  @typescript-eslint/no-unused-vars
4098:121  Error: The `{}` ("empty object") type allows any non-nullish value, including literals like `0` and `""`.
- If that's what you want, disable this lint rule with an inline comment or configure the 'allowObjectTypes' rule option.
- If you want a type meaning "any object", you probably want `object` instead.
- If you want a type meaning "any value", you probably want `unknown` instead.  @typescript-eslint/no-empty-object-type
4358:41  Error: Unexpected any. Specify a different type.  @typescript-eslint/no-explicit-any
4442:13  Error: The `{}` ("empty object") type allows any non-nullish value, including literals like `0` and `""`.
- If that's what you want, disable this lint rule with an inline comment or configure the 'allowObjectTypes' rule option.
- If you want a type meaning "any object", you probably want `object` instead.
- If you want a type meaning "any value", you probably want `unknown` instead.  @typescript-eslint/no-empty-object-type
4452:13  Error: The `{}` ("empty object") type allows any non-nullish value, including literals like `0` and `""`.
- If that's what you want, disable this lint rule with an inline comment or configure the 'allowObjectTypes' rule option.
- If you want a type meaning "any object", you probably want `object` instead.
- If you want a type meaning "any value", you probably want `unknown` instead.  @typescript-eslint/no-empty-object-type
4460:9  Error: The `{}` ("empty object") type allows any non-nullish value, including literals like `0` and `""`.
- If that's what you want, disable this lint rule with an inline comment or configure the 'allowObjectTypes' rule option.
- If you want a type meaning "any object", you probably want `object` instead.
- If you want a type meaning "any value", you probably want `unknown` instead.  @typescript-eslint/no-empty-object-type
4466:80  Error: The `{}` ("empty object") type allows any non-nullish value, including literals like `0` and `""`.
- If that's what you want, disable this lint rule with an inline comment or configure the 'allowObjectTypes' rule option.
- If you want a type meaning "any object", you probably want `object` instead.
- If you want a type meaning "any value", you probably want `unknown` instead.  @typescript-eslint/no-empty-object-type
4479:144  Error: The `{}` ("empty object") type allows any non-nullish value, including literals like `0` and `""`.
- If that's what you want, disable this lint rule with an inline comment or configure the 'allowObjectTypes' rule option.
- If you want a type meaning "any object", you probably want `object` instead.
- If you want a type meaning "any value", you probably want `unknown` instead.  @typescript-eslint/no-empty-object-type
4481:53  Error: The `{}` ("empty object") type allows any non-nullish value, including literals like `0` and `""`.
- If that's what you want, disable this lint rule with an inline comment or configure the 'allowObjectTypes' rule option.
- If you want a type meaning "any object", you probably want `object` instead.
- If you want a type meaning "any value", you probably want `unknown` instead.  @typescript-eslint/no-empty-object-type
4482:53  Error: The `{}` ("empty object") type allows any non-nullish value, including literals like `0` and `""`.
- If that's what you want, disable this lint rule with an inline comment or configure the 'allowObjectTypes' rule option.
- If you want a type meaning "any object", you probably want `object` instead.
- If you want a type meaning "any value", you probably want `unknown` instead.  @typescript-eslint/no-empty-object-type
4483:55  Error: The `{}` ("empty object") type allows any non-nullish value, including literals like `0` and `""`.
- If that's what you want, disable this lint rule with an inline comment or configure the 'allowObjectTypes' rule option.
- If you want a type meaning "any object", you probably want `object` instead.
- If you want a type meaning "any value", you probably want `unknown` instead.  @typescript-eslint/no-empty-object-type
4484:63  Error: The `{}` ("empty object") type allows any non-nullish value, including literals like `0` and `""`.
- If that's what you want, disable this lint rule with an inline comment or configure the 'allowObjectTypes' rule option.
- If you want a type meaning "any object", you probably want `object` instead.
- If you want a type meaning "any value", you probably want `unknown` instead.  @typescript-eslint/no-empty-object-type
4491:148  Error: Unexpected any. Specify a different type.  @typescript-eslint/no-explicit-any
4497:51  Error: Unexpected any. Specify a different type.  @typescript-eslint/no-explicit-any
4745:34  Error: 'ExtArgs' is defined but never used.  @typescript-eslint/no-unused-vars
4801:34  Error: 'ExtArgs' is defined but never used.  @typescript-eslint/no-unused-vars
4897:34  Error: 'ExtArgs' is defined but never used.  @typescript-eslint/no-unused-vars
5072:46  Error: 'ExtArgs' is defined but never used.  @typescript-eslint/no-unused-vars
5132:44  Error: 'ExtArgs' is defined but never used.  @typescript-eslint/no-unused-vars
5195:14  Error: The `{}` ("empty object") type allows any non-nullish value, including literals like `0` and `""`.
- If that's what you want, disable this lint rule with an inline comment or configure the 'allowObjectTypes' rule option.
- If you want a type meaning "any object", you probably want `object` instead.
- If you want a type meaning "any value", you probably want `unknown` instead.  @typescript-eslint/no-empty-object-type
5201:17  Error: The `{}` ("empty object") type allows any non-nullish value, including literals like `0` and `""`.
- If that's what you want, disable this lint rule with an inline comment or configure the 'allowObjectTypes' rule option.
- If you want a type meaning "any object", you probably want `object` instead.
- If you want a type meaning "any value", you probably want `unknown` instead.  @typescript-eslint/no-empty-object-type
5206:35  Error: 'ExtArgs' is defined but never used.  @typescript-eslint/no-unused-vars
5211:134  Error: The `{}` ("empty object") type allows any non-nullish value, including literals like `0` and `""`.
- If that's what you want, disable this lint rule with an inline comment or configure the 'allowObjectTypes' rule option.
- If you want a type meaning "any object", you probably want `object` instead.
- If you want a type meaning "any value", you probably want `unknown` instead.  @typescript-eslint/no-empty-object-type
5471:41  Error: Unexpected any. Specify a different type.  @typescript-eslint/no-explicit-any
5555:13  Error: The `{}` ("empty object") type allows any non-nullish value, including literals like `0` and `""`.
- If that's what you want, disable this lint rule with an inline comment or configure the 'allowObjectTypes' rule option.
- If you want a type meaning "any object", you probably want `object` instead.
- If you want a type meaning "any value", you probably want `unknown` instead.  @typescript-eslint/no-empty-object-type
5565:13  Error: The `{}` ("empty object") type allows any non-nullish value, including literals like `0` and `""`.
- If that's what you want, disable this lint rule with an inline comment or configure the 'allowObjectTypes' rule option.
- If you want a type meaning "any object", you probably want `object` instead.
- If you want a type meaning "any value", you probably want `unknown` instead.  @typescript-eslint/no-empty-object-type
5573:9  Error: The `{}` ("empty object") type allows any non-nullish value, including literals like `0` and `""`.
- If that's what you want, disable this lint rule with an inline comment or configure the 'allowObjectTypes' rule option.
- If you want a type meaning "any object", you probably want `object` instead.
- If you want a type meaning "any value", you probably want `unknown` instead.  @typescript-eslint/no-empty-object-type
5579:93  Error: The `{}` ("empty object") type allows any non-nullish value, including literals like `0` and `""`.
- If that's what you want, disable this lint rule with an inline comment or configure the 'allowObjectTypes' rule option.
- If you want a type meaning "any object", you probably want `object` instead.
- If you want a type meaning "any value", you probably want `unknown` instead.  @typescript-eslint/no-empty-object-type
5592:55  Error: 'Null' is defined but never used.  @typescript-eslint/no-unused-vars
5592:69  Error: 'ExtArgs' is defined but never used.  @typescript-eslint/no-unused-vars
5592:137  Error: 'GlobalOmitOptions' is defined but never used.  @typescript-eslint/no-unused-vars
5592:157  Error: The `{}` ("empty object") type allows any non-nullish value, including literals like `0` and `""`.
- If that's what you want, disable this lint rule with an inline comment or configure the 'allowObjectTypes' rule option.
- If you want a type meaning "any object", you probably want `object` instead.
- If you want a type meaning "any value", you probably want `unknown` instead.  @typescript-eslint/no-empty-object-type
5600:148  Error: Unexpected any. Specify a different type.  @typescript-eslint/no-explicit-any
5606:51  Error: Unexpected any. Specify a different type.  @typescript-eslint/no-explicit-any
5826:47  Error: 'ExtArgs' is defined but never used.  @typescript-eslint/no-unused-vars
5878:47  Error: 'ExtArgs' is defined but never used.  @typescript-eslint/no-unused-vars
5966:47  Error: 'ExtArgs' is defined but never used.  @typescript-eslint/no-unused-vars
6135:37  Error: 'ExtArgs' is defined but never used.  @typescript-eslint/no-unused-vars
6207:35  Error: 'ExtArgs' is defined but never used.  @typescript-eslint/no-unused-vars
6377:17  Error: The `{}` ("empty object") type allows any non-nullish value, including literals like `0` and `""`.
- If that's what you want, disable this lint rule with an inline comment or configure the 'allowObjectTypes' rule option.
- If you want a type meaning "any object", you probably want `object` instead.
- If you want a type meaning "any value", you probably want `unknown` instead.  @typescript-eslint/no-empty-object-type
6382:26  Error: 'ExtArgs' is defined but never used.  @typescript-eslint/no-unused-vars
6387:125  Error: The `{}` ("empty object") type allows any non-nullish value, including literals like `0` and `""`.
- If that's what you want, disable this lint rule with an inline comment or configure the 'allowObjectTypes' rule option.
- If you want a type meaning "any object", you probably want `object` instead.
- If you want a type meaning "any value", you probably want `unknown` instead.  @typescript-eslint/no-empty-object-type
6647:41  Error: Unexpected any. Specify a different type.  @typescript-eslint/no-explicit-any
6731:13  Error: The `{}` ("empty object") type allows any non-nullish value, including literals like `0` and `""`.
- If that's what you want, disable this lint rule with an inline comment or configure the 'allowObjectTypes' rule option.
- If you want a type meaning "any object", you probably want `object` instead.
- If you want a type meaning "any value", you probably want `unknown` instead.  @typescript-eslint/no-empty-object-type
6741:13  Error: The `{}` ("empty object") type allows any non-nullish value, including literals like `0` and `""`.
- If that's what you want, disable this lint rule with an inline comment or configure the 'allowObjectTypes' rule option.
- If you want a type meaning "any object", you probably want `object` instead.
- If you want a type meaning "any value", you probably want `unknown` instead.  @typescript-eslint/no-empty-object-type
6749:9  Error: The `{}` ("empty object") type allows any non-nullish value, including literals like `0` and `""`.
- If that's what you want, disable this lint rule with an inline comment or configure the 'allowObjectTypes' rule option.
- If you want a type meaning "any object", you probably want `object` instead.
- If you want a type meaning "any value", you probably want `unknown` instead.  @typescript-eslint/no-empty-object-type
6755:84  Error: The `{}` ("empty object") type allows any non-nullish value, including literals like `0` and `""`.
- If that's what you want, disable this lint rule with an inline comment or configure the 'allowObjectTypes' rule option.
- If you want a type meaning "any object", you probably want `object` instead.
- If you want a type meaning "any value", you probably want `unknown` instead.  @typescript-eslint/no-empty-object-type
6768:148  Error: The `{}` ("empty object") type allows any non-nullish value, including literals like `0` and `""`.
- If that's what you want, disable this lint rule with an inline comment or configure the 'allowObjectTypes' rule option.
- If you want a type meaning "any object", you probably want `object` instead.
- If you want a type meaning "any value", you probably want `unknown` instead.  @typescript-eslint/no-empty-object-type
6770:71  Error: The `{}` ("empty object") type allows any non-nullish value, including literals like `0` and `""`.
- If that's what you want, disable this lint rule with an inline comment or configure the 'allowObjectTypes' rule option.
- If you want a type meaning "any object", you probably want `object` instead.
- If you want a type meaning "any value", you probably want `unknown` instead.  @typescript-eslint/no-empty-object-type
6771:55  Error: The `{}` ("empty object") type allows any non-nullish value, including literals like `0` and `""`.
- If that's what you want, disable this lint rule with an inline comment or configure the 'allowObjectTypes' rule option.
- If you want a type meaning "any object", you probably want `object` instead.
- If you want a type meaning "any value", you probably want `unknown` instead.  @typescript-eslint/no-empty-object-type
6772:47  Error: The `{}` ("empty object") type allows any non-nullish value, including literals like `0` and `""`.
- If that's what you want, disable this lint rule with an inline comment or configure the 'allowObjectTypes' rule option.
- If you want a type meaning "any object", you probably want `object` instead.
- If you want a type meaning "any value", you probably want `unknown` instead.  @typescript-eslint/no-empty-object-type
6773:67  Error: The `{}` ("empty object") type allows any non-nullish value, including literals like `0` and `""`.
- If that's what you want, disable this lint rule with an inline comment or configure the 'allowObjectTypes' rule option.
- If you want a type meaning "any object", you probably want `object` instead.
- If you want a type meaning "any value", you probably want `unknown` instead.  @typescript-eslint/no-empty-object-type
6780:148  Error: Unexpected any. Specify a different type.  @typescript-eslint/no-explicit-any
6786:51  Error: Unexpected any. Specify a different type.  @typescript-eslint/no-explicit-any
7042:38  Error: 'ExtArgs' is defined but never used.  @typescript-eslint/no-unused-vars
7102:38  Error: 'ExtArgs' is defined but never used.  @typescript-eslint/no-unused-vars
7202:38  Error: 'ExtArgs' is defined but never used.  @typescript-eslint/no-unused-vars
7365:34  Error: 'ExtArgs' is defined but never used.  @typescript-eslint/no-unused-vars
7425:32  Error: 'ExtArgs' is defined but never used.  @typescript-eslint/no-unused-vars
7520:17  Error: The `{}` ("empty object") type allows any non-nullish value, including literals like `0` and `""`.
- If that's what you want, disable this lint rule with an inline comment or configure the 'allowObjectTypes' rule option.
- If you want a type meaning "any object", you probably want `object` instead.
- If you want a type meaning "any value", you probably want `unknown` instead.  @typescript-eslint/no-empty-object-type
7525:23  Error: 'ExtArgs' is defined but never used.  @typescript-eslint/no-unused-vars
7530:122  Error: The `{}` ("empty object") type allows any non-nullish value, including literals like `0` and `""`.
- If that's what you want, disable this lint rule with an inline comment or configure the 'allowObjectTypes' rule option.
- If you want a type meaning "any object", you probably want `object` instead.
- If you want a type meaning "any value", you probably want `unknown` instead.  @typescript-eslint/no-empty-object-type
7790:41  Error: Unexpected any. Specify a different type.  @typescript-eslint/no-explicit-any
7874:13  Error: The `{}` ("empty object") type allows any non-nullish value, including literals like `0` and `""`.
- If that's what you want, disable this lint rule with an inline comment or configure the 'allowObjectTypes' rule option.
- If you want a type meaning "any object", you probably want `object` instead.
- If you want a type meaning "any value", you probably want `unknown` instead.  @typescript-eslint/no-empty-object-type
7884:13  Error: The `{}` ("empty object") type allows any non-nullish value, including literals like `0` and `""`.
- If that's what you want, disable this lint rule with an inline comment or configure the 'allowObjectTypes' rule option.
- If you want a type meaning "any object", you probably want `object` instead.
- If you want a type meaning "any value", you probably want `unknown` instead.  @typescript-eslint/no-empty-object-type
7892:9  Error: The `{}` ("empty object") type allows any non-nullish value, including literals like `0` and `""`.
- If that's what you want, disable this lint rule with an inline comment or configure the 'allowObjectTypes' rule option.
- If you want a type meaning "any object", you probably want `object` instead.
- If you want a type meaning "any value", you probably want `unknown` instead.  @typescript-eslint/no-empty-object-type
7898:81  Error: The `{}` ("empty object") type allows any non-nullish value, including literals like `0` and `""`.
- If that's what you want, disable this lint rule with an inline comment or configure the 'allowObjectTypes' rule option.
- If you want a type meaning "any object", you probably want `object` instead.
- If you want a type meaning "any value", you probably want `unknown` instead.  @typescript-eslint/no-empty-object-type
7911:145  Error: The `{}` ("empty object") type allows any non-nullish value, including literals like `0` and `""`.
- If that's what you want, disable this lint rule with an inline comment or configure the 'allowObjectTypes' rule option.
- If you want a type meaning "any object", you probably want `object` instead.
- If you want a type meaning "any value", you probably want `unknown` instead.  @typescript-eslint/no-empty-object-type
7913:55  Error: The `{}` ("empty object") type allows any non-nullish value, including literals like `0` and `""`.
- If that's what you want, disable this lint rule with an inline comment or configure the 'allowObjectTypes' rule option.
- If you want a type meaning "any object", you probably want `object` instead.
- If you want a type meaning "any value", you probably want `unknown` instead.  @typescript-eslint/no-empty-object-type
7920:148  Error: Unexpected any. Specify a different type.  @typescript-eslint/no-explicit-any
7926:51  Error: Unexpected any. Specify a different type.  @typescript-eslint/no-explicit-any
8172:35  Error: 'ExtArgs' is defined but never used.  @typescript-eslint/no-unused-vars
8232:35  Error: 'ExtArgs' is defined but never used.  @typescript-eslint/no-unused-vars
8332:35  Error: 'ExtArgs' is defined but never used.  @typescript-eslint/no-unused-vars
8423:35  Error: 'ExtArgs' is defined but never used.  @typescript-eslint/no-unused-vars
8483:33  Error: 'ExtArgs' is defined but never used.  @typescript-eslint/no-unused-vars
8578:17  Error: The `{}` ("empty object") type allows any non-nullish value, including literals like `0` and `""`.
- If that's what you want, disable this lint rule with an inline comment or configure the 'allowObjectTypes' rule option.
- If you want a type meaning "any object", you probably want `object` instead.
- If you want a type meaning "any value", you probably want `unknown` instead.  @typescript-eslint/no-empty-object-type
8583:24  Error: 'ExtArgs' is defined but never used.  @typescript-eslint/no-unused-vars
8588:123  Error: The `{}` ("empty object") type allows any non-nullish value, including literals like `0` and `""`.
- If that's what you want, disable this lint rule with an inline comment or configure the 'allowObjectTypes' rule option.
- If you want a type meaning "any object", you probably want `object` instead.
- If you want a type meaning "any value", you probably want `unknown` instead.  @typescript-eslint/no-empty-object-type
8848:41  Error: Unexpected any. Specify a different type.  @typescript-eslint/no-explicit-any
8932:13  Error: The `{}` ("empty object") type allows any non-nullish value, including literals like `0` and `""`.
- If that's what you want, disable this lint rule with an inline comment or configure the 'allowObjectTypes' rule option.
- If you want a type meaning "any object", you probably want `object` instead.
- If you want a type meaning "any value", you probably want `unknown` instead.  @typescript-eslint/no-empty-object-type
8942:13  Error: The `{}` ("empty object") type allows any non-nullish value, including literals like `0` and `""`.
- If that's what you want, disable this lint rule with an inline comment or configure the 'allowObjectTypes' rule option.
- If you want a type meaning "any object", you probably want `object` instead.
- If you want a type meaning "any value", you probably want `unknown` instead.  @typescript-eslint/no-empty-object-type
8950:9  Error: The `{}` ("empty object") type allows any non-nullish value, including literals like `0` and `""`.
- If that's what you want, disable this lint rule with an inline comment or configure the 'allowObjectTypes' rule option.
- If you want a type meaning "any object", you probably want `object` instead.
- If you want a type meaning "any value", you probably want `unknown` instead.  @typescript-eslint/no-empty-object-type
8956:82  Error: The `{}` ("empty object") type allows any non-nullish value, including literals like `0` and `""`.
- If that's what you want, disable this lint rule with an inline comment or configure the 'allowObjectTypes' rule option.
- If you want a type meaning "any object", you probably want `object` instead.
- If you want a type meaning "any value", you probably want `unknown` instead.  @typescript-eslint/no-empty-object-type
8969:146  Error: The `{}` ("empty object") type allows any non-nullish value, including literals like `0` and `""`.
- If that's what you want, disable this lint rule with an inline comment or configure the 'allowObjectTypes' rule option.
- If you want a type meaning "any object", you probably want `object` instead.
- If you want a type meaning "any value", you probably want `unknown` instead.  @typescript-eslint/no-empty-object-type
8971:55  Error: The `{}` ("empty object") type allows any non-nullish value, including literals like `0` and `""`.
- If that's what you want, disable this lint rule with an inline comment or configure the 'allowObjectTypes' rule option.
- If you want a type meaning "any object", you probably want `object` instead.
- If you want a type meaning "any value", you probably want `unknown` instead.  @typescript-eslint/no-empty-object-type
8978:148  Error: Unexpected any. Specify a different type.  @typescript-eslint/no-explicit-any
8984:51  Error: Unexpected any. Specify a different type.  @typescript-eslint/no-explicit-any
9230:36  Error: 'ExtArgs' is defined but never used.  @typescript-eslint/no-unused-vars
9290:36  Error: 'ExtArgs' is defined but never used.  @typescript-eslint/no-unused-vars
9390:36  Error: 'ExtArgs' is defined but never used.  @typescript-eslint/no-unused-vars
9511:41  Error: 'ExtArgs' is defined but never used.  @typescript-eslint/no-unused-vars
9583:39  Error: 'ExtArgs' is defined but never used.  @typescript-eslint/no-unused-vars
9701:17  Error: The `{}` ("empty object") type allows any non-nullish value, including literals like `0` and `""`.
- If that's what you want, disable this lint rule with an inline comment or configure the 'allowObjectTypes' rule option.
- If you want a type meaning "any object", you probably want `object` instead.
- If you want a type meaning "any value", you probably want `unknown` instead.  @typescript-eslint/no-empty-object-type
9706:30  Error: 'ExtArgs' is defined but never used.  @typescript-eslint/no-unused-vars
9711:129  Error: The `{}` ("empty object") type allows any non-nullish value, including literals like `0` and `""`.
- If that's what you want, disable this lint rule with an inline comment or configure the 'allowObjectTypes' rule option.
- If you want a type meaning "any object", you probably want `object` instead.
- If you want a type meaning "any value", you probably want `unknown` instead.  @typescript-eslint/no-empty-object-type
9971:41  Error: Unexpected any. Specify a different type.  @typescript-eslint/no-explicit-any
10055:13  Error: The `{}` ("empty object") type allows any non-nullish value, including literals like `0` and `""`.
- If that's what you want, disable this lint rule with an inline comment or configure the 'allowObjectTypes' rule option.
- If you want a type meaning "any object", you probably want `object` instead.
- If you want a type meaning "any value", you probably want `unknown` instead.  @typescript-eslint/no-empty-object-type
10065:13  Error: The `{}` ("empty object") type allows any non-nullish value, including literals like `0` and `""`.
- If that's what you want, disable this lint rule with an inline comment or configure the 'allowObjectTypes' rule option.
- If you want a type meaning "any object", you probably want `object` instead.
- If you want a type meaning "any value", you probably want `unknown` instead.  @typescript-eslint/no-empty-object-type
10073:9  Error: The `{}` ("empty object") type allows any non-nullish value, including literals like `0` and `""`.
- If that's what you want, disable this lint rule with an inline comment or configure the 'allowObjectTypes' rule option.
- If you want a type meaning "any object", you probably want `object` instead.
- If you want a type meaning "any value", you probably want `unknown` instead.  @typescript-eslint/no-empty-object-type
10079:88  Error: The `{}` ("empty object") type allows any non-nullish value, including literals like `0` and `""`.
- If that's what you want, disable this lint rule with an inline comment or configure the 'allowObjectTypes' rule option.
- If you want a type meaning "any object", you probably want `object` instead.
- If you want a type meaning "any value", you probably want `unknown` instead.  @typescript-eslint/no-empty-object-type
10092:152  Error: The `{}` ("empty object") type allows any non-nullish value, including literals like `0` and `""`.
- If that's what you want, disable this lint rule with an inline comment or configure the 'allowObjectTypes' rule option.
- If you want a type meaning "any object", you probably want `object` instead.
- If you want a type meaning "any value", you probably want `unknown` instead.  @typescript-eslint/no-empty-object-type
10094:47  Error: The `{}` ("empty object") type allows any non-nullish value, including literals like `0` and `""`.
- If that's what you want, disable this lint rule with an inline comment or configure the 'allowObjectTypes' rule option.
- If you want a type meaning "any object", you probably want `object` instead.
- If you want a type meaning "any value", you probably want `unknown` instead.  @typescript-eslint/no-empty-object-type
10095:55  Error: The `{}` ("empty object") type allows any non-nullish value, including literals like `0` and `""`.
- If that's what you want, disable this lint rule with an inline comment or configure the 'allowObjectTypes' rule option.
- If you want a type meaning "any object", you probably want `object` instead.
- If you want a type meaning "any value", you probably want `unknown` instead.  @typescript-eslint/no-empty-object-type
10102:148  Error: Unexpected any. Specify a different type.  @typescript-eslint/no-explicit-any
10108:51  Error: Unexpected any. Specify a different type.  @typescript-eslint/no-explicit-any
10356:42  Error: 'ExtArgs' is defined but never used.  @typescript-eslint/no-unused-vars
10416:42  Error: 'ExtArgs' is defined but never used.  @typescript-eslint/no-unused-vars
10516:42  Error: 'ExtArgs' is defined but never used.  @typescript-eslint/no-unused-vars

./src/generated/prisma/index.js
15:3  Error: 'skip' is assigned a value but never used.  @typescript-eslint/no-unused-vars
17:3  Error: 'Debug' is assigned a value but never used.  @typescript-eslint/no-unused-vars
21:3  Error: 'warnOnce' is assigned a value but never used.  @typescript-eslint/no-unused-vars
24:3  Error: 'getRuntime' is assigned a value but never used.  @typescript-eslint/no-unused-vars
25:3  Error: 'createParam' is assigned a value but never used.  @typescript-eslint/no-unused-vars
26:5  Error: A `require()` style import is forbidden.  @typescript-eslint/no-require-imports
81:16  Error: A `require()` style import is forbidden.  @typescript-eslint/no-require-imports
254:12  Error: A `require()` style import is forbidden.  @typescript-eslint/no-require-imports
277:30  Error: A `require()` style import is forbidden.  @typescript-eslint/no-require-imports

./src/generated/prisma/runtime/edge-esm.js
1:428  Error: Expected an assignment or function call and instead saw an expression.  @typescript-eslint/no-unused-expressions
1:778  Error: 'b' is assigned a value but never used.  @typescript-eslint/no-unused-vars
1:1104  Error: Expected an assignment or function call and instead saw an expression.  @typescript-eslint/no-unused-expressions
1:1304  Error: Expected an assignment or function call and instead saw an expression.  @typescript-eslint/no-unused-expressions
1:1343  Error: Expected an assignment or function call and instead saw an expression.  @typescript-eslint/no-unused-expressions
1:1486  Error: Expected an assignment or function call and instead saw an expression.  @typescript-eslint/no-unused-expressions
1:1721  Error: Expected an assignment or function call and instead saw an expression.  @typescript-eslint/no-unused-expressions
1:2162  Error: Expected an assignment or function call and instead saw an expression.  @typescript-eslint/no-unused-expressions
1:2503  Error: Expected an assignment or function call and instead saw an expression.  @typescript-eslint/no-unused-expressions
1:2781  Error: Expected an assignment or function call and instead saw an expression.  @typescript-eslint/no-unused-expressions
1:3617  Error: Expected an assignment or function call and instead saw an expression.  @typescript-eslint/no-unused-expressions
1:7737  Error: Expected an assignment or function call and instead saw an expression.  @typescript-eslint/no-unused-expressions
1:8290  Error: Expected an assignment or function call and instead saw an expression.  @typescript-eslint/no-unused-expressions
1:9125  Error: Expected an assignment or function call and instead saw an expression.  @typescript-eslint/no-unused-expressions
1:9667  Error: Expected an assignment or function call and instead saw an expression.  @typescript-eslint/no-unused-expressions
1:9751  Error: Expected an assignment or function call and instead saw an expression.  @typescript-eslint/no-unused-expressions
1:10088  Error: Expected an assignment or function call and instead saw an expression.  @typescript-eslint/no-unused-expressions
1:10279  Error: Expected an assignment or function call and instead saw an expression.  @typescript-eslint/no-unused-expressions
1:10847  Error: Expected an assignment or function call and instead saw an expression.  @typescript-eslint/no-unused-expressions
1:11494  Error: Expected an assignment or function call and instead saw an expression.  @typescript-eslint/no-unused-expressions
1:12326  Error: Expected an assignment or function call and instead saw an expression.  @typescript-eslint/no-unused-expressions
1:12510  Error: Expected an assignment or function call and instead saw an expression.  @typescript-eslint/no-unused-expressions
1:12906  Error: Expected an assignment or function call and instead saw an expression.  @typescript-eslint/no-unused-expressions
1:12952  Error: Expected an assignment or function call and instead saw an expression.  @typescript-eslint/no-unused-expressions
1:13309  Error: Expected an assignment or function call and instead saw an expression.  @typescript-eslint/no-unused-expressions
1:13375  Error: Expected an assignment or function call and instead saw an expression.  @typescript-eslint/no-unused-expressions
1:13417  Error: Expected an assignment or function call and instead saw an expression.  @typescript-eslint/no-unused-expressions
1:13730  Error: Expected an assignment or function call and instead saw an expression.  @typescript-eslint/no-unused-expressions
1:14073  Error: Expected an assignment or function call and instead saw an expression.  @typescript-eslint/no-unused-expressions
1:14456  Error: Expected an assignment or function call and instead saw an expression.  @typescript-eslint/no-unused-expressions
1:14482  Error: Expected an assignment or function call and instead saw an expression.  @typescript-eslint/no-unused-expressions
1:14551  Error: Expected an assignment or function call and instead saw an expression.  @typescript-eslint/no-unused-expressions
1:14676  Error: Expected an assignment or function call and instead saw an expression.  @typescript-eslint/no-unused-expressions
1:14816  Error: Expected an assignment or function call and instead saw an expression.  @typescript-eslint/no-unused-expressions
1:15364  Error: Expected an assignment or function call and instead saw an expression.  @typescript-eslint/no-unused-expressions
1:15625  Error: Expected an assignment or function call and instead saw an expression.  @typescript-eslint/no-unused-expressions
1:16009  Error: Expected an assignment or function call and instead saw an expression.  @typescript-eslint/no-unused-expressions
1:16178  Error: Expected an assignment or function call and instead saw an expression.  @typescript-eslint/no-unused-expressions
1:16994  Error: Expected an assignment or function call and instead saw an expression.  @typescript-eslint/no-unused-expressions
1:17043  Error: Expected an assignment or function call and instead saw an expression.  @typescript-eslint/no-unused-expressions
1:17281  Error: Expected an assignment or function call and instead saw an expression.  @typescript-eslint/no-unused-expressions
1:17330  Error: Expected an assignment or function call and instead saw an expression.  @typescript-eslint/no-unused-expressions
1:17562  Error: Expected an assignment or function call and instead saw an expression.  @typescript-eslint/no-unused-expressions
1:17741  Error: Expected an assignment or function call and instead saw an expression.  @typescript-eslint/no-unused-expressions
1:18036  Error: Expected an assignment or function call and instead saw an expression.  @typescript-eslint/no-unused-expressions
1:18162  Error: Expected an assignment or function call and instead saw an expression.  @typescript-eslint/no-unused-expressions
1:18542  Error: Expected an assignment or function call and instead saw an expression.  @typescript-eslint/no-unused-expressions
1:18591  Error: Expected an assignment or function call and instead saw an expression.  @typescript-eslint/no-unused-expressions
1:18823  Error: Expected an assignment or function call and instead saw an expression.  @typescript-eslint/no-unused-expressions
1:18872  Error: Expected an assignment or function call and instead saw an expression.  @typescript-eslint/no-unused-expressions
1:21009  Error: Expected an assignment or function call and instead saw an expression.  @typescript-eslint/no-unused-expressions
1:21253  Error: Expected an assignment or function call and instead saw an expression.  @typescript-eslint/no-unused-expressions
1:21799  Error: Expected an assignment or function call and instead saw an expression.  @typescript-eslint/no-unused-expressions
1:22034  Error: Expected an assignment or function call and instead saw an expression.  @typescript-eslint/no-unused-expressions
1:23123  Error: 'i' is defined but never used.  @typescript-eslint/no-unused-vars
1:23125  Error: 'o' is defined but never used.  @typescript-eslint/no-unused-vars
1:24183  Error: Expected an assignment or function call and instead saw an expression.  @typescript-eslint/no-unused-expressions
1:24752  Error: Expected an assignment or function call and instead saw an expression.  @typescript-eslint/no-unused-expressions
1:24799  Error: Expected an assignment or function call and instead saw an expression.  @typescript-eslint/no-unused-expressions
1:24961  Error: Expected an assignment or function call and instead saw an expression.  @typescript-eslint/no-unused-expressions
1:25308  Error: Expected an assignment or function call and instead saw an expression.  @typescript-eslint/no-unused-expressions
1:26379  Error: Expected an assignment or function call and instead saw an expression.  @typescript-eslint/no-unused-expressions
1:27312  Error: Expected an assignment or function call and instead saw an expression.  @typescript-eslint/no-unused-expressions
1:27369  Error: Expected an assignment or function call and instead saw an expression.  @typescript-eslint/no-unused-expressions
1:27434  Error: Expected an assignment or function call and instead saw an expression.  @typescript-eslint/no-unused-expressions
1:27513  Error: Expected an assignment or function call and instead saw an expression.  @typescript-eslint/no-unused-expressions
1:28027  Error: Expected an assignment or function call and instead saw an expression.  @typescript-eslint/no-unused-expressions
1:29160  Error: Expected an assignment or function call and instead saw an expression.  @typescript-eslint/no-unused-expressions
1:29708  Error: Expected an assignment or function call and instead saw an expression.  @typescript-eslint/no-unused-expressions
1:33450  Error: Expected an assignment or function call and instead saw an expression.  @typescript-eslint/no-unused-expressions
1:33532  Error: Expected an assignment or function call and instead saw an expression.  @typescript-eslint/no-unused-expressions
1:33682  Error: Expected an assignment or function call and instead saw an expression.  @typescript-eslint/no-unused-expressions
1:33876  Error: Expected an assignment or function call and instead saw an expression.  @typescript-eslint/no-unused-expressions
1:34033  Error: Expected an assignment or function call and instead saw an expression.  @typescript-eslint/no-unused-expressions
1:35267  Error: 'e' is defined but never used.  @typescript-eslint/no-unused-vars
1:35364  Error: Expected an assignment or function call and instead saw an expression.  @typescript-eslint/no-unused-expressions
1:35729  Error: 'um' is assigned a value but never used.  @typescript-eslint/no-unused-vars
1:35761  Error: 'cm' is assigned a value but never used.  @typescript-eslint/no-unused-vars
1:35783  Error: 'pm' is assigned a value but never used.  @typescript-eslint/no-unused-vars
1:35794  Error: 'mm' is assigned a value but never used.  @typescript-eslint/no-unused-vars
1:35805  Error: 'dm' is assigned a value but never used.  @typescript-eslint/no-unused-vars
1:35816  Error: 'fm' is assigned a value but never used.  @typescript-eslint/no-unused-vars
1:35876  Error: 'gm' is assigned a value but never used.  @typescript-eslint/no-unused-vars
1:35900  Error: 'hm' is assigned a value but never used.  @typescript-eslint/no-unused-vars
1:35924  Error: 'ym' is assigned a value but never used.  @typescript-eslint/no-unused-vars
1:35936  Error: 'wm' is assigned a value but never used.  @typescript-eslint/no-unused-vars
1:35948  Error: 'Em' is assigned a value but never used.  @typescript-eslint/no-unused-vars
1:35960  Error: 'bm' is assigned a value but never used.  @typescript-eslint/no-unused-vars
1:35972  Error: 'xm' is assigned a value but never used.  @typescript-eslint/no-unused-vars
1:35984  Error: 'Pm' is assigned a value but never used.  @typescript-eslint/no-unused-vars
1:35996  Error: 'vm' is assigned a value but never used.  @typescript-eslint/no-unused-vars
1:36008  Error: 'Tm' is assigned a value but never used.  @typescript-eslint/no-unused-vars
1:36020  Error: 'Cm' is assigned a value but never used.  @typescript-eslint/no-unused-vars
1:36285  Error: Expected an assignment or function call and instead saw an expression.  @typescript-eslint/no-unused-expressions
1:36906  Error: 's' is assigned a value but never used.  @typescript-eslint/no-unused-vars
1:37062  Error: Expected an assignment or function call and instead saw an expression.  @typescript-eslint/no-unused-expressions
1:38277  Error: Expected an assignment or function call and instead saw an expression.  @typescript-eslint/no-unused-expressions
1:38836  Error: Expected an assignment or function call and instead saw an expression.  @typescript-eslint/no-unused-expressions
1:39012  Error: Expected an assignment or function call and instead saw an expression.  @typescript-eslint/no-unused-expressions
1:39128  Error: Expected an assignment or function call and instead saw an expression.  @typescript-eslint/no-unused-expressions
1:39505  Error: Expected an assignment or function call and instead saw an expression.  @typescript-eslint/no-unused-expressions
1:39865  Error: Expected an assignment or function call and instead saw an expression.  @typescript-eslint/no-unused-expressions
1:40160  Error: Expected an assignment or function call and instead saw an expression.  @typescript-eslint/no-unused-expressions
1:40552  Error: Expected an assignment or function call and instead saw an expression.  @typescript-eslint/no-unused-expressions
1:43560  Error: Unexpected aliasing of 'this' to local variable.  @typescript-eslint/no-this-alias
1:43756  Error: Unexpected aliasing of 'this' to local variable.  @typescript-eslint/no-this-alias
1:44112  Error: Unexpected aliasing of 'this' to local variable.  @typescript-eslint/no-this-alias
1:44382  Error: Unexpected aliasing of 'this' to local variable.  @typescript-eslint/no-this-alias
1:44967  Error: Expected an assignment or function call and instead saw an expression.  @typescript-eslint/no-unused-expressions
1:44981  Error: Expected an assignment or function call and instead saw an expression.  @typescript-eslint/no-unused-expressions
1:45228  Error: Expected an assignment or function call and instead saw an expression.  @typescript-eslint/no-unused-expressions
1:45367  Error: Unexpected aliasing of 'this' to local variable.  @typescript-eslint/no-this-alias
1:45745  Error: Unexpected aliasing of 'this' to local variable.  @typescript-eslint/no-this-alias
1:45845  Error: Expected an assignment or function call and instead saw an expression.  @typescript-eslint/no-unused-expressions
1:46087  Error: Expected an assignment or function call and instead saw an expression.  @typescript-eslint/no-unused-expressions
1:46230  Error: Unexpected aliasing of 'this' to local variable.  @typescript-eslint/no-this-alias
1:46417  Error: Expected an assignment or function call and instead saw an expression.  @typescript-eslint/no-unused-expressions
1:46538  Error: Expected an assignment or function call and instead saw an expression.  @typescript-eslint/no-unused-expressions
1:46691  Error: Unexpected aliasing of 'this' to local variable.  @typescript-eslint/no-this-alias
1:46910  Error: Unexpected aliasing of 'this' to local variable.  @typescript-eslint/no-this-alias
1:47242  Error: Unexpected aliasing of 'this' to local variable.  @typescript-eslint/no-this-alias
1:47546  Error: Unexpected aliasing of 'this' to local variable.  @typescript-eslint/no-this-alias
1:47840  Error: Unexpected aliasing of 'this' to local variable.  @typescript-eslint/no-this-alias
1:48208  Error: Unexpected aliasing of 'this' to local variable.  @typescript-eslint/no-this-alias
1:48549  Error: Unexpected aliasing of 'this' to local variable.  @typescript-eslint/no-this-alias
1:49624  Error: Unexpected aliasing of 'this' to local variable.  @typescript-eslint/no-this-alias
1:49689  Error: Expected an assignment or function call and instead saw an expression.  @typescript-eslint/no-unused-expressions
1:50068  Error: Expected an assignment or function call and instead saw an expression.  @typescript-eslint/no-unused-expressions
1:50221  Error: Unexpected aliasing of 'this' to local variable.  @typescript-eslint/no-this-alias
1:50962  Error: Expected an assignment or function call and instead saw an expression.  @typescript-eslint/no-unused-expressions
1:51139  Error: Unexpected aliasing of 'this' to local variable.  @typescript-eslint/no-this-alias
1:51611  Error: Unexpected aliasing of 'this' to local variable.  @typescript-eslint/no-this-alias
1:52108  Error: Expected an assignment or function call and instead saw an expression.  @typescript-eslint/no-unused-expressions
1:52275  Error: Unexpected aliasing of 'this' to local variable.  @typescript-eslint/no-this-alias
1:52414  Error: Unexpected aliasing of 'this' to local variable.  @typescript-eslint/no-this-alias
1:52506  Error: Unexpected aliasing of 'this' to local variable.  @typescript-eslint/no-this-alias
1:52775  Error: Unexpected aliasing of 'this' to local variable.  @typescript-eslint/no-this-alias
1:53299  Error: Expected an assignment or function call and instead saw an expression.  @typescript-eslint/no-unused-expressions
1:53313  Error: Expected an assignment or function call and instead saw an expression.  @typescript-eslint/no-unused-expressions
1:53459  Error: Unexpected aliasing of 'this' to local variable.  @typescript-eslint/no-this-alias
1:53765  Error: Unexpected aliasing of 'this' to local variable.  @typescript-eslint/no-this-alias
1:54057  Error: Expected an assignment or function call and instead saw an expression.  @typescript-eslint/no-unused-expressions
1:54309  Error: Unexpected aliasing of 'this' to local variable.  @typescript-eslint/no-this-alias
1:54462  Error: Unexpected aliasing of 'this' to local variable.  @typescript-eslint/no-this-alias
1:54660  Error: Unexpected aliasing of 'this' to local variable.  @typescript-eslint/no-this-alias
1:54884  Error: Unexpected aliasing of 'this' to local variable.  @typescript-eslint/no-this-alias
1:55230  Error: Expected an assignment or function call and instead saw an expression.  @typescript-eslint/no-unused-expressions
1:55569  Error: Unexpected aliasing of 'this' to local variable.  @typescript-eslint/no-this-alias
1:55632  Error: Expected an assignment or function call and instead saw an expression.  @typescript-eslint/no-unused-expressions
1:55959  Error: Unexpected aliasing of 'this' to local variable.  @typescript-eslint/no-this-alias
1:56770  Error: Unexpected aliasing of 'this' to local variable.  @typescript-eslint/no-this-alias
1:57030  Error: Unexpected aliasing of 'this' to local variable.  @typescript-eslint/no-this-alias
1:57190  Error: Unexpected aliasing of 'this' to local variable.  @typescript-eslint/no-this-alias
1:57407  Error: Unexpected aliasing of 'this' to local variable.  @typescript-eslint/no-this-alias
1:57575  Error: Expected an assignment or function call and instead saw an expression.  @typescript-eslint/no-unused-expressions
1:57617  Error: Expected an assignment or function call and instead saw an expression.  @typescript-eslint/no-unused-expressions
1:58401  Error: Expected an assignment or function call and instead saw an expression.  @typescript-eslint/no-unused-expressions
1:58535  Error: Expected an assignment or function call and instead saw an expression.  @typescript-eslint/no-unused-expressions
1:58857  Error: Expected an assignment or function call and instead saw an expression.  @typescript-eslint/no-unused-expressions
1:59066  Error: Expected an assignment or function call and instead saw an expression.  @typescript-eslint/no-unused-expressions
1:59584  Error: Expected an assignment or function call and instead saw an expression.  @typescript-eslint/no-unused-expressions
1:59666  Error: Expected an assignment or function call and instead saw an expression.  @typescript-eslint/no-unused-expressions
1:59839  Error: Expected an assignment or function call and instead saw an expression.  @typescript-eslint/no-unused-expressions
1:59893  Error: Expected an assignment or function call and instead saw an expression.  @typescript-eslint/no-unused-expressions
1:60323  Error: Expected an assignment or function call and instead saw an expression.  @typescript-eslint/no-unused-expressions
1:60347  Error: Expected an assignment or function call and instead saw an expression.  @typescript-eslint/no-unused-expressions
1:60394  Error: Expected an assignment or function call and instead saw an expression.  @typescript-eslint/no-unused-expressions
1:60577  Error: Expected an assignment or function call and instead saw an expression.  @typescript-eslint/no-unused-expressions
1:60690  Error: Expected an assignment or function call and instead saw an expression.  @typescript-eslint/no-unused-expressions
1:60764  Error: Expected an assignment or function call and instead saw an expression.  @typescript-eslint/no-unused-expressions
1:61235  Error: Expected an assignment or function call and instead saw an expression.  @typescript-eslint/no-unused-expressions
1:61305  Error: Expected an assignment or function call and instead saw an expression.  @typescript-eslint/no-unused-expressions
1:62330  Error: Expected an assignment or function call and instead saw an expression.  @typescript-eslint/no-unused-expressions
1:62375  Error: Expected an assignment or function call and instead saw an expression.  @typescript-eslint/no-unused-expressions
1:62551  Error: Expected an assignment or function call and instead saw an expression.  @typescript-eslint/no-unused-expressions
1:62825  Error: Expected an assignment or function call and instead saw an expression.  @typescript-eslint/no-unused-expressions
1:63085  Error: Expected an assignment or function call and instead saw an expression.  @typescript-eslint/no-unused-expressions
1:63519  Error: Expected an assignment or function call and instead saw an expression.  @typescript-eslint/no-unused-expressions
1:63559  Error: Expected an assignment or function call and instead saw an expression.  @typescript-eslint/no-unused-expressions
1:63999  Error: Expected an assignment or function call and instead saw an expression.  @typescript-eslint/no-unused-expressions
1:64142  Error: Expected an assignment or function call and instead saw an expression.  @typescript-eslint/no-unused-expressions
1:64572  Error: Expected an assignment or function call and instead saw an expression.  @typescript-eslint/no-unused-expressions
1:64625  Error: Expected an assignment or function call and instead saw an expression.  @typescript-eslint/no-unused-expressions
1:64730  Error: Expected an assignment or function call and instead saw an expression.  @typescript-eslint/no-unused-expressions
1:64963  Error: Expected an assignment or function call and instead saw an expression.  @typescript-eslint/no-unused-expressions
1:65485  Error: Expected an assignment or function call and instead saw an expression.  @typescript-eslint/no-unused-expressions
1:65603  Error: Expected an assignment or function call and instead saw an expression.  @typescript-eslint/no-unused-expressions
1:65952  Error: Expected an assignment or function call and instead saw an expression.  @typescript-eslint/no-unused-expressions
1:65968  Error: 'f' is assigned a value but never used.  @typescript-eslint/no-unused-vars
1:66963  Error: Expected an assignment or function call and instead saw an expression.  @typescript-eslint/no-unused-expressions
1:67341  Error: Expected an assignment or function call and instead saw an expression.  @typescript-eslint/no-unused-expressions
1:67841  Error: Expected an assignment or function call and instead saw an expression.  @typescript-eslint/no-unused-expressions
1:69159  Error: Unexpected aliasing of 'this' to local variable.  @typescript-eslint/no-this-alias
1:69229  Error: Expected an assignment or function call and instead saw an expression.  @typescript-eslint/no-unused-expressions
1:69407  Error: Expected an assignment or function call and instead saw an expression.  @typescript-eslint/no-unused-expressions
1:69514  Error: Expected an assignment or function call and instead saw an expression.  @typescript-eslint/no-unused-expressions
1:69620  Error: Expected an assignment or function call and instead saw an expression.  @typescript-eslint/no-unused-expressions
1:70638  Error: Expected an assignment or function call and instead saw an expression.  @typescript-eslint/no-unused-expressions
1:70935  Error: Expected an assignment or function call and instead saw an expression.  @typescript-eslint/no-unused-expressions
1:71671  Error: Expected an assignment or function call and instead saw an expression.  @typescript-eslint/no-unused-expressions
1:71815  Error: Expected an assignment or function call and instead saw an expression.  @typescript-eslint/no-unused-expressions
1:72078  Error: Expected an assignment or function call and instead saw an expression.  @typescript-eslint/no-unused-expressions
1:72157  Error: Expected an assignment or function call and instead saw an expression.  @typescript-eslint/no-unused-expressions
1:75194  Error: 'gu' is assigned a value but never used.  @typescript-eslint/no-unused-vars
1:75942  Error: Expected an assignment or function call and instead saw an expression.  @typescript-eslint/no-unused-expressions
1:76014  Error: Expected an assignment or function call and instead saw an expression.  @typescript-eslint/no-unused-expressions
2:379  Error: Expected an assignment or function call and instead saw an expression.  @typescript-eslint/no-unused-expressions
2:680  Error: Expected an assignment or function call and instead saw an expression.  @typescript-eslint/no-unused-expressions
2:1463  Error: Expected an assignment or function call and instead saw an expression.  @typescript-eslint/no-unused-expressions
2:2020  Error: Expected an assignment or function call and instead saw an expression.  @typescript-eslint/no-unused-expressions
2:2120  Error: Expected an assignment or function call and instead saw an expression.  @typescript-eslint/no-unused-expressions
3:743  Error: Expected an assignment or function call and instead saw an expression.  @typescript-eslint/no-unused-expressions
3:1332  Error: Expected an assignment or function call and instead saw an expression.  @typescript-eslint/no-unused-expressions
3:1445  Error: Expected an assignment or function call and instead saw an expression.  @typescript-eslint/no-unused-expressions
3:2358  Error: Unexpected aliasing of 'this' to local variable.  @typescript-eslint/no-this-alias
3:3260  Error: Expected an assignment or function call and instead saw an expression.  @typescript-eslint/no-unused-expressions
3:3354  Error: Expected an assignment or function call and instead saw an expression.  @typescript-eslint/no-unused-expressions
3:3719  Error: Expected an assignment or function call and instead saw an expression.  @typescript-eslint/no-unused-expressions
3:4868  Error: Expected an assignment or function call and instead saw an expression.  @typescript-eslint/no-unused-expressions
3:5294  Error: Expected an assignment or function call and instead saw an expression.  @typescript-eslint/no-unused-expressions
4:807  Error: Expected an assignment or function call and instead saw an expression.  @typescript-eslint/no-unused-expressions
4:1129  Error: Expected an assignment or function call and instead saw an expression.  @typescript-eslint/no-unused-expressions
4:1412  Error: Expected an assignment or function call and instead saw an expression.  @typescript-eslint/no-unused-expressions
4:2157  Error: Expected an assignment or function call and instead saw an expression.  @typescript-eslint/no-unused-expressions
4:2426  Error: Expected an assignment or function call and instead saw an expression.  @typescript-eslint/no-unused-expressions
4:2741  Error: Expected an assignment or function call and instead saw an expression.  @typescript-eslint/no-unused-expressions
4:3829  Error: Expected an assignment or function call and instead saw an expression.  @typescript-eslint/no-unused-expressions
4:4178  Error: Expected an assignment or function call and instead saw an expression.  @typescript-eslint/no-unused-expressions
4:4666  Error: Expected an assignment or function call and instead saw an expression.  @typescript-eslint/no-unused-expressions
4:5060  Error: Expected an assignment or function call and instead saw an expression.  @typescript-eslint/no-unused-expressions
4:5714  Error: Expected an assignment or function call and instead saw an expression.  @typescript-eslint/no-unused-expressions
4:6348  Error: Expected an assignment or function call and instead saw an expression.  @typescript-eslint/no-unused-expressions
4:6446  Error: Expected an assignment or function call and instead saw an expression.  @typescript-eslint/no-unused-expressions
4:6559  Error: Expected an assignment or function call and instead saw an expression.  @typescript-eslint/no-unused-expressions
4:6666  Error: Expected an assignment or function call and instead saw an expression.  @typescript-eslint/no-unused-expressions
4:7322  Error: Expected an assignment or function call and instead saw an expression.  @typescript-eslint/no-unused-expressions
4:7791  Error: Expected an assignment or function call and instead saw an expression.  @typescript-eslint/no-unused-expressions
4:7935  Error: Expected an assignment or function call and instead saw an expression.  @typescript-eslint/no-unused-expressions
4:8262  Error: Expected an assignment or function call and instead saw an expression.  @typescript-eslint/no-unused-expressions
4:9109  Error: Expected an assignment or function call and instead saw an expression.  @typescript-eslint/no-unused-expressions
5:7030  Error: Expected an assignment or function call and instead saw an expression.  @typescript-eslint/no-unused-expressions
5:7295  Error: Expected an assignment or function call and instead saw an expression.  @typescript-eslint/no-unused-expressions
5:8841  Error: Expected an assignment or function call and instead saw an expression.  @typescript-eslint/no-unused-expressions
5:9767  Error: Expected an assignment or function call and instead saw an expression.  @typescript-eslint/no-unused-expressions
5:9979  Error: Expected an assignment or function call and instead saw an expression.  @typescript-eslint/no-unused-expressions
5:12843  Error: Expected an assignment or function call and instead saw an expression.  @typescript-eslint/no-unused-expressions
5:13422  Error: Expected an assignment or function call and instead saw an expression.  @typescript-eslint/no-unused-expressions
5:13627  Error: Expected an assignment or function call and instead saw an expression.  @typescript-eslint/no-unused-expressions
5:13711  Error: Expected an assignment or function call and instead saw an expression.  @typescript-eslint/no-unused-expressions
6:1258  Error: Expected an assignment or function call and instead saw an expression.  @typescript-eslint/no-unused-expressions
6:1300  Error: Expected an assignment or function call and instead saw an expression.  @typescript-eslint/no-unused-expressions
6:5035  Error: Expected an assignment or function call and instead saw an expression.  @typescript-eslint/no-unused-expressions
6:5126  Error: Expected an assignment or function call and instead saw an expression.  @typescript-eslint/no-unused-expressions
6:5152  Error: Expected an assignment or function call and instead saw an expression.  @typescript-eslint/no-unused-expressions
6:7236  Error: Expected an assignment or function call and instead saw an expression.  @typescript-eslint/no-unused-expressions
11:376  Error: Expected an assignment or function call and instead saw an expression.  @typescript-eslint/no-unused-expressions
11:537  Error: Expected an assignment or function call and instead saw an expression.  @typescript-eslint/no-unused-expressions
11:1214  Error: Expected an assignment or function call and instead saw an expression.  @typescript-eslint/no-unused-expressions
11:1704  Error: Expected an assignment or function call and instead saw an expression.  @typescript-eslint/no-unused-expressions
11:1877  Error: Expected an assignment or function call and instead saw an expression.  @typescript-eslint/no-unused-expressions
11:2086  Error: Expected an assignment or function call and instead saw an expression.  @typescript-eslint/no-unused-expressions
11:3205  Error: Expected an assignment or function call and instead saw an expression.  @typescript-eslint/no-unused-expressions
11:6462  Error: Expected an assignment or function call and instead saw an expression.  @typescript-eslint/no-unused-expressions
12:1621  Error: Expected an assignment or function call and instead saw an expression.  @typescript-eslint/no-unused-expressions
12:1842  Error: Expected an assignment or function call and instead saw an expression.  @typescript-eslint/no-unused-expressions
12:2427  Error: Expected an assignment or function call and instead saw an expression.  @typescript-eslint/no-unused-expressions
12:2833  Error: Expected an assignment or function call and instead saw an expression.  @typescript-eslint/no-unused-expressions
12:2951  Error: Expected an assignment or function call and instead saw an expression.  @typescript-eslint/no-unused-expressions
12:3268  Error: Expected an assignment or function call and instead saw an expression.  @typescript-eslint/no-unused-expressions
12:3702  Error: Expected an assignment or function call and instead saw an expression.  @typescript-eslint/no-unused-expressions
12:4259  Error: Expected an assignment or function call and instead saw an expression.  @typescript-eslint/no-unused-expressions
12:5540  Error: Expected an assignment or function call and instead saw an expression.  @typescript-eslint/no-unused-expressions
12:6405  Error: Expected an assignment or function call and instead saw an expression.  @typescript-eslint/no-unused-expressions
12:6783  Error: Expected an assignment or function call and instead saw an expression.  @typescript-eslint/no-unused-expressions
12:8817  Error: Expected an assignment or function call and instead saw an expression.  @typescript-eslint/no-unused-expressions
12:8992  Error: 'a' is assigned a value but never used.  @typescript-eslint/no-unused-vars
12:9008  Error: 'l' is assigned a value but never used.  @typescript-eslint/no-unused-vars
12:9023  Error: 'f' is assigned a value but never used.  @typescript-eslint/no-unused-vars
20:72  Error: Expected an assignment or function call and instead saw an expression.  @typescript-eslint/no-unused-expressions
20:171  Error: Expected an assignment or function call and instead saw an expression.  @typescript-eslint/no-unused-expressions
20:264  Error: Expected an assignment or function call and instead saw an expression.  @typescript-eslint/no-unused-expressions
20:380  Error: Expected an assignment or function call and instead saw an expression.  @typescript-eslint/no-unused-expressions
20:463  Error: Expected an assignment or function call and instead saw an expression.  @typescript-eslint/no-unused-expressions
20:3745  Error: Expected an assignment or function call and instead saw an expression.  @typescript-eslint/no-unused-expressions
20:3963  Error: Expected an assignment or function call and instead saw an expression.  @typescript-eslint/no-unused-expressions
20:4048  Error: Expected an assignment or function call and instead saw an expression.  @typescript-eslint/no-unused-expressions
20:4351  Error: Expected an assignment or function call and instead saw an expression.  @typescript-eslint/no-unused-expressions
20:5514  Error: Expected an assignment or function call and instead saw an expression.  @typescript-eslint/no-unused-expressions
20:9175  Error: Expected an assignment or function call and instead saw an expression.  @typescript-eslint/no-unused-expressions
25:1875  Error: Expected an assignment or function call and instead saw an expression.  @typescript-eslint/no-unused-expressions
25:3177  Error: Expected an assignment or function call and instead saw an expression.  @typescript-eslint/no-unused-expressions
25:3310  Error: Expected an assignment or function call and instead saw an expression.  @typescript-eslint/no-unused-expressions
25:3496  Error: Expected an assignment or function call and instead saw an expression.  @typescript-eslint/no-unused-expressions
25:3695  Error: Expected an assignment or function call and instead saw an expression.  @typescript-eslint/no-unused-expressions
29:151  Error: Expected an assignment or function call and instead saw an expression.  @typescript-eslint/no-unused-expressions
29:200  Error: Expected an assignment or function call and instead saw an expression.  @typescript-eslint/no-unused-expressions
29:257  Error: Expected an assignment or function call and instead saw an expression.  @typescript-eslint/no-unused-expressions
29:296  Error: Expected an assignment or function call and instead saw an expression.  @typescript-eslint/no-unused-expressions
29:368  Error: Expected an assignment or function call and instead saw an expression.  @typescript-eslint/no-unused-expressions
29:923  Error: Expected an assignment or function call and instead saw an expression.  @typescript-eslint/no-unused-expressions
29:1014  Error: Expected an assignment or function call and instead saw an expression.  @typescript-eslint/no-unused-expressions
29:1202  Error: 'o' is assigned a value but never used.  @typescript-eslint/no-unused-vars
29:2048  Error: Expected an assignment or function call and instead saw an expression.  @typescript-eslint/no-unused-expressions
29:2120  Error: Expected an assignment or function call and instead saw an expression.  @typescript-eslint/no-unused-expressions
29:3970  Error: Expected an assignment or function call and instead saw an expression.  @typescript-eslint/no-unused-expressions
29:8065  Error: Expected an assignment or function call and instead saw an expression.  @typescript-eslint/no-unused-expressions
29:8434  Error: Expected an assignment or function call and instead saw an expression.  @typescript-eslint/no-unused-expressions
29:9602  Error: Expected an assignment or function call and instead saw an expression.  @typescript-eslint/no-unused-expressions

./src/generated/prisma/runtime/edge.js
1:441  Error: Expected an assignment or function call and instead saw an expression.  @typescript-eslint/no-unused-expressions
1:834  Error: 'b' is assigned a value but never used.  @typescript-eslint/no-unused-vars
1:1160  Error: Expected an assignment or function call and instead saw an expression.  @typescript-eslint/no-unused-expressions
1:1360  Error: Expected an assignment or function call and instead saw an expression.  @typescript-eslint/no-unused-expressions
1:1399  Error: Expected an assignment or function call and instead saw an expression.  @typescript-eslint/no-unused-expressions
1:1542  Error: Expected an assignment or function call and instead saw an expression.  @typescript-eslint/no-unused-expressions
1:1777  Error: Expected an assignment or function call and instead saw an expression.  @typescript-eslint/no-unused-expressions
1:2218  Error: Expected an assignment or function call and instead saw an expression.  @typescript-eslint/no-unused-expressions
1:2559  Error: Expected an assignment or function call and instead saw an expression.  @typescript-eslint/no-unused-expressions
1:2837  Error: Expected an assignment or function call and instead saw an expression.  @typescript-eslint/no-unused-expressions
1:3673  Error: Expected an assignment or function call and instead saw an expression.  @typescript-eslint/no-unused-expressions
1:7793  Error: Expected an assignment or function call and instead saw an expression.  @typescript-eslint/no-unused-expressions
1:8346  Error: Expected an assignment or function call and instead saw an expression.  @typescript-eslint/no-unused-expressions
1:9181  Error: Expected an assignment or function call and instead saw an expression.  @typescript-eslint/no-unused-expressions
1:9723  Error: Expected an assignment or function call and instead saw an expression.  @typescript-eslint/no-unused-expressions
1:9807  Error: Expected an assignment or function call and instead saw an expression.  @typescript-eslint/no-unused-expressions
1:10144  Error: Expected an assignment or function call and instead saw an expression.  @typescript-eslint/no-unused-expressions
1:10335  Error: Expected an assignment or function call and instead saw an expression.  @typescript-eslint/no-unused-expressions
1:10903  Error: Expected an assignment or function call and instead saw an expression.  @typescript-eslint/no-unused-expressions
1:11550  Error: Expected an assignment or function call and instead saw an expression.  @typescript-eslint/no-unused-expressions
1:12382  Error: Expected an assignment or function call and instead saw an expression.  @typescript-eslint/no-unused-expressions
1:12566  Error: Expected an assignment or function call and instead saw an expression.  @typescript-eslint/no-unused-expressions
1:12962  Error: Expected an assignment or function call and instead saw an expression.  @typescript-eslint/no-unused-expressions
1:13008  Error: Expected an assignment or function call and instead saw an expression.  @typescript-eslint/no-unused-expressions
1:13365  Error: Expected an assignment or function call and instead saw an expression.  @typescript-eslint/no-unused-expressions
1:13431  Error: Expected an assignment or function call and instead saw an expression.  @typescript-eslint/no-unused-expressions
1:13473  Error: Expected an assignment or function call and instead saw an expression.  @typescript-eslint/no-unused-expressions
1:13786  Error: Expected an assignment or function call and instead saw an expression.  @typescript-eslint/no-unused-expressions
1:14129  Error: Expected an assignment or function call and instead saw an expression.  @typescript-eslint/no-unused-expressions
1:14512  Error: Expected an assignment or function call and instead saw an expression.  @typescript-eslint/no-unused-expressions
1:14538  Error: Expected an assignment or function call and instead saw an expression.  @typescript-eslint/no-unused-expressions
1:14607  Error: Expected an assignment or function call and instead saw an expression.  @typescript-eslint/no-unused-expressions
1:14732  Error: Expected an assignment or function call and instead saw an expression.  @typescript-eslint/no-unused-expressions
1:14872  Error: Expected an assignment or function call and instead saw an expression.  @typescript-eslint/no-unused-expressions
1:15420  Error: Expected an assignment or function call and instead saw an expression.  @typescript-eslint/no-unused-expressions
1:15681  Error: Expected an assignment or function call and instead saw an expression.  @typescript-eslint/no-unused-expressions
1:16065  Error: Expected an assignment or function call and instead saw an expression.  @typescript-eslint/no-unused-expressions
1:16234  Error: Expected an assignment or function call and instead saw an expression.  @typescript-eslint/no-unused-expressions
1:17050  Error: Expected an assignment or function call and instead saw an expression.  @typescript-eslint/no-unused-expressions
1:17099  Error: Expected an assignment or function call and instead saw an expression.  @typescript-eslint/no-unused-expressions
1:17337  Error: Expected an assignment or function call and instead saw an expression.  @typescript-eslint/no-unused-expressions
1:17386  Error: Expected an assignment or function call and instead saw an expression.  @typescript-eslint/no-unused-expressions
1:17618  Error: Expected an assignment or function call and instead saw an expression.  @typescript-eslint/no-unused-expressions
1:17797  Error: Expected an assignment or function call and instead saw an expression.  @typescript-eslint/no-unused-expressions
1:18092  Error: Expected an assignment or function call and instead saw an expression.  @typescript-eslint/no-unused-expressions
1:18218  Error: Expected an assignment or function call and instead saw an expression.  @typescript-eslint/no-unused-expressions
1:18598  Error: Expected an assignment or function call and instead saw an expression.  @typescript-eslint/no-unused-expressions
1:18647  Error: Expected an assignment or function call and instead saw an expression.  @typescript-eslint/no-unused-expressions
1:18879  Error: Expected an assignment or function call and instead saw an expression.  @typescript-eslint/no-unused-expressions
1:18928  Error: Expected an assignment or function call and instead saw an expression.  @typescript-eslint/no-unused-expressions
1:21065  Error: Expected an assignment or function call and instead saw an expression.  @typescript-eslint/no-unused-expressions
1:21309  Error: Expected an assignment or function call and instead saw an expression.  @typescript-eslint/no-unused-expressions
1:21855  Error: Expected an assignment or function call and instead saw an expression.  @typescript-eslint/no-unused-expressions
1:22090  Error: Expected an assignment or function call and instead saw an expression.  @typescript-eslint/no-unused-expressions
1:23179  Error: 'i' is defined but never used.  @typescript-eslint/no-unused-vars
1:23181  Error: 'o' is defined but never used.  @typescript-eslint/no-unused-vars
1:24239  Error: Expected an assignment or function call and instead saw an expression.  @typescript-eslint/no-unused-expressions
1:24808  Error: Expected an assignment or function call and instead saw an expression.  @typescript-eslint/no-unused-expressions
1:24855  Error: Expected an assignment or function call and instead saw an expression.  @typescript-eslint/no-unused-expressions
1:25017  Error: Expected an assignment or function call and instead saw an expression.  @typescript-eslint/no-unused-expressions
1:25364  Error: Expected an assignment or function call and instead saw an expression.  @typescript-eslint/no-unused-expressions
1:26435  Error: Expected an assignment or function call and instead saw an expression.  @typescript-eslint/no-unused-expressions
1:27368  Error: Expected an assignment or function call and instead saw an expression.  @typescript-eslint/no-unused-expressions
1:27425  Error: Expected an assignment or function call and instead saw an expression.  @typescript-eslint/no-unused-expressions
1:27490  Error: Expected an assignment or function call and instead saw an expression.  @typescript-eslint/no-unused-expressions
1:27569  Error: Expected an assignment or function call and instead saw an expression.  @typescript-eslint/no-unused-expressions
1:28083  Error: Expected an assignment or function call and instead saw an expression.  @typescript-eslint/no-unused-expressions
1:29216  Error: Expected an assignment or function call and instead saw an expression.  @typescript-eslint/no-unused-expressions
1:29764  Error: Expected an assignment or function call and instead saw an expression.  @typescript-eslint/no-unused-expressions
1:33506  Error: Expected an assignment or function call and instead saw an expression.  @typescript-eslint/no-unused-expressions
1:33588  Error: Expected an assignment or function call and instead saw an expression.  @typescript-eslint/no-unused-expressions
1:33738  Error: Expected an assignment or function call and instead saw an expression.  @typescript-eslint/no-unused-expressions
1:33932  Error: Expected an assignment or function call and instead saw an expression.  @typescript-eslint/no-unused-expressions
1:34089  Error: Expected an assignment or function call and instead saw an expression.  @typescript-eslint/no-unused-expressions
1:36031  Error: 'e' is defined but never used.  @typescript-eslint/no-unused-vars
1:36128  Error: Expected an assignment or function call and instead saw an expression.  @typescript-eslint/no-unused-expressions
1:36493  Error: 'pm' is assigned a value but never used.  @typescript-eslint/no-unused-vars
1:36525  Error: 'mm' is assigned a value but never used.  @typescript-eslint/no-unused-vars
1:36547  Error: 'dm' is assigned a value but never used.  @typescript-eslint/no-unused-vars
1:36558  Error: 'fm' is assigned a value but never used.  @typescript-eslint/no-unused-vars
1:36569  Error: 'gm' is assigned a value but never used.  @typescript-eslint/no-unused-vars
1:36580  Error: 'hm' is assigned a value but never used.  @typescript-eslint/no-unused-vars
1:36640  Error: 'ym' is assigned a value but never used.  @typescript-eslint/no-unused-vars
1:36664  Error: 'wm' is assigned a value but never used.  @typescript-eslint/no-unused-vars
1:36688  Error: 'Em' is assigned a value but never used.  @typescript-eslint/no-unused-vars
1:36700  Error: 'bm' is assigned a value but never used.  @typescript-eslint/no-unused-vars
1:36712  Error: 'xm' is assigned a value but never used.  @typescript-eslint/no-unused-vars
1:36724  Error: 'Pm' is assigned a value but never used.  @typescript-eslint/no-unused-vars
1:36736  Error: 'vm' is assigned a value but never used.  @typescript-eslint/no-unused-vars
1:36748  Error: 'Tm' is assigned a value but never used.  @typescript-eslint/no-unused-vars
1:36760  Error: 'Cm' is assigned a value but never used.  @typescript-eslint/no-unused-vars
1:36772  Error: 'Am' is assigned a value but never used.  @typescript-eslint/no-unused-vars
1:36784  Error: 'Rm' is assigned a value but never used.  @typescript-eslint/no-unused-vars
1:37049  Error: Expected an assignment or function call and instead saw an expression.  @typescript-eslint/no-unused-expressions
1:37670  Error: 's' is assigned a value but never used.  @typescript-eslint/no-unused-vars
1:37826  Error: Expected an assignment or function call and instead saw an expression.  @typescript-eslint/no-unused-expressions
1:39041  Error: Expected an assignment or function call and instead saw an expression.  @typescript-eslint/no-unused-expressions
1:39600  Error: Expected an assignment or function call and instead saw an expression.  @typescript-eslint/no-unused-expressions
1:39776  Error: Expected an assignment or function call and instead saw an expression.  @typescript-eslint/no-unused-expressions
1:39892  Error: Expected an assignment or function call and instead saw an expression.  @typescript-eslint/no-unused-expressions
1:40269  Error: Expected an assignment or function call and instead saw an expression.  @typescript-eslint/no-unused-expressions
1:40629  Error: Expected an assignment or function call and instead saw an expression.  @typescript-eslint/no-unused-expressions
1:40924  Error: Expected an assignment or function call and instead saw an expression.  @typescript-eslint/no-unused-expressions
1:41316  Error: Expected an assignment or function call and instead saw an expression.  @typescript-eslint/no-unused-expressions
1:44324  Error: Unexpected aliasing of 'this' to local variable.  @typescript-eslint/no-this-alias
1:44520  Error: Unexpected aliasing of 'this' to local variable.  @typescript-eslint/no-this-alias
1:44876  Error: Unexpected aliasing of 'this' to local variable.  @typescript-eslint/no-this-alias
1:45146  Error: Unexpected aliasing of 'this' to local variable.  @typescript-eslint/no-this-alias
1:45731  Error: Expected an assignment or function call and instead saw an expression.  @typescript-eslint/no-unused-expressions
1:45745  Error: Expected an assignment or function call and instead saw an expression.  @typescript-eslint/no-unused-expressions
1:45992  Error: Expected an assignment or function call and instead saw an expression.  @typescript-eslint/no-unused-expressions
1:46131  Error: Unexpected aliasing of 'this' to local variable.  @typescript-eslint/no-this-alias
1:46509  Error: Unexpected aliasing of 'this' to local variable.  @typescript-eslint/no-this-alias
1:46609  Error: Expected an assignment or function call and instead saw an expression.  @typescript-eslint/no-unused-expressions
1:46851  Error: Expected an assignment or function call and instead saw an expression.  @typescript-eslint/no-unused-expressions
1:46994  Error: Unexpected aliasing of 'this' to local variable.  @typescript-eslint/no-this-alias
1:47181  Error: Expected an assignment or function call and instead saw an expression.  @typescript-eslint/no-unused-expressions
1:47302  Error: Expected an assignment or function call and instead saw an expression.  @typescript-eslint/no-unused-expressions
1:47455  Error: Unexpected aliasing of 'this' to local variable.  @typescript-eslint/no-this-alias
1:47674  Error: Unexpected aliasing of 'this' to local variable.  @typescript-eslint/no-this-alias
1:48006  Error: Unexpected aliasing of 'this' to local variable.  @typescript-eslint/no-this-alias
1:48310  Error: Unexpected aliasing of 'this' to local variable.  @typescript-eslint/no-this-alias
1:48604  Error: Unexpected aliasing of 'this' to local variable.  @typescript-eslint/no-this-alias
1:48972  Error: Unexpected aliasing of 'this' to local variable.  @typescript-eslint/no-this-alias
1:49313  Error: Unexpected aliasing of 'this' to local variable.  @typescript-eslint/no-this-alias
1:50388  Error: Unexpected aliasing of 'this' to local variable.  @typescript-eslint/no-this-alias
1:50453  Error: Expected an assignment or function call and instead saw an expression.  @typescript-eslint/no-unused-expressions
1:50832  Error: Expected an assignment or function call and instead saw an expression.  @typescript-eslint/no-unused-expressions
1:50985  Error: Unexpected aliasing of 'this' to local variable.  @typescript-eslint/no-this-alias
1:51726  Error: Expected an assignment or function call and instead saw an expression.  @typescript-eslint/no-unused-expressions
1:51903  Error: Unexpected aliasing of 'this' to local variable.  @typescript-eslint/no-this-alias
1:52375  Error: Unexpected aliasing of 'this' to local variable.  @typescript-eslint/no-this-alias
1:52872  Error: Expected an assignment or function call and instead saw an expression.  @typescript-eslint/no-unused-expressions
1:53039  Error: Unexpected aliasing of 'this' to local variable.  @typescript-eslint/no-this-alias
1:53178  Error: Unexpected aliasing of 'this' to local variable.  @typescript-eslint/no-this-alias
1:53270  Error: Unexpected aliasing of 'this' to local variable.  @typescript-eslint/no-this-alias
1:53539  Error: Unexpected aliasing of 'this' to local variable.  @typescript-eslint/no-this-alias
1:54063  Error: Expected an assignment or function call and instead saw an expression.  @typescript-eslint/no-unused-expressions
1:54077  Error: Expected an assignment or function call and instead saw an expression.  @typescript-eslint/no-unused-expressions
1:54223  Error: Unexpected aliasing of 'this' to local variable.  @typescript-eslint/no-this-alias
1:54529  Error: Unexpected aliasing of 'this' to local variable.  @typescript-eslint/no-this-alias
1:54821  Error: Expected an assignment or function call and instead saw an expression.  @typescript-eslint/no-unused-expressions
1:55073  Error: Unexpected aliasing of 'this' to local variable.  @typescript-eslint/no-this-alias
1:55226  Error: Unexpected aliasing of 'this' to local variable.  @typescript-eslint/no-this-alias
1:55424  Error: Unexpected aliasing of 'this' to local variable.  @typescript-eslint/no-this-alias
1:55648  Error: Unexpected aliasing of 'this' to local variable.  @typescript-eslint/no-this-alias
1:55994  Error: Expected an assignment or function call and instead saw an expression.  @typescript-eslint/no-unused-expressions
1:56333  Error: Unexpected aliasing of 'this' to local variable.  @typescript-eslint/no-this-alias
1:56396  Error: Expected an assignment or function call and instead saw an expression.  @typescript-eslint/no-unused-expressions
1:56723  Error: Unexpected aliasing of 'this' to local variable.  @typescript-eslint/no-this-alias
1:57534  Error: Unexpected aliasing of 'this' to local variable.  @typescript-eslint/no-this-alias
1:57794  Error: Unexpected aliasing of 'this' to local variable.  @typescript-eslint/no-this-alias
1:57954  Error: Unexpected aliasing of 'this' to local variable.  @typescript-eslint/no-this-alias
1:58171  Error: Unexpected aliasing of 'this' to local variable.  @typescript-eslint/no-this-alias
1:58339  Error: Expected an assignment or function call and instead saw an expression.  @typescript-eslint/no-unused-expressions
1:58381  Error: Expected an assignment or function call and instead saw an expression.  @typescript-eslint/no-unused-expressions
1:59165  Error: Expected an assignment or function call and instead saw an expression.  @typescript-eslint/no-unused-expressions
1:59299  Error: Expected an assignment or function call and instead saw an expression.  @typescript-eslint/no-unused-expressions
1:59621  Error: Expected an assignment or function call and instead saw an expression.  @typescript-eslint/no-unused-expressions
1:59830  Error: Expected an assignment or function call and instead saw an expression.  @typescript-eslint/no-unused-expressions
1:60348  Error: Expected an assignment or function call and instead saw an expression.  @typescript-eslint/no-unused-expressions
1:60430  Error: Expected an assignment or function call and instead saw an expression.  @typescript-eslint/no-unused-expressions
1:60603  Error: Expected an assignment or function call and instead saw an expression.  @typescript-eslint/no-unused-expressions
1:60657  Error: Expected an assignment or function call and instead saw an expression.  @typescript-eslint/no-unused-expressions
1:61087  Error: Expected an assignment or function call and instead saw an expression.  @typescript-eslint/no-unused-expressions
1:61111  Error: Expected an assignment or function call and instead saw an expression.  @typescript-eslint/no-unused-expressions
1:61158  Error: Expected an assignment or function call and instead saw an expression.  @typescript-eslint/no-unused-expressions
1:61341  Error: Expected an assignment or function call and instead saw an expression.  @typescript-eslint/no-unused-expressions
1:61454  Error: Expected an assignment or function call and instead saw an expression.  @typescript-eslint/no-unused-expressions
1:61528  Error: Expected an assignment or function call and instead saw an expression.  @typescript-eslint/no-unused-expressions
1:61999  Error: Expected an assignment or function call and instead saw an expression.  @typescript-eslint/no-unused-expressions
1:62069  Error: Expected an assignment or function call and instead saw an expression.  @typescript-eslint/no-unused-expressions
1:63094  Error: Expected an assignment or function call and instead saw an expression.  @typescript-eslint/no-unused-expressions
1:63139  Error: Expected an assignment or function call and instead saw an expression.  @typescript-eslint/no-unused-expressions
1:63315  Error: Expected an assignment or function call and instead saw an expression.  @typescript-eslint/no-unused-expressions
1:63589  Error: Expected an assignment or function call and instead saw an expression.  @typescript-eslint/no-unused-expressions
1:63849  Error: Expected an assignment or function call and instead saw an expression.  @typescript-eslint/no-unused-expressions
1:64283  Error: Expected an assignment or function call and instead saw an expression.  @typescript-eslint/no-unused-expressions
1:64323  Error: Expected an assignment or function call and instead saw an expression.  @typescript-eslint/no-unused-expressions
1:64763  Error: Expected an assignment or function call and instead saw an expression.  @typescript-eslint/no-unused-expressions
1:64906  Error: Expected an assignment or function call and instead saw an expression.  @typescript-eslint/no-unused-expressions
1:65336  Error: Expected an assignment or function call and instead saw an expression.  @typescript-eslint/no-unused-expressions
1:65389  Error: Expected an assignment or function call and instead saw an expression.  @typescript-eslint/no-unused-expressions
1:65494  Error: Expected an assignment or function call and instead saw an expression.  @typescript-eslint/no-unused-expressions
1:65727  Error: Expected an assignment or function call and instead saw an expression.  @typescript-eslint/no-unused-expressions
1:66249  Error: Expected an assignment or function call and instead saw an expression.  @typescript-eslint/no-unused-expressions
1:66367  Error: Expected an assignment or function call and instead saw an expression.  @typescript-eslint/no-unused-expressions
1:66716  Error: Expected an assignment or function call and instead saw an expression.  @typescript-eslint/no-unused-expressions
1:66732  Error: 'f' is assigned a value but never used.  @typescript-eslint/no-unused-vars
1:67727  Error: Expected an assignment or function call and instead saw an expression.  @typescript-eslint/no-unused-expressions
1:68105  Error: Expected an assignment or function call and instead saw an expression.  @typescript-eslint/no-unused-expressions
1:68605  Error: Expected an assignment or function call and instead saw an expression.  @typescript-eslint/no-unused-expressions
1:69923  Error: Unexpected aliasing of 'this' to local variable.  @typescript-eslint/no-this-alias
1:69993  Error: Expected an assignment or function call and instead saw an expression.  @typescript-eslint/no-unused-expressions
1:70171  Error: Expected an assignment or function call and instead saw an expression.  @typescript-eslint/no-unused-expressions
1:70278  Error: Expected an assignment or function call and instead saw an expression.  @typescript-eslint/no-unused-expressions
1:70384  Error: Expected an assignment or function call and instead saw an expression.  @typescript-eslint/no-unused-expressions
1:71402  Error: Expected an assignment or function call and instead saw an expression.  @typescript-eslint/no-unused-expressions
1:71699  Error: Expected an assignment or function call and instead saw an expression.  @typescript-eslint/no-unused-expressions
1:72435  Error: Expected an assignment or function call and instead saw an expression.  @typescript-eslint/no-unused-expressions
1:72579  Error: Expected an assignment or function call and instead saw an expression.  @typescript-eslint/no-unused-expressions
1:72842  Error: Expected an assignment or function call and instead saw an expression.  @typescript-eslint/no-unused-expressions
1:72921  Error: Expected an assignment or function call and instead saw an expression.  @typescript-eslint/no-unused-expressions
1:75958  Error: 'Tu' is assigned a value but never used.  @typescript-eslint/no-unused-vars
1:76706  Error: Expected an assignment or function call and instead saw an expression.  @typescript-eslint/no-unused-expressions
1:76778  Error: Expected an assignment or function call and instead saw an expression.  @typescript-eslint/no-unused-expressions
2:379  Error: Expected an assignment or function call and instead saw an expression.  @typescript-eslint/no-unused-expressions
2:680  Error: Expected an assignment or function call and instead saw an expression.  @typescript-eslint/no-unused-expressions
2:1463  Error: Expected an assignment or function call and instead saw an expression.  @typescript-eslint/no-unused-expressions
2:2020  Error: Expected an assignment or function call and instead saw an expression.  @typescript-eslint/no-unused-expressions
2:2120  Error: Expected an assignment or function call and instead saw an expression.  @typescript-eslint/no-unused-expressions
3:743  Error: Expected an assignment or function call and instead saw an expression.  @typescript-eslint/no-unused-expressions
3:1332  Error: Expected an assignment or function call and instead saw an expression.  @typescript-eslint/no-unused-expressions
3:1445  Error: Expected an assignment or function call and instead saw an expression.  @typescript-eslint/no-unused-expressions
3:2358  Error: Unexpected aliasing of 'this' to local variable.  @typescript-eslint/no-this-alias
3:3260  Error: Expected an assignment or function call and instead saw an expression.  @typescript-eslint/no-unused-expressions
3:3354  Error: Expected an assignment or function call and instead saw an expression.  @typescript-eslint/no-unused-expressions
3:3719  Error: Expected an assignment or function call and instead saw an expression.  @typescript-eslint/no-unused-expressions
3:4868  Error: Expected an assignment or function call and instead saw an expression.  @typescript-eslint/no-unused-expressions
3:5294  Error: Expected an assignment or function call and instead saw an expression.  @typescript-eslint/no-unused-expressions
4:807  Error: Expected an assignment or function call and instead saw an expression.  @typescript-eslint/no-unused-expressions
4:1129  Error: Expected an assignment or function call and instead saw an expression.  @typescript-eslint/no-unused-expressions
4:1412  Error: Expected an assignment or function call and instead saw an expression.  @typescript-eslint/no-unused-expressions
4:2157  Error: Expected an assignment or function call and instead saw an expression.  @typescript-eslint/no-unused-expressions
4:2426  Error: Expected an assignment or function call and instead saw an expression.  @typescript-eslint/no-unused-expressions
4:2741  Error: Expected an assignment or function call and instead saw an expression.  @typescript-eslint/no-unused-expressions
4:3829  Error: Expected an assignment or function call and instead saw an expression.  @typescript-eslint/no-unused-expressions
4:4178  Error: Expected an assignment or function call and instead saw an expression.  @typescript-eslint/no-unused-expressions
4:4666  Error: Expected an assignment or function call and instead saw an expression.  @typescript-eslint/no-unused-expressions
4:5060  Error: Expected an assignment or function call and instead saw an expression.  @typescript-eslint/no-unused-expressions
4:5714  Error: Expected an assignment or function call and instead saw an expression.  @typescript-eslint/no-unused-expressions
4:6348  Error: Expected an assignment or function call and instead saw an expression.  @typescript-eslint/no-unused-expressions
4:6446  Error: Expected an assignment or function call and instead saw an expression.  @typescript-eslint/no-unused-expressions
4:6559  Error: Expected an assignment or function call and instead saw an expression.  @typescript-eslint/no-unused-expressions
4:6666  Error: Expected an assignment or function call and instead saw an expression.  @typescript-eslint/no-unused-expressions
4:7322  Error: Expected an assignment or function call and instead saw an expression.  @typescript-eslint/no-unused-expressions
4:7791  Error: Expected an assignment or function call and instead saw an expression.  @typescript-eslint/no-unused-expressions
4:7935  Error: Expected an assignment or function call and instead saw an expression.  @typescript-eslint/no-unused-expressions
4:8262  Error: Expected an assignment or function call and instead saw an expression.  @typescript-eslint/no-unused-expressions
4:9109  Error: Expected an assignment or function call and instead saw an expression.  @typescript-eslint/no-unused-expressions
5:7030  Error: Expected an assignment or function call and instead saw an expression.  @typescript-eslint/no-unused-expressions
5:7295  Error: Expected an assignment or function call and instead saw an expression.  @typescript-eslint/no-unused-expressions
5:8841  Error: Expected an assignment or function call and instead saw an expression.  @typescript-eslint/no-unused-expressions
5:9767  Error: Expected an assignment or function call and instead saw an expression.  @typescript-eslint/no-unused-expressions
5:9979  Error: Expected an assignment or function call and instead saw an expression.  @typescript-eslint/no-unused-expressions
5:12843  Error: Expected an assignment or function call and instead saw an expression.  @typescript-eslint/no-unused-expressions
5:13422  Error: Expected an assignment or function call and instead saw an expression.  @typescript-eslint/no-unused-expressions
5:13627  Error: Expected an assignment or function call and instead saw an expression.  @typescript-eslint/no-unused-expressions
5:13711  Error: Expected an assignment or function call and instead saw an expression.  @typescript-eslint/no-unused-expressions
6:1258  Error: Expected an assignment or function call and instead saw an expression.  @typescript-eslint/no-unused-expressions
6:1300  Error: Expected an assignment or function call and instead saw an expression.  @typescript-eslint/no-unused-expressions
6:5035  Error: Expected an assignment or function call and instead saw an expression.  @typescript-eslint/no-unused-expressions
6:5126  Error: Expected an assignment or function call and instead saw an expression.  @typescript-eslint/no-unused-expressions
6:5152  Error: Expected an assignment or function call and instead saw an expression.  @typescript-eslint/no-unused-expressions
6:7236  Error: Expected an assignment or function call and instead saw an expression.  @typescript-eslint/no-unused-expressions
11:376  Error: Expected an assignment or function call and instead saw an expression.  @typescript-eslint/no-unused-expressions
11:537  Error: Expected an assignment or function call and instead saw an expression.  @typescript-eslint/no-unused-expressions
11:1214  Error: Expected an assignment or function call and instead saw an expression.  @typescript-eslint/no-unused-expressions
11:1704  Error: Expected an assignment or function call and instead saw an expression.  @typescript-eslint/no-unused-expressions
11:1877  Error: Expected an assignment or function call and instead saw an expression.  @typescript-eslint/no-unused-expressions
11:2086  Error: Expected an assignment or function call and instead saw an expression.  @typescript-eslint/no-unused-expressions
11:3205  Error: Expected an assignment or function call and instead saw an expression.  @typescript-eslint/no-unused-expressions
11:6462  Error: Expected an assignment or function call and instead saw an expression.  @typescript-eslint/no-unused-expressions
12:1621  Error: Expected an assignment or function call and instead saw an expression.  @typescript-eslint/no-unused-expressions
12:1842  Error: Expected an assignment or function call and instead saw an expression.  @typescript-eslint/no-unused-expressions
12:2427  Error: Expected an assignment or function call and instead saw an expression.  @typescript-eslint/no-unused-expressions
12:2833  Error: Expected an assignment or function call and instead saw an expression.  @typescript-eslint/no-unused-expressions
12:2951  Error: Expected an assignment or function call and instead saw an expression.  @typescript-eslint/no-unused-expressions
12:3268  Error: Expected an assignment or function call and instead saw an expression.  @typescript-eslint/no-unused-expressions
12:3702  Error: Expected an assignment or function call and instead saw an expression.  @typescript-eslint/no-unused-expressions
12:4259  Error: Expected an assignment or function call and instead saw an expression.  @typescript-eslint/no-unused-expressions
12:5540  Error: Expected an assignment or function call and instead saw an expression.  @typescript-eslint/no-unused-expressions
12:6405  Error: Expected an assignment or function call and instead saw an expression.  @typescript-eslint/no-unused-expressions
12:6783  Error: Expected an assignment or function call and instead saw an expression.  @typescript-eslint/no-unused-expressions
12:8817  Error: Expected an assignment or function call and instead saw an expression.  @typescript-eslint/no-unused-expressions
12:8992  Error: 'a' is assigned a value but never used.  @typescript-eslint/no-unused-vars
12:9008  Error: 'l' is assigned a value but never used.  @typescript-eslint/no-unused-vars
12:9023  Error: 'f' is assigned a value but never used.  @typescript-eslint/no-unused-vars
20:72  Error: Expected an assignment or function call and instead saw an expression.  @typescript-eslint/no-unused-expressions
20:171  Error: Expected an assignment or function call and instead saw an expression.  @typescript-eslint/no-unused-expressions
20:264  Error: Expected an assignment or function call and instead saw an expression.  @typescript-eslint/no-unused-expressions
20:380  Error: Expected an assignment or function call and instead saw an expression.  @typescript-eslint/no-unused-expressions
20:463  Error: Expected an assignment or function call and instead saw an expression.  @typescript-eslint/no-unused-expressions
20:3745  Error: Expected an assignment or function call and instead saw an expression.  @typescript-eslint/no-unused-expressions
20:3963  Error: Expected an assignment or function call and instead saw an expression.  @typescript-eslint/no-unused-expressions
20:4048  Error: Expected an assignment or function call and instead saw an expression.  @typescript-eslint/no-unused-expressions
20:4351  Error: Expected an assignment or function call and instead saw an expression.  @typescript-eslint/no-unused-expressions
20:5514  Error: Expected an assignment or function call and instead saw an expression.  @typescript-eslint/no-unused-expressions
20:9175  Error: Expected an assignment or function call and instead saw an expression.  @typescript-eslint/no-unused-expressions
25:1875  Error: Expected an assignment or function call and instead saw an expression.  @typescript-eslint/no-unused-expressions
25:3177  Error: Expected an assignment or function call and instead saw an expression.  @typescript-eslint/no-unused-expressions
25:3310  Error: Expected an assignment or function call and instead saw an expression.  @typescript-eslint/no-unused-expressions
25:3496  Error: Expected an assignment or function call and instead saw an expression.  @typescript-eslint/no-unused-expressions
25:3695  Error: Expected an assignment or function call and instead saw an expression.  @typescript-eslint/no-unused-expressions
29:151  Error: Expected an assignment or function call and instead saw an expression.  @typescript-eslint/no-unused-expressions
29:200  Error: Expected an assignment or function call and instead saw an expression.  @typescript-eslint/no-unused-expressions
29:257  Error: Expected an assignment or function call and instead saw an expression.  @typescript-eslint/no-unused-expressions
29:296  Error: Expected an assignment or function call and instead saw an expression.  @typescript-eslint/no-unused-expressions
29:368  Error: Expected an assignment or function call and instead saw an expression.  @typescript-eslint/no-unused-expressions
29:923  Error: Expected an assignment or function call and instead saw an expression.  @typescript-eslint/no-unused-expressions
29:1014  Error: Expected an assignment or function call and instead saw an expression.  @typescript-eslint/no-unused-expressions
29:1202  Error: 'o' is assigned a value but never used.  @typescript-eslint/no-unused-vars
29:2048  Error: Expected an assignment or function call and instead saw an expression.  @typescript-eslint/no-unused-expressions
29:2120  Error: Expected an assignment or function call and instead saw an expression.  @typescript-eslint/no-unused-expressions
29:3970  Error: Expected an assignment or function call and instead saw an expression.  @typescript-eslint/no-unused-expressions
29:8065  Error: Expected an assignment or function call and instead saw an expression.  @typescript-eslint/no-unused-expressions
29:8434  Error: Expected an assignment or function call and instead saw an expression.  @typescript-eslint/no-unused-expressions
29:9602  Error: Expected an assignment or function call and instead saw an expression.  @typescript-eslint/no-unused-expressions
30:995  Error: Expected an assignment or function call and instead saw an expression.  @typescript-eslint/no-unused-expressions

./src/generated/prisma/runtime/index-browser.d.ts
10:27  Error: Unexpected any. Specify a different type.  @typescript-eslint/no-explicit-any
15:51  Error: Unexpected any. Specify a different type.  @typescript-eslint/no-explicit-any
242:30  Error: Unexpected any. Specify a different type.  @typescript-eslint/no-explicit-any

./src/generated/prisma/runtime/index-browser.js
1:390  Error: Expected an assignment or function call and instead saw an expression.  @typescript-eslint/no-unused-expressions
1:765  Error: 'e' is defined but never used.  @typescript-eslint/no-unused-vars
1:835  Error: Expected an assignment or function call and instead saw an expression.  @typescript-eslint/no-unused-expressions
1:5707  Error: Unexpected aliasing of 'this' to local variable.  @typescript-eslint/no-this-alias
1:5902  Error: Unexpected aliasing of 'this' to local variable.  @typescript-eslint/no-this-alias
1:6258  Error: Unexpected aliasing of 'this' to local variable.  @typescript-eslint/no-this-alias
1:6526  Error: Unexpected aliasing of 'this' to local variable.  @typescript-eslint/no-this-alias
1:7111  Error: Expected an assignment or function call and instead saw an expression.  @typescript-eslint/no-unused-expressions
1:7125  Error: Expected an assignment or function call and instead saw an expression.  @typescript-eslint/no-unused-expressions
1:7372  Error: Expected an assignment or function call and instead saw an expression.  @typescript-eslint/no-unused-expressions
1:7511  Error: Unexpected aliasing of 'this' to local variable.  @typescript-eslint/no-this-alias
1:7889  Error: Unexpected aliasing of 'this' to local variable.  @typescript-eslint/no-this-alias
1:7989  Error: Expected an assignment or function call and instead saw an expression.  @typescript-eslint/no-unused-expressions
1:8230  Error: Expected an assignment or function call and instead saw an expression.  @typescript-eslint/no-unused-expressions
1:8373  Error: Unexpected aliasing of 'this' to local variable.  @typescript-eslint/no-this-alias
1:8559  Error: Expected an assignment or function call and instead saw an expression.  @typescript-eslint/no-unused-expressions
1:8679  Error: Expected an assignment or function call and instead saw an expression.  @typescript-eslint/no-unused-expressions
1:8832  Error: Unexpected aliasing of 'this' to local variable.  @typescript-eslint/no-this-alias
1:9051  Error: Unexpected aliasing of 'this' to local variable.  @typescript-eslint/no-this-alias
1:9381  Error: Unexpected aliasing of 'this' to local variable.  @typescript-eslint/no-this-alias
1:9685  Error: Unexpected aliasing of 'this' to local variable.  @typescript-eslint/no-this-alias
1:9979  Error: Unexpected aliasing of 'this' to local variable.  @typescript-eslint/no-this-alias
1:10347  Error: Unexpected aliasing of 'this' to local variable.  @typescript-eslint/no-this-alias
1:10687  Error: Unexpected aliasing of 'this' to local variable.  @typescript-eslint/no-this-alias
1:11760  Error: Unexpected aliasing of 'this' to local variable.  @typescript-eslint/no-this-alias
1:11825  Error: Expected an assignment or function call and instead saw an expression.  @typescript-eslint/no-unused-expressions
1:12199  Error: Expected an assignment or function call and instead saw an expression.  @typescript-eslint/no-unused-expressions
1:12351  Error: Unexpected aliasing of 'this' to local variable.  @typescript-eslint/no-this-alias
1:13091  Error: Expected an assignment or function call and instead saw an expression.  @typescript-eslint/no-unused-expressions
1:13267  Error: Unexpected aliasing of 'this' to local variable.  @typescript-eslint/no-this-alias
1:13738  Error: Unexpected aliasing of 'this' to local variable.  @typescript-eslint/no-this-alias
1:14235  Error: Expected an assignment or function call and instead saw an expression.  @typescript-eslint/no-unused-expressions
1:14400  Error: Unexpected aliasing of 'this' to local variable.  @typescript-eslint/no-this-alias
1:14538  Error: Unexpected aliasing of 'this' to local variable.  @typescript-eslint/no-this-alias
1:14630  Error: Unexpected aliasing of 'this' to local variable.  @typescript-eslint/no-this-alias
1:14898  Error: Unexpected aliasing of 'this' to local variable.  @typescript-eslint/no-this-alias
1:15422  Error: Expected an assignment or function call and instead saw an expression.  @typescript-eslint/no-unused-expressions
1:15436  Error: Expected an assignment or function call and instead saw an expression.  @typescript-eslint/no-unused-expressions
1:15582  Error: Unexpected aliasing of 'this' to local variable.  @typescript-eslint/no-this-alias
1:15886  Error: Unexpected aliasing of 'this' to local variable.  @typescript-eslint/no-this-alias
1:16178  Error: Expected an assignment or function call and instead saw an expression.  @typescript-eslint/no-unused-expressions
1:16427  Error: Unexpected aliasing of 'this' to local variable.  @typescript-eslint/no-this-alias
1:16577  Error: Unexpected aliasing of 'this' to local variable.  @typescript-eslint/no-this-alias
1:16770  Error: Unexpected aliasing of 'this' to local variable.  @typescript-eslint/no-this-alias
1:16989  Error: Unexpected aliasing of 'this' to local variable.  @typescript-eslint/no-this-alias
1:17334  Error: Expected an assignment or function call and instead saw an expression.  @typescript-eslint/no-unused-expressions
1:17673  Error: Unexpected aliasing of 'this' to local variable.  @typescript-eslint/no-this-alias
1:17736  Error: Expected an assignment or function call and instead saw an expression.  @typescript-eslint/no-unused-expressions
1:18062  Error: Unexpected aliasing of 'this' to local variable.  @typescript-eslint/no-this-alias
1:18870  Error: Unexpected aliasing of 'this' to local variable.  @typescript-eslint/no-this-alias
1:19125  Error: Unexpected aliasing of 'this' to local variable.  @typescript-eslint/no-this-alias
1:19282  Error: Unexpected aliasing of 'this' to local variable.  @typescript-eslint/no-this-alias
1:19498  Error: Unexpected aliasing of 'this' to local variable.  @typescript-eslint/no-this-alias
1:19665  Error: Expected an assignment or function call and instead saw an expression.  @typescript-eslint/no-unused-expressions
1:19706  Error: Expected an assignment or function call and instead saw an expression.  @typescript-eslint/no-unused-expressions
1:20486  Error: Expected an assignment or function call and instead saw an expression.  @typescript-eslint/no-unused-expressions
1:20620  Error: Expected an assignment or function call and instead saw an expression.  @typescript-eslint/no-unused-expressions
1:20941  Error: Expected an assignment or function call and instead saw an expression.  @typescript-eslint/no-unused-expressions
1:21150  Error: Expected an assignment or function call and instead saw an expression.  @typescript-eslint/no-unused-expressions
1:21660  Error: Expected an assignment or function call and instead saw an expression.  @typescript-eslint/no-unused-expressions
1:21740  Error: Expected an assignment or function call and instead saw an expression.  @typescript-eslint/no-unused-expressions
1:21906  Error: Expected an assignment or function call and instead saw an expression.  @typescript-eslint/no-unused-expressions
1:21958  Error: Expected an assignment or function call and instead saw an expression.  @typescript-eslint/no-unused-expressions
1:22373  Error: Expected an assignment or function call and instead saw an expression.  @typescript-eslint/no-unused-expressions
1:22397  Error: Expected an assignment or function call and instead saw an expression.  @typescript-eslint/no-unused-expressions
1:22444  Error: Expected an assignment or function call and instead saw an expression.  @typescript-eslint/no-unused-expressions
1:22627  Error: Expected an assignment or function call and instead saw an expression.  @typescript-eslint/no-unused-expressions
1:22740  Error: Expected an assignment or function call and instead saw an expression.  @typescript-eslint/no-unused-expressions
1:22814  Error: Expected an assignment or function call and instead saw an expression.  @typescript-eslint/no-unused-expressions
1:23285  Error: Expected an assignment or function call and instead saw an expression.  @typescript-eslint/no-unused-expressions
1:23353  Error: Expected an assignment or function call and instead saw an expression.  @typescript-eslint/no-unused-expressions
1:24369  Error: Expected an assignment or function call and instead saw an expression.  @typescript-eslint/no-unused-expressions
1:24414  Error: Expected an assignment or function call and instead saw an expression.  @typescript-eslint/no-unused-expressions
1:24590  Error: Expected an assignment or function call and instead saw an expression.  @typescript-eslint/no-unused-expressions
1:24864  Error: Expected an assignment or function call and instead saw an expression.  @typescript-eslint/no-unused-expressions
1:25123  Error: Expected an assignment or function call and instead saw an expression.  @typescript-eslint/no-unused-expressions
1:25556  Error: Expected an assignment or function call and instead saw an expression.  @typescript-eslint/no-unused-expressions
1:25596  Error: Expected an assignment or function call and instead saw an expression.  @typescript-eslint/no-unused-expressions
1:26034  Error: Expected an assignment or function call and instead saw an expression.  @typescript-eslint/no-unused-expressions
1:26177  Error: Expected an assignment or function call and instead saw an expression.  @typescript-eslint/no-unused-expressions
1:26607  Error: Expected an assignment or function call and instead saw an expression.  @typescript-eslint/no-unused-expressions
1:26660  Error: Expected an assignment or function call and instead saw an expression.  @typescript-eslint/no-unused-expressions
1:26765  Error: Expected an assignment or function call and instead saw an expression.  @typescript-eslint/no-unused-expressions
1:26998  Error: Expected an assignment or function call and instead saw an expression.  @typescript-eslint/no-unused-expressions
1:27516  Error: Expected an assignment or function call and instead saw an expression.  @typescript-eslint/no-unused-expressions
1:27633  Error: Expected an assignment or function call and instead saw an expression.  @typescript-eslint/no-unused-expressions
1:27981  Error: Expected an assignment or function call and instead saw an expression.  @typescript-eslint/no-unused-expressions
1:27997  Error: 'f' is assigned a value but never used.  @typescript-eslint/no-unused-vars
1:28982  Error: Expected an assignment or function call and instead saw an expression.  @typescript-eslint/no-unused-expressions
1:29360  Error: Expected an assignment or function call and instead saw an expression.  @typescript-eslint/no-unused-expressions
1:29860  Error: Expected an assignment or function call and instead saw an expression.  @typescript-eslint/no-unused-expressions
1:31167  Error: Unexpected aliasing of 'this' to local variable.  @typescript-eslint/no-this-alias
1:31237  Error: Expected an assignment or function call and instead saw an expression.  @typescript-eslint/no-unused-expressions
1:31415  Error: Expected an assignment or function call and instead saw an expression.  @typescript-eslint/no-unused-expressions
1:31522  Error: Expected an assignment or function call and instead saw an expression.  @typescript-eslint/no-unused-expressions
1:31628  Error: Expected an assignment or function call and instead saw an expression.  @typescript-eslint/no-unused-expressions
1:32645  Error: Expected an assignment or function call and instead saw an expression.  @typescript-eslint/no-unused-expressions
1:32942  Error: Expected an assignment or function call and instead saw an expression.  @typescript-eslint/no-unused-expressions
1:33675  Error: Expected an assignment or function call and instead saw an expression.  @typescript-eslint/no-unused-expressions
1:33819  Error: Expected an assignment or function call and instead saw an expression.  @typescript-eslint/no-unused-expressions
1:34082  Error: Expected an assignment or function call and instead saw an expression.  @typescript-eslint/no-unused-expressions
1:34161  Error: Expected an assignment or function call and instead saw an expression.  @typescript-eslint/no-unused-expressions
1:34903  Error: Expected an assignment or function call and instead saw an expression.  @typescript-eslint/no-unused-expressions

./src/generated/prisma/runtime/library.d.ts
41:100  Error: Unexpected any. Specify a different type.  @typescript-eslint/no-explicit-any
47:5  Error: The `{}` ("empty object") type allows any non-nullish value, including literals like `0` and `""`.
- If that's what you want, disable this lint rule with an inline comment or configure the 'allowObjectTypes' rule option.
- If you want a type meaning "any object", you probably want `object` instead.
- If you want a type meaning "any value", you probably want `unknown` instead.  @typescript-eslint/no-empty-object-type
62:27  Error: Unexpected any. Specify a different type.  @typescript-eslint/no-explicit-any
67:51  Error: Unexpected any. Specify a different type.  @typescript-eslint/no-explicit-any
118:79  Error: Unexpected any. Specify a different type.  @typescript-eslint/no-explicit-any
161:20  Error: Unexpected any. Specify a different type.  @typescript-eslint/no-explicit-any
165:74  Error: Unexpected any. Specify a different type.  @typescript-eslint/no-explicit-any
167:60  Error: Unexpected any. Specify a different type.  @typescript-eslint/no-explicit-any
168:63  Error: Unexpected any. Specify a different type.  @typescript-eslint/no-explicit-any
169:49  Error: Unexpected any. Specify a different type.  @typescript-eslint/no-explicit-any
175:15  Error: 'ColumnTypeEnum' is defined but only used as a type.  @typescript-eslint/no-unused-vars
213:28  Error: The `{}` ("empty object") type allows any non-nullish value, including literals like `0` and `""`.
- If that's what you want, disable this lint rule with an inline comment or configure the 'allowObjectTypes' rule option.
- If you want a type meaning "any object", you probably want `object` instead.
- If you want a type meaning "any value", you probably want `unknown` instead.  @typescript-eslint/no-empty-object-type
237:44  Error: The `Function` type accepts any function-like value.
Prefer explicitly defining any function parameters and return type.  @typescript-eslint/no-unsafe-function-type
241:48  Error: The `Function` type accepts any function-like value.
Prefer explicitly defining any function parameters and return type.  @typescript-eslint/no-unsafe-function-type
350:34  Error: Unexpected any. Specify a different type.  @typescript-eslint/no-explicit-any
356:43  Error: Unexpected any. Specify a different type.  @typescript-eslint/no-explicit-any
357:44  Error: Unexpected any. Specify a different type.  @typescript-eslint/no-explicit-any
391:23  Error: Unexpected any. Specify a different type.  @typescript-eslint/no-explicit-any
392:16  Error: Unexpected any. Specify a different type.  @typescript-eslint/no-explicit-any
395:17  Error: The `{}` ("empty object") type allows any non-nullish value, including literals like `0` and `""`.
- If that's what you want, disable this lint rule with an inline comment or configure the 'allowObjectTypes' rule option.
- If you want a type meaning "any object", you probably want `object` instead.
- If you want a type meaning "any value", you probably want `unknown` instead.  @typescript-eslint/no-empty-object-type
408:18  Error: 'debugCreate' is defined but only used as a type.  @typescript-eslint/no-unused-vars
408:61  Error: Unexpected any. Specify a different type.  @typescript-eslint/no-explicit-any
637:30  Error: Unexpected any. Specify a different type.  @typescript-eslint/no-explicit-any
697:48  Error: The `{}` ("empty object") type allows any non-nullish value, including literals like `0` and `""`.
- If that's what you want, disable this lint rule with an inline comment or configure the 'allowObjectTypes' rule option.
- If you want a type meaning "any object", you probably want `object` instead.
- If you want a type meaning "any value", you probably want `unknown` instead.  @typescript-eslint/no-empty-object-type
697:52  Error: The `{}` ("empty object") type allows any non-nullish value, including literals like `0` and `""`.
- If that's what you want, disable this lint rule with an inline comment or configure the 'allowObjectTypes' rule option.
- If you want a type meaning "any object", you probably want `object` instead.
- If you want a type meaning "any value", you probably want `unknown` instead.  @typescript-eslint/no-empty-object-type
697:56  Error: The `{}` ("empty object") type allows any non-nullish value, including literals like `0` and `""`.
- If that's what you want, disable this lint rule with an inline comment or configure the 'allowObjectTypes' rule option.
- If you want a type meaning "any object", you probably want `object` instead.
- If you want a type meaning "any value", you probably want `unknown` instead.  @typescript-eslint/no-empty-object-type
697:60  Error: The `{}` ("empty object") type allows any non-nullish value, including literals like `0` and `""`.
- If that's what you want, disable this lint rule with an inline comment or configure the 'allowObjectTypes' rule option.
- If you want a type meaning "any object", you probably want `object` instead.
- If you want a type meaning "any value", you probably want `unknown` instead.  @typescript-eslint/no-empty-object-type
699:79  Error: The `{}` ("empty object") type allows any non-nullish value, including literals like `0` and `""`.
- If that's what you want, disable this lint rule with an inline comment or configure the 'allowObjectTypes' rule option.
- If you want a type meaning "any object", you probably want `object` instead.
- If you want a type meaning "any value", you probably want `unknown` instead.  @typescript-eslint/no-empty-object-type
699:103  Error: The `{}` ("empty object") type allows any non-nullish value, including literals like `0` and `""`.
- If that's what you want, disable this lint rule with an inline comment or configure the 'allowObjectTypes' rule option.
- If you want a type meaning "any object", you probably want `object` instead.
- If you want a type meaning "any value", you probably want `unknown` instead.  @typescript-eslint/no-empty-object-type
711:15  Error: 'denylist' is defined but only used as a type.  @typescript-eslint/no-unused-vars
740:11  Error: Unexpected any. Specify a different type.  @typescript-eslint/no-explicit-any
741:13  Error: Unexpected any. Specify a different type.  @typescript-eslint/no-explicit-any
847:143  Error: Unexpected any. Specify a different type.  @typescript-eslint/no-explicit-any
857:139  Error: Unexpected any. Specify a different type.  @typescript-eslint/no-explicit-any
871:146  Error: Unexpected any. Specify a different type.  @typescript-eslint/no-explicit-any
875:42  Error: Unexpected any. Specify a different type.  @typescript-eslint/no-explicit-any
888:142  Error: Unexpected any. Specify a different type.  @typescript-eslint/no-explicit-any
892:22  Error: The `{}` ("empty object") type allows any non-nullish value, including literals like `0` and `""`.
- If that's what you want, disable this lint rule with an inline comment or configure the 'allowObjectTypes' rule option.
- If you want a type meaning "any object", you probably want `object` instead.
- If you want a type meaning "any value", you probably want `unknown` instead.  @typescript-eslint/no-empty-object-type
925:130  Error: The `{}` ("empty object") type allows any non-nullish value, including literals like `0` and `""`.
- If that's what you want, disable this lint rule with an inline comment or configure the 'allowObjectTypes' rule option.
- If you want a type meaning "any object", you probably want `object` instead.
- If you want a type meaning "any value", you probably want `unknown` instead.  @typescript-eslint/no-empty-object-type
927:129  Error: Unexpected any. Specify a different type.  @typescript-eslint/no-explicit-any
944:15  Error: Unexpected any. Specify a different type.  @typescript-eslint/no-explicit-any
945:23  Error: Unexpected any. Specify a different type.  @typescript-eslint/no-explicit-any
945:45  Error: Unexpected any. Specify a different type.  @typescript-eslint/no-explicit-any
946:19  Error: Unexpected any. Specify a different type.  @typescript-eslint/no-explicit-any
971:97  Error: Unexpected any. Specify a different type.  @typescript-eslint/no-explicit-any
978:4  Error: The `{}` ("empty object") type allows any non-nullish value, including literals like `0` and `""`.
- If that's what you want, disable this lint rule with an inline comment or configure the 'allowObjectTypes' rule option.
- If you want a type meaning "any object", you probably want `object` instead.
- If you want a type meaning "any value", you probably want `unknown` instead.  @typescript-eslint/no-empty-object-type
1082:26  Error: Unexpected any. Specify a different type.  @typescript-eslint/no-explicit-any
1245:139  Error: Unexpected any. Specify a different type.  @typescript-eslint/no-explicit-any
1257:58  Error: The `{}` ("empty object") type allows any non-nullish value, including literals like `0` and `""`.
- If that's what you want, disable this lint rule with an inline comment or configure the 'allowObjectTypes' rule option.
- If you want a type meaning "any object", you probably want `object` instead.
- If you want a type meaning "any value", you probably want `unknown` instead.  @typescript-eslint/no-empty-object-type
1271:26  Error: Unexpected any. Specify a different type.  @typescript-eslint/no-explicit-any
1334:18  Error: The `{}` ("empty object") type allows any non-nullish value, including literals like `0` and `""`.
- If that's what you want, disable this lint rule with an inline comment or configure the 'allowObjectTypes' rule option.
- If you want a type meaning "any object", you probably want `object` instead.
- If you want a type meaning "any value", you probably want `unknown` instead.  @typescript-eslint/no-empty-object-type
1435:18  Error: 'getBatchRequestPayload' is defined but only used as a type.  @typescript-eslint/no-unused-vars
1447:97  Error: Unexpected any. Specify a different type.  @typescript-eslint/no-explicit-any
1452:622  Error: The `{}` ("empty object") type allows any non-nullish value, including literals like `0` and `""`.
- If that's what you want, disable this lint rule with an inline comment or configure the 'allowObjectTypes' rule option.
- If you want a type meaning "any object", you probably want `object` instead.
- If you want a type meaning "any value", you probably want `unknown` instead.  @typescript-eslint/no-empty-object-type
1452:761  Error: The `{}` ("empty object") type allows any non-nullish value, including literals like `0` and `""`.
- If that's what you want, disable this lint rule with an inline comment or configure the 'allowObjectTypes' rule option.
- If you want a type meaning "any object", you probably want `object` instead.
- If you want a type meaning "any value", you probably want `unknown` instead.  @typescript-eslint/no-empty-object-type
1458:14  Error: Unexpected any. Specify a different type.  @typescript-eslint/no-explicit-any
1471:6  Error: The `{}` ("empty object") type allows any non-nullish value, including literals like `0` and `""`.
- If that's what you want, disable this lint rule with an inline comment or configure the 'allowObjectTypes' rule option.
- If you want a type meaning "any object", you probably want `object` instead.
- If you want a type meaning "any value", you probably want `unknown` instead.  @typescript-eslint/no-empty-object-type
1477:58  Error: Unexpected any. Specify a different type.  @typescript-eslint/no-explicit-any
1477:63  Error: Unexpected any. Specify a different type.  @typescript-eslint/no-explicit-any
1483:28  Error: Unexpected any. Specify a different type.  @typescript-eslint/no-explicit-any
1489:26  Error: Unexpected any. Specify a different type.  @typescript-eslint/no-explicit-any
1492:38  Error: Unexpected any. Specify a different type.  @typescript-eslint/no-explicit-any
1493:41  Error: Unexpected any. Specify a different type.  @typescript-eslint/no-explicit-any
1512:25  Error: Unexpected any. Specify a different type.  @typescript-eslint/no-explicit-any
1519:85  Error: Unexpected any. Specify a different type.  @typescript-eslint/no-explicit-any
1537:67  Error: Unexpected any. Specify a different type.  @typescript-eslint/no-explicit-any
1537:100  Error: Unexpected any. Specify a different type.  @typescript-eslint/no-explicit-any
1546:91  Error: Unexpected any. Specify a different type.  @typescript-eslint/no-explicit-any
1553:89  Error: Unexpected any. Specify a different type.  @typescript-eslint/no-explicit-any
1557:192  Error: Unexpected any. Specify a different type.  @typescript-eslint/no-explicit-any
1566:65  Error: Unexpected any. Specify a different type.  @typescript-eslint/no-explicit-any
1566:98  Error: Unexpected any. Specify a different type.  @typescript-eslint/no-explicit-any
1571:77  Error: Unexpected any. Specify a different type.  @typescript-eslint/no-explicit-any
1580:89  Error: Unexpected any. Specify a different type.  @typescript-eslint/no-explicit-any
1587:45  Error: Unexpected any. Specify a different type.  @typescript-eslint/no-explicit-any
1589:21  Error: Unexpected any. Specify a different type.  @typescript-eslint/no-explicit-any
1607:29  Error: Unexpected any. Specify a different type.  @typescript-eslint/no-explicit-any
1607:44  Error: Unexpected any. Specify a different type.  @typescript-eslint/no-explicit-any
1607:58  Error: Unexpected any. Specify a different type.  @typescript-eslint/no-explicit-any
1613:66  Error: Unexpected any. Specify a different type.  @typescript-eslint/no-explicit-any
1614:189  Error: Unexpected any. Specify a different type.  @typescript-eslint/no-explicit-any
1706:146  Error: The `{}` ("empty object") type allows any non-nullish value, including literals like `0` and `""`.
- If that's what you want, disable this lint rule with an inline comment or configure the 'allowObjectTypes' rule option.
- If you want a type meaning "any object", you probably want `object` instead.
- If you want a type meaning "any value", you probably want `unknown` instead.  @typescript-eslint/no-empty-object-type
1742:51  Error: Unexpected any. Specify a different type.  @typescript-eslint/no-explicit-any
1742:56  Error: Unexpected any. Specify a different type.  @typescript-eslint/no-explicit-any
1754:12  Error: Unexpected any. Specify a different type.  @typescript-eslint/no-explicit-any
1802:26  Error: An interface declaring no members is equivalent to its supertype.  @typescript-eslint/no-empty-object-type
1932:21  Error: Unexpected any. Specify a different type.  @typescript-eslint/no-explicit-any
1933:20  Error: Unexpected any. Specify a different type.  @typescript-eslint/no-explicit-any
1934:14  Error: Unexpected any. Specify a different type.  @typescript-eslint/no-explicit-any
1961:26  Error: An interface declaring no members is equivalent to its supertype.  @typescript-eslint/no-empty-object-type
2109:73  Error: Unexpected any. Specify a different type.  @typescript-eslint/no-explicit-any
2109:92  Error: Unexpected any. Specify a different type.  @typescript-eslint/no-explicit-any
2139:67  Error: Unexpected any. Specify a different type.  @typescript-eslint/no-explicit-any
2143:85  Error: Unexpected any. Specify a different type.  @typescript-eslint/no-explicit-any
2143:90  Error: Unexpected any. Specify a different type.  @typescript-eslint/no-explicit-any
2143:116  Error: Unexpected any. Specify a different type.  @typescript-eslint/no-explicit-any
2143:121  Error: Unexpected any. Specify a different type.  @typescript-eslint/no-explicit-any
2210:43  Error: The `Function` type accepts any function-like value.
Prefer explicitly defining any function parameters and return type.  @typescript-eslint/no-unsafe-function-type
2288:86  Error: Unexpected any. Specify a different type.  @typescript-eslint/no-explicit-any
2307:34  Error: The `Function` type accepts any function-like value.
Prefer explicitly defining any function parameters and return type.  @typescript-eslint/no-unsafe-function-type
2341:15  Error: 'officialPrismaAdapters' is defined but only used as a type.  @typescript-eslint/no-unused-vars
2367:49  Error: Unexpected any. Specify a different type.  @typescript-eslint/no-explicit-any
2378:23  Error: The `{}` ("empty object") type allows any non-nullish value, including literals like `0` and `""`.
- If that's what you want, disable this lint rule with an inline comment or configure the 'allowObjectTypes' rule option.
- If you want a type meaning "any object", you probably want `object` instead.
- If you want a type meaning "any value", you probably want `unknown` instead.  @typescript-eslint/no-empty-object-type
2410:31  Error: '$Type' is defined but never used.  @typescript-eslint/no-unused-vars
2418:32  Error: 'F' is defined but never used.  @typescript-eslint/no-unused-vars
2421:22  Error: Unexpected any. Specify a different type.  @typescript-eslint/no-explicit-any
2424:37  Error: Unexpected any. Specify a different type.  @typescript-eslint/no-explicit-any
2426:59  Error: Unexpected any. Specify a different type.  @typescript-eslint/no-explicit-any
2426:64  Error: Unexpected any. Specify a different type.  @typescript-eslint/no-explicit-any
2427:38  Error: Unexpected any. Specify a different type.  @typescript-eslint/no-explicit-any
2534:18  Error: 'prismaGraphQLToJSError' is defined but only used as a type.  @typescript-eslint/no-unused-vars
2551:89  Error: Unexpected any. Specify a different type.  @typescript-eslint/no-explicit-any
2565:45  Error: Unexpected any. Specify a different type.  @typescript-eslint/no-explicit-any
2709:16  Error: Prefer using the primitive `object` as a type name, rather than the upper-cased `Object`.  @typescript-eslint/no-wrapper-object-types
2750:76  Error: Unexpected any. Specify a different type.  @typescript-eslint/no-explicit-any
2834:45  Error: Unexpected any. Specify a different type.  @typescript-eslint/no-explicit-any
2835:97  Error: Unexpected any. Specify a different type.  @typescript-eslint/no-explicit-any
2835:104  Error: Unexpected any. Specify a different type.  @typescript-eslint/no-explicit-any
2842:30  Error: Unexpected any. Specify a different type.  @typescript-eslint/no-explicit-any
2842:36  Error: Unexpected any. Specify a different type.  @typescript-eslint/no-explicit-any
2843:69  Error: Unexpected any. Specify a different type.  @typescript-eslint/no-explicit-any
2864:12  Error: Unexpected any. Specify a different type.  @typescript-eslint/no-explicit-any
2878:23  Error: The `{}` ("empty object") type allows any non-nullish value, including literals like `0` and `""`.
- If that's what you want, disable this lint rule with an inline comment or configure the 'allowObjectTypes' rule option.
- If you want a type meaning "any object", you probably want `object` instead.
- If you want a type meaning "any value", you probably want `unknown` instead.  @typescript-eslint/no-empty-object-type
2881:18  Error: 'resolveDatasourceUrl' is defined but only used as a type.  @typescript-eslint/no-unused-vars
2891:22  Error: Unexpected any. Specify a different type.  @typescript-eslint/no-explicit-any
2895:17  Error: The `{}` ("empty object") type allows any non-nullish value, including literals like `0` and `""`.
- If that's what you want, disable this lint rule with an inline comment or configure the 'allowObjectTypes' rule option.
- If you want a type meaning "any object", you probably want `object` instead.
- If you want a type meaning "any value", you probably want `unknown` instead.  @typescript-eslint/no-empty-object-type
2896:14  Error: The `{}` ("empty object") type allows any non-nullish value, including literals like `0` and `""`.
- If that's what you want, disable this lint rule with an inline comment or configure the 'allowObjectTypes' rule option.
- If you want a type meaning "any object", you probably want `object` instead.
- If you want a type meaning "any value", you probably want `unknown` instead.  @typescript-eslint/no-empty-object-type
2897:14  Error: The `{}` ("empty object") type allows any non-nullish value, including literals like `0` and `""`.
- If that's what you want, disable this lint rule with an inline comment or configure the 'allowObjectTypes' rule option.
- If you want a type meaning "any object", you probably want `object` instead.
- If you want a type meaning "any value", you probably want `unknown` instead.  @typescript-eslint/no-empty-object-type
2899:4  Error: The `{}` ("empty object") type allows any non-nullish value, including literals like `0` and `""`.
- If that's what you want, disable this lint rule with an inline comment or configure the 'allowObjectTypes' rule option.
- If you want a type meaning "any object", you probably want `object` instead.
- If you want a type meaning "any value", you probably want `unknown` instead.  @typescript-eslint/no-empty-object-type
2944:54  Error: Unexpected any. Specify a different type.  @typescript-eslint/no-explicit-any
2953:53  Error: Unexpected any. Specify a different type.  @typescript-eslint/no-explicit-any
3022:67  Error: Unexpected any. Specify a different type.  @typescript-eslint/no-explicit-any
3022:72  Error: Unexpected any. Specify a different type.  @typescript-eslint/no-explicit-any
3023:24  Error: Unexpected any. Specify a different type.  @typescript-eslint/no-explicit-any
3025:27  Error: Unexpected any. Specify a different type.  @typescript-eslint/no-explicit-any
3353:19  Error: An interface declaring no members is equivalent to its supertype.  @typescript-eslint/no-empty-object-type
3390:44  Error: Unexpected any. Specify a different type.  @typescript-eslint/no-explicit-any
3495:41  Error: Unexpected any. Specify a different type.  @typescript-eslint/no-explicit-any
3495:46  Error: Unexpected any. Specify a different type.  @typescript-eslint/no-explicit-any
3531:32  Error: Unexpected any. Specify a different type.  @typescript-eslint/no-explicit-any
3531:40  Error: Unexpected any. Specify a different type.  @typescript-eslint/no-explicit-any
3533:40  Error: The `{}` ("empty object") type allows any non-nullish value, including literals like `0` and `""`.
- If that's what you want, disable this lint rule with an inline comment or configure the 'allowObjectTypes' rule option.
- If you want a type meaning "any object", you probably want `object` instead.
- If you want a type meaning "any value", you probably want `unknown` instead.  @typescript-eslint/no-empty-object-type
3552:27  Error: Unexpected any. Specify a different type.  @typescript-eslint/no-explicit-any
3600:52  Error: Unexpected any. Specify a different type.  @typescript-eslint/no-explicit-any

./src/generated/prisma/runtime/library.js
1:441  Error: Expected an assignment or function call and instead saw an expression.  @typescript-eslint/no-unused-expressions
1:907  Error: A `require()` style import is forbidden.  @typescript-eslint/no-require-imports
1:929  Error: A `require()` style import is forbidden.  @typescript-eslint/no-require-imports
1:976  Error: Expected an assignment or function call and instead saw an expression.  @typescript-eslint/no-unused-expressions
1:1125  Error: Expected an assignment or function call and instead saw an expression.  @typescript-eslint/no-unused-expressions
1:9070  Error: A `require()` style import is forbidden.  @typescript-eslint/no-require-imports
1:9092  Error: A `require()` style import is forbidden.  @typescript-eslint/no-require-imports
1:9116  Error: A `require()` style import is forbidden.  @typescript-eslint/no-require-imports
1:9138  Error: A `require()` style import is forbidden.  @typescript-eslint/no-require-imports
2:82  Error: Expected an assignment or function call and instead saw an expression.  @typescript-eslint/no-unused-expressions
3:1598  Error: Expected an assignment or function call and instead saw an expression.  @typescript-eslint/no-unused-expressions
3:2111  Error: Expected an assignment or function call and instead saw an expression.  @typescript-eslint/no-unused-expressions
3:2410  Error: Expected an assignment or function call and instead saw an expression.  @typescript-eslint/no-unused-expressions
3:3665  Error: Expected an assignment or function call and instead saw an expression.  @typescript-eslint/no-unused-expressions
3:4994  Error: Expected an assignment or function call and instead saw an expression.  @typescript-eslint/no-unused-expressions
3:5076  Error: Expected an assignment or function call and instead saw an expression.  @typescript-eslint/no-unused-expressions
3:5226  Error: Expected an assignment or function call and instead saw an expression.  @typescript-eslint/no-unused-expressions
3:5420  Error: Expected an assignment or function call and instead saw an expression.  @typescript-eslint/no-unused-expressions
3:5577  Error: Expected an assignment or function call and instead saw an expression.  @typescript-eslint/no-unused-expressions
3:6596  Error: 'e' is defined but never used.  @typescript-eslint/no-unused-vars
3:7022  Error: Expected an assignment or function call and instead saw an expression.  @typescript-eslint/no-unused-expressions
3:7957  Error: Expected an assignment or function call and instead saw an expression.  @typescript-eslint/no-unused-expressions
3:8734  Error: Expected an assignment or function call and instead saw an expression.  @typescript-eslint/no-unused-expressions
4:80  Error: A `require()` style import is forbidden.  @typescript-eslint/no-require-imports
4:1374  Error: A `require()` style import is forbidden.  @typescript-eslint/no-require-imports
4:1410  Error: A `require()` style import is forbidden.  @typescript-eslint/no-require-imports
4:1444  Error: A `require()` style import is forbidden.  @typescript-eslint/no-require-imports
4:1890  Error: Expected an assignment or function call and instead saw an expression.  @typescript-eslint/no-unused-expressions
4:3968  Error: 'eg' is assigned a value but never used.  @typescript-eslint/no-unused-vars
4:3985  Error: 'e' is defined but never used.  @typescript-eslint/no-unused-vars
4:4472  Error: 'rg' is assigned a value but never used.  @typescript-eslint/no-unused-vars
4:4920  Error: 'tg' is assigned a value but never used.  @typescript-eslint/no-unused-vars
4:5266  Error: 'ng' is assigned a value but never used.  @typescript-eslint/no-unused-vars
4:5279  Error: 'ig' is assigned a value but never used.  @typescript-eslint/no-unused-vars
4:5329  Error: 'og' is assigned a value but never used.  @typescript-eslint/no-unused-vars
4:5378  Error: 'sg' is assigned a value but never used.  @typescript-eslint/no-unused-vars
4:5416  Error: 'ag' is assigned a value but never used.  @typescript-eslint/no-unused-vars
4:5536  Error: Expected an assignment or function call and instead saw an expression.  @typescript-eslint/no-unused-expressions
4:5728  Error: Expected an assignment or function call and instead saw an expression.  @typescript-eslint/no-unused-expressions
4:5866  Error: Expected an assignment or function call and instead saw an expression.  @typescript-eslint/no-unused-expressions
4:5980  Error: Expected an assignment or function call and instead saw an expression.  @typescript-eslint/no-unused-expressions
4:6496  Error: A `require()` style import is forbidden.  @typescript-eslint/no-require-imports
4:6620  Error: Expected an assignment or function call and instead saw an expression.  @typescript-eslint/no-unused-expressions
5:2359  Error: 'e' is assigned a value but never used.  @typescript-eslint/no-unused-vars
5:2660  Error: Expected an assignment or function call and instead saw an expression.  @typescript-eslint/no-unused-expressions
6:1802  Error: A `require()` style import is forbidden.  @typescript-eslint/no-require-imports
6:1873  Error: 'gg' is assigned a value but never used.  @typescript-eslint/no-unused-vars
6:1920  Error: 'hg' is assigned a value but never used.  @typescript-eslint/no-unused-vars
6:1966  Error: 'yg' is assigned a value but never used.  @typescript-eslint/no-unused-vars
6:2009  Error: 'bg' is assigned a value but never used.  @typescript-eslint/no-unused-vars
6:2060  Error: 'Eg' is assigned a value but never used.  @typescript-eslint/no-unused-vars
6:2119  Error: 'wg' is assigned a value but never used.  @typescript-eslint/no-unused-vars
6:2192  Error: 'xg' is assigned a value but never used.  @typescript-eslint/no-unused-vars
6:2283  Error: 'vg' is assigned a value but never used.  @typescript-eslint/no-unused-vars
6:2368  Error: 'Pg' is assigned a value but never used.  @typescript-eslint/no-unused-vars
6:2504  Error: 'Tg' is assigned a value but never used.  @typescript-eslint/no-unused-vars
6:2663  Error: 'Sg' is assigned a value but never used.  @typescript-eslint/no-unused-vars
6:2763  Error: 'Rg' is assigned a value but never used.  @typescript-eslint/no-unused-vars
6:2936  Error: 'Cg' is assigned a value but never used.  @typescript-eslint/no-unused-vars
6:3092  Error: 'Ag' is assigned a value but never used.  @typescript-eslint/no-unused-vars
6:5614  Error: 'Gc' is assigned a value but never used.  @typescript-eslint/no-unused-vars
6:5633  Error: A `require()` style import is forbidden.  @typescript-eslint/no-require-imports
6:5655  Error: 'Qc' is assigned a value but never used.  @typescript-eslint/no-unused-vars
6:5666  Error: 'ah' is assigned a value but never used.  @typescript-eslint/no-unused-vars
6:5746  Error: 'lh' is assigned a value but never used.  @typescript-eslint/no-unused-vars
6:7428  Error: A `require()` style import is forbidden.  @typescript-eslint/no-require-imports
6:7662  Error: Expected an assignment or function call and instead saw an expression.  @typescript-eslint/no-unused-expressions
11:79  Error: Expected an assignment or function call and instead saw an expression.  @typescript-eslint/no-unused-expressions
12:462  Error: Expected an assignment or function call and instead saw an expression.  @typescript-eslint/no-unused-expressions
12:891  Error: A `require()` style import is forbidden.  @typescript-eslint/no-require-imports
12:1046  Error: A `require()` style import is forbidden.  @typescript-eslint/no-require-imports
12:1075  Error: A `require()` style import is forbidden.  @typescript-eslint/no-require-imports
12:1302  Error: Expected an assignment or function call and instead saw an expression.  @typescript-eslint/no-unused-expressions
12:1348  Error: Expected an assignment or function call and instead saw an expression.  @typescript-eslint/no-unused-expressions
12:1722  Error: Expected an assignment or function call and instead saw an expression.  @typescript-eslint/no-unused-expressions
13:242  Error: Expected an assignment or function call and instead saw an expression.  @typescript-eslint/no-unused-expressions
21:743  Error: Expected an assignment or function call and instead saw an expression.  @typescript-eslint/no-unused-expressions
21:879  Error: Expected an assignment or function call and instead saw an expression.  @typescript-eslint/no-unused-expressions
21:995  Error: Expected an assignment or function call and instead saw an expression.  @typescript-eslint/no-unused-expressions
21:1351  Error: Expected an assignment or function call and instead saw an expression.  @typescript-eslint/no-unused-expressions
21:1690  Error: Expected an assignment or function call and instead saw an expression.  @typescript-eslint/no-unused-expressions
21:1964  Error: Expected an assignment or function call and instead saw an expression.  @typescript-eslint/no-unused-expressions
21:2335  Error: Expected an assignment or function call and instead saw an expression.  @typescript-eslint/no-unused-expressions
21:5303  Error: Unexpected aliasing of 'this' to local variable.  @typescript-eslint/no-this-alias
21:5499  Error: Unexpected aliasing of 'this' to local variable.  @typescript-eslint/no-this-alias
21:5855  Error: Unexpected aliasing of 'this' to local variable.  @typescript-eslint/no-this-alias
21:6125  Error: Unexpected aliasing of 'this' to local variable.  @typescript-eslint/no-this-alias
21:6710  Error: Expected an assignment or function call and instead saw an expression.  @typescript-eslint/no-unused-expressions
21:6724  Error: Expected an assignment or function call and instead saw an expression.  @typescript-eslint/no-unused-expressions
21:6971  Error: Expected an assignment or function call and instead saw an expression.  @typescript-eslint/no-unused-expressions
21:7110  Error: Unexpected aliasing of 'this' to local variable.  @typescript-eslint/no-this-alias
21:7488  Error: Unexpected aliasing of 'this' to local variable.  @typescript-eslint/no-this-alias
21:7588  Error: Expected an assignment or function call and instead saw an expression.  @typescript-eslint/no-unused-expressions
21:7830  Error: Expected an assignment or function call and instead saw an expression.  @typescript-eslint/no-unused-expressions
21:7973  Error: Unexpected aliasing of 'this' to local variable.  @typescript-eslint/no-this-alias
21:8160  Error: Expected an assignment or function call and instead saw an expression.  @typescript-eslint/no-unused-expressions
21:8281  Error: Expected an assignment or function call and instead saw an expression.  @typescript-eslint/no-unused-expressions
21:8434  Error: Unexpected aliasing of 'this' to local variable.  @typescript-eslint/no-this-alias
21:8653  Error: Unexpected aliasing of 'this' to local variable.  @typescript-eslint/no-this-alias
21:8985  Error: Unexpected aliasing of 'this' to local variable.  @typescript-eslint/no-this-alias
21:9289  Error: Unexpected aliasing of 'this' to local variable.  @typescript-eslint/no-this-alias
21:9583  Error: Unexpected aliasing of 'this' to local variable.  @typescript-eslint/no-this-alias
21:9951  Error: Unexpected aliasing of 'this' to local variable.  @typescript-eslint/no-this-alias
21:10292  Error: Unexpected aliasing of 'this' to local variable.  @typescript-eslint/no-this-alias
21:11367  Error: Unexpected aliasing of 'this' to local variable.  @typescript-eslint/no-this-alias
21:11432  Error: Expected an assignment or function call and instead saw an expression.  @typescript-eslint/no-unused-expressions
21:11811  Error: Expected an assignment or function call and instead saw an expression.  @typescript-eslint/no-unused-expressions
21:11964  Error: Unexpected aliasing of 'this' to local variable.  @typescript-eslint/no-this-alias
21:12705  Error: Expected an assignment or function call and instead saw an expression.  @typescript-eslint/no-unused-expressions
21:12882  Error: Unexpected aliasing of 'this' to local variable.  @typescript-eslint/no-this-alias
21:13354  Error: Unexpected aliasing of 'this' to local variable.  @typescript-eslint/no-this-alias
21:13851  Error: Expected an assignment or function call and instead saw an expression.  @typescript-eslint/no-unused-expressions
21:14018  Error: Unexpected aliasing of 'this' to local variable.  @typescript-eslint/no-this-alias
21:14157  Error: Unexpected aliasing of 'this' to local variable.  @typescript-eslint/no-this-alias
21:14249  Error: Unexpected aliasing of 'this' to local variable.  @typescript-eslint/no-this-alias
21:14518  Error: Unexpected aliasing of 'this' to local variable.  @typescript-eslint/no-this-alias
21:15042  Error: Expected an assignment or function call and instead saw an expression.  @typescript-eslint/no-unused-expressions
21:15056  Error: Expected an assignment or function call and instead saw an expression.  @typescript-eslint/no-unused-expressions
21:15202  Error: Unexpected aliasing of 'this' to local variable.  @typescript-eslint/no-this-alias
21:15508  Error: Unexpected aliasing of 'this' to local variable.  @typescript-eslint/no-this-alias
21:15800  Error: Expected an assignment or function call and instead saw an expression.  @typescript-eslint/no-unused-expressions
21:16052  Error: Unexpected aliasing of 'this' to local variable.  @typescript-eslint/no-this-alias
21:16205  Error: Unexpected aliasing of 'this' to local variable.  @typescript-eslint/no-this-alias
21:16403  Error: Unexpected aliasing of 'this' to local variable.  @typescript-eslint/no-this-alias
21:16627  Error: Unexpected aliasing of 'this' to local variable.  @typescript-eslint/no-this-alias
21:16973  Error: Expected an assignment or function call and instead saw an expression.  @typescript-eslint/no-unused-expressions
21:17312  Error: Unexpected aliasing of 'this' to local variable.  @typescript-eslint/no-this-alias
21:17375  Error: Expected an assignment or function call and instead saw an expression.  @typescript-eslint/no-unused-expressions
21:17702  Error: Unexpected aliasing of 'this' to local variable.  @typescript-eslint/no-this-alias
21:18513  Error: Unexpected aliasing of 'this' to local variable.  @typescript-eslint/no-this-alias
21:18773  Error: Unexpected aliasing of 'this' to local variable.  @typescript-eslint/no-this-alias
21:18933  Error: Unexpected aliasing of 'this' to local variable.  @typescript-eslint/no-this-alias
21:19150  Error: Unexpected aliasing of 'this' to local variable.  @typescript-eslint/no-this-alias
21:19318  Error: Expected an assignment or function call and instead saw an expression.  @typescript-eslint/no-unused-expressions
21:19360  Error: Expected an assignment or function call and instead saw an expression.  @typescript-eslint/no-unused-expressions
21:20144  Error: Expected an assignment or function call and instead saw an expression.  @typescript-eslint/no-unused-expressions
21:20278  Error: Expected an assignment or function call and instead saw an expression.  @typescript-eslint/no-unused-expressions
21:20600  Error: Expected an assignment or function call and instead saw an expression.  @typescript-eslint/no-unused-expressions
21:20809  Error: Expected an assignment or function call and instead saw an expression.  @typescript-eslint/no-unused-expressions
21:21329  Error: Expected an assignment or function call and instead saw an expression.  @typescript-eslint/no-unused-expressions
21:21414  Error: Expected an assignment or function call and instead saw an expression.  @typescript-eslint/no-unused-expressions
21:21582  Error: Expected an assignment or function call and instead saw an expression.  @typescript-eslint/no-unused-expressions
21:21636  Error: Expected an assignment or function call and instead saw an expression.  @typescript-eslint/no-unused-expressions
21:22059  Error: Expected an assignment or function call and instead saw an expression.  @typescript-eslint/no-unused-expressions
21:22083  Error: Expected an assignment or function call and instead saw an expression.  @typescript-eslint/no-unused-expressions
21:22130  Error: Expected an assignment or function call and instead saw an expression.  @typescript-eslint/no-unused-expressions
21:22313  Error: Expected an assignment or function call and instead saw an expression.  @typescript-eslint/no-unused-expressions
21:22426  Error: Expected an assignment or function call and instead saw an expression.  @typescript-eslint/no-unused-expressions
21:22500  Error: Expected an assignment or function call and instead saw an expression.  @typescript-eslint/no-unused-expressions
21:22971  Error: Expected an assignment or function call and instead saw an expression.  @typescript-eslint/no-unused-expressions
21:23041  Error: Expected an assignment or function call and instead saw an expression.  @typescript-eslint/no-unused-expressions
21:24066  Error: Expected an assignment or function call and instead saw an expression.  @typescript-eslint/no-unused-expressions
21:24111  Error: Expected an assignment or function call and instead saw an expression.  @typescript-eslint/no-unused-expressions
21:24287  Error: Expected an assignment or function call and instead saw an expression.  @typescript-eslint/no-unused-expressions
21:24561  Error: Expected an assignment or function call and instead saw an expression.  @typescript-eslint/no-unused-expressions
21:24821  Error: Expected an assignment or function call and instead saw an expression.  @typescript-eslint/no-unused-expressions
21:25255  Error: Expected an assignment or function call and instead saw an expression.  @typescript-eslint/no-unused-expressions
21:25295  Error: Expected an assignment or function call and instead saw an expression.  @typescript-eslint/no-unused-expressions
21:25735  Error: Expected an assignment or function call and instead saw an expression.  @typescript-eslint/no-unused-expressions
21:25878  Error: Expected an assignment or function call and instead saw an expression.  @typescript-eslint/no-unused-expressions
21:26308  Error: Expected an assignment or function call and instead saw an expression.  @typescript-eslint/no-unused-expressions
21:26361  Error: Expected an assignment or function call and instead saw an expression.  @typescript-eslint/no-unused-expressions
21:26466  Error: Expected an assignment or function call and instead saw an expression.  @typescript-eslint/no-unused-expressions
21:26699  Error: Expected an assignment or function call and instead saw an expression.  @typescript-eslint/no-unused-expressions
21:27221  Error: Expected an assignment or function call and instead saw an expression.  @typescript-eslint/no-unused-expressions
21:27339  Error: Expected an assignment or function call and instead saw an expression.  @typescript-eslint/no-unused-expressions
21:27688  Error: Expected an assignment or function call and instead saw an expression.  @typescript-eslint/no-unused-expressions
21:27704  Error: 'u' is assigned a value but never used.  @typescript-eslint/no-unused-vars
21:28699  Error: Expected an assignment or function call and instead saw an expression.  @typescript-eslint/no-unused-expressions
21:29077  Error: Expected an assignment or function call and instead saw an expression.  @typescript-eslint/no-unused-expressions
21:29577  Error: Expected an assignment or function call and instead saw an expression.  @typescript-eslint/no-unused-expressions
21:30895  Error: Unexpected aliasing of 'this' to local variable.  @typescript-eslint/no-this-alias
21:30965  Error: Expected an assignment or function call and instead saw an expression.  @typescript-eslint/no-unused-expressions
21:31143  Error: Expected an assignment or function call and instead saw an expression.  @typescript-eslint/no-unused-expressions
21:31250  Error: Expected an assignment or function call and instead saw an expression.  @typescript-eslint/no-unused-expressions
21:31356  Error: Expected an assignment or function call and instead saw an expression.  @typescript-eslint/no-unused-expressions
21:32374  Error: Expected an assignment or function call and instead saw an expression.  @typescript-eslint/no-unused-expressions
21:32671  Error: Expected an assignment or function call and instead saw an expression.  @typescript-eslint/no-unused-expressions
21:33407  Error: Expected an assignment or function call and instead saw an expression.  @typescript-eslint/no-unused-expressions
21:33551  Error: Expected an assignment or function call and instead saw an expression.  @typescript-eslint/no-unused-expressions
21:33814  Error: Expected an assignment or function call and instead saw an expression.  @typescript-eslint/no-unused-expressions
21:33893  Error: Expected an assignment or function call and instead saw an expression.  @typescript-eslint/no-unused-expressions
21:36668  Error: A `require()` style import is forbidden.  @typescript-eslint/no-require-imports
21:37482  Error: Expected an assignment or function call and instead saw an expression.  @typescript-eslint/no-unused-expressions
21:37509  Error: Expected an assignment or function call and instead saw an expression.  @typescript-eslint/no-unused-expressions
21:37905  Error: Expected an assignment or function call and instead saw an expression.  @typescript-eslint/no-unused-expressions
21:37938  Error: Expected an assignment or function call and instead saw an expression.  @typescript-eslint/no-unused-expressions
21:38038  Error: Expected an assignment or function call and instead saw an expression.  @typescript-eslint/no-unused-expressions
21:38208  Error: Expected an assignment or function call and instead saw an expression.  @typescript-eslint/no-unused-expressions
21:39228  Error: Expected an assignment or function call and instead saw an expression.  @typescript-eslint/no-unused-expressions
21:39290  Error: Expected an assignment or function call and instead saw an expression.  @typescript-eslint/no-unused-expressions
21:39392  Error: Expected an assignment or function call and instead saw an expression.  @typescript-eslint/no-unused-expressions
21:39508  Error: Expected an assignment or function call and instead saw an expression.  @typescript-eslint/no-unused-expressions
21:39872  Error: Expected an assignment or function call and instead saw an expression.  @typescript-eslint/no-unused-expressions
21:43250  Error: Expected an assignment or function call and instead saw an expression.  @typescript-eslint/no-unused-expressions
21:43983  Error: Expected an assignment or function call and instead saw an expression.  @typescript-eslint/no-unused-expressions
21:44622  Error: Expected an assignment or function call and instead saw an expression.  @typescript-eslint/no-unused-expressions
25:747  Error: Expected an assignment or function call and instead saw an expression.  @typescript-eslint/no-unused-expressions
25:1080  Error: Expected an assignment or function call and instead saw an expression.  @typescript-eslint/no-unused-expressions
25:1874  Error: Expected an assignment or function call and instead saw an expression.  @typescript-eslint/no-unused-expressions
25:1946  Error: Expected an assignment or function call and instead saw an expression.  @typescript-eslint/no-unused-expressions
26:276  Error: Expected an assignment or function call and instead saw an expression.  @typescript-eslint/no-unused-expressions
26:577  Error: Expected an assignment or function call and instead saw an expression.  @typescript-eslint/no-unused-expressions
26:1340  Error: Expected an assignment or function call and instead saw an expression.  @typescript-eslint/no-unused-expressions
26:1837  Error: Expected an assignment or function call and instead saw an expression.  @typescript-eslint/no-unused-expressions
26:1937  Error: Expected an assignment or function call and instead saw an expression.  @typescript-eslint/no-unused-expressions
27:662  Error: Expected an assignment or function call and instead saw an expression.  @typescript-eslint/no-unused-expressions
27:1231  Error: Expected an assignment or function call and instead saw an expression.  @typescript-eslint/no-unused-expressions
27:1344  Error: Expected an assignment or function call and instead saw an expression.  @typescript-eslint/no-unused-expressions
27:2257  Error: Unexpected aliasing of 'this' to local variable.  @typescript-eslint/no-this-alias
27:3159  Error: Expected an assignment or function call and instead saw an expression.  @typescript-eslint/no-unused-expressions
27:3253  Error: Expected an assignment or function call and instead saw an expression.  @typescript-eslint/no-unused-expressions
27:3598  Error: Expected an assignment or function call and instead saw an expression.  @typescript-eslint/no-unused-expressions
27:4727  Error: Expected an assignment or function call and instead saw an expression.  @typescript-eslint/no-unused-expressions
27:5153  Error: Expected an assignment or function call and instead saw an expression.  @typescript-eslint/no-unused-expressions
28:807  Error: Expected an assignment or function call and instead saw an expression.  @typescript-eslint/no-unused-expressions
28:1129  Error: Expected an assignment or function call and instead saw an expression.  @typescript-eslint/no-unused-expressions
28:1412  Error: Expected an assignment or function call and instead saw an expression.  @typescript-eslint/no-unused-expressions
28:2157  Error: Expected an assignment or function call and instead saw an expression.  @typescript-eslint/no-unused-expressions
28:2426  Error: Expected an assignment or function call and instead saw an expression.  @typescript-eslint/no-unused-expressions
28:2741  Error: Expected an assignment or function call and instead saw an expression.  @typescript-eslint/no-unused-expressions
28:3829  Error: Expected an assignment or function call and instead saw an expression.  @typescript-eslint/no-unused-expressions
28:4178  Error: Expected an assignment or function call and instead saw an expression.  @typescript-eslint/no-unused-expressions
28:4666  Error: Expected an assignment or function call and instead saw an expression.  @typescript-eslint/no-unused-expressions
28:5060  Error: Expected an assignment or function call and instead saw an expression.  @typescript-eslint/no-unused-expressions
28:5714  Error: Expected an assignment or function call and instead saw an expression.  @typescript-eslint/no-unused-expressions
28:6348  Error: Expected an assignment or function call and instead saw an expression.  @typescript-eslint/no-unused-expressions
28:6446  Error: Expected an assignment or function call and instead saw an expression.  @typescript-eslint/no-unused-expressions
28:6559  Error: Expected an assignment or function call and instead saw an expression.  @typescript-eslint/no-unused-expressions
28:6666  Error: Expected an assignment or function call and instead saw an expression.  @typescript-eslint/no-unused-expressions
28:7322  Error: Expected an assignment or function call and instead saw an expression.  @typescript-eslint/no-unused-expressions
28:7791  Error: Expected an assignment or function call and instead saw an expression.  @typescript-eslint/no-unused-expressions
28:7895  Error: Expected an assignment or function call and instead saw an expression.  @typescript-eslint/no-unused-expressions
28:8202  Error: Expected an assignment or function call and instead saw an expression.  @typescript-eslint/no-unused-expressions
28:9029  Error: Expected an assignment or function call and instead saw an expression.  @typescript-eslint/no-unused-expressions
29:6908  Error: Expected an assignment or function call and instead saw an expression.  @typescript-eslint/no-unused-expressions
29:7173  Error: Expected an assignment or function call and instead saw an expression.  @typescript-eslint/no-unused-expressions
29:8717  Error: Expected an assignment or function call and instead saw an expression.  @typescript-eslint/no-unused-expressions
29:9643  Error: Expected an assignment or function call and instead saw an expression.  @typescript-eslint/no-unused-expressions
29:9855  Error: Expected an assignment or function call and instead saw an expression.  @typescript-eslint/no-unused-expressions
29:12659  Error: Expected an assignment or function call and instead saw an expression.  @typescript-eslint/no-unused-expressions
29:12912  Error: A `require()` style import is forbidden.  @typescript-eslint/no-require-imports
29:12943  Error: A `require()` style import is forbidden.  @typescript-eslint/no-require-imports
29:12971  Error: A `require()` style import is forbidden.  @typescript-eslint/no-require-imports
29:12996  Error: A `require()` style import is forbidden.  @typescript-eslint/no-require-imports
29:13275  Error: Expected an assignment or function call and instead saw an expression.  @typescript-eslint/no-unused-expressions
29:13480  Error: Expected an assignment or function call and instead saw an expression.  @typescript-eslint/no-unused-expressions
29:13564  Error: Expected an assignment or function call and instead saw an expression.  @typescript-eslint/no-unused-expressions
31:3360  Error: Expected an assignment or function call and instead saw an expression.  @typescript-eslint/no-unused-expressions
31:3402  Error: Expected an assignment or function call and instead saw an expression.  @typescript-eslint/no-unused-expressions
31:7017  Error: Expected an assignment or function call and instead saw an expression.  @typescript-eslint/no-unused-expressions
31:7108  Error: Expected an assignment or function call and instead saw an expression.  @typescript-eslint/no-unused-expressions
31:7134  Error: Expected an assignment or function call and instead saw an expression.  @typescript-eslint/no-unused-expressions
31:9138  Error: Expected an assignment or function call and instead saw an expression.  @typescript-eslint/no-unused-expressions
33:1046  Error: A `require()` style import is forbidden.  @typescript-eslint/no-require-imports
33:1071  Error: A `require()` style import is forbidden.  @typescript-eslint/no-require-imports
64:1136  Error: Expected an assignment or function call and instead saw an expression.  @typescript-eslint/no-unused-expressions
110:488  Error: Expected an assignment or function call and instead saw an expression.  @typescript-eslint/no-unused-expressions
110:649  Error: Expected an assignment or function call and instead saw an expression.  @typescript-eslint/no-unused-expressions
110:1206  Error: Expected an assignment or function call and instead saw an expression.  @typescript-eslint/no-unused-expressions
110:1656  Error: Expected an assignment or function call and instead saw an expression.  @typescript-eslint/no-unused-expressions
110:1809  Error: Expected an assignment or function call and instead saw an expression.  @typescript-eslint/no-unused-expressions
110:1998  Error: Expected an assignment or function call and instead saw an expression.  @typescript-eslint/no-unused-expressions
110:2997  Error: Expected an assignment or function call and instead saw an expression.  @typescript-eslint/no-unused-expressions
110:6173  Error: Expected an assignment or function call and instead saw an expression.  @typescript-eslint/no-unused-expressions
111:1633  Error: Expected an assignment or function call and instead saw an expression.  @typescript-eslint/no-unused-expressions
111:1854  Error: Expected an assignment or function call and instead saw an expression.  @typescript-eslint/no-unused-expressions
111:2439  Error: Expected an assignment or function call and instead saw an expression.  @typescript-eslint/no-unused-expressions
111:2857  Error: Expected an assignment or function call and instead saw an expression.  @typescript-eslint/no-unused-expressions
111:2975  Error: Expected an assignment or function call and instead saw an expression.  @typescript-eslint/no-unused-expressions
111:3292  Error: Expected an assignment or function call and instead saw an expression.  @typescript-eslint/no-unused-expressions
111:3726  Error: Expected an assignment or function call and instead saw an expression.  @typescript-eslint/no-unused-expressions
111:4283  Error: Expected an assignment or function call and instead saw an expression.  @typescript-eslint/no-unused-expressions
111:5564  Error: Expected an assignment or function call and instead saw an expression.  @typescript-eslint/no-unused-expressions
111:6429  Error: Expected an assignment or function call and instead saw an expression.  @typescript-eslint/no-unused-expressions
111:6807  Error: Expected an assignment or function call and instead saw an expression.  @typescript-eslint/no-unused-expressions
111:10150  Error: A `require()` style import is forbidden.  @typescript-eslint/no-require-imports
111:10175  Error: A `require()` style import is forbidden.  @typescript-eslint/no-require-imports
111:11096  Error: Expected an assignment or function call and instead saw an expression.  @typescript-eslint/no-unused-expressions
111:12280  Error: Expected an assignment or function call and instead saw an expression.  @typescript-eslint/no-unused-expressions
111:12672  Error: Expected an assignment or function call and instead saw an expression.  @typescript-eslint/no-unused-expressions
111:13895  Error: Expected an assignment or function call and instead saw an expression.  @typescript-eslint/no-unused-expressions
111:14458  Error: Expected an assignment or function call and instead saw an expression.  @typescript-eslint/no-unused-expressions
112:405  Error: Expected an assignment or function call and instead saw an expression.  @typescript-eslint/no-unused-expressions
112:580  Error: Expected an assignment or function call and instead saw an expression.  @typescript-eslint/no-unused-expressions
112:696  Error: Expected an assignment or function call and instead saw an expression.  @typescript-eslint/no-unused-expressions
112:1269  Error: Expected an assignment or function call and instead saw an expression.  @typescript-eslint/no-unused-expressions
112:2401  Error: Expected an assignment or function call and instead saw an expression.  @typescript-eslint/no-unused-expressions
112:3003  Error: Expected an assignment or function call and instead saw an expression.  @typescript-eslint/no-unused-expressions
112:3120  Error: Expected an assignment or function call and instead saw an expression.  @typescript-eslint/no-unused-expressions
112:3816  Error: Expected an assignment or function call and instead saw an expression.  @typescript-eslint/no-unused-expressions
113:197  Error: Expected an assignment or function call and instead saw an expression.  @typescript-eslint/no-unused-expressions
113:1968  Error: Expected an assignment or function call and instead saw an expression.  @typescript-eslint/no-unused-expressions
113:2159  Error: 'l' is assigned a value but never used.  @typescript-eslint/no-unused-vars
113:2174  Error: 'u' is assigned a value but never used.  @typescript-eslint/no-unused-vars
121:72  Error: Expected an assignment or function call and instead saw an expression.  @typescript-eslint/no-unused-expressions
121:171  Error: Expected an assignment or function call and instead saw an expression.  @typescript-eslint/no-unused-expressions
121:264  Error: Expected an assignment or function call and instead saw an expression.  @typescript-eslint/no-unused-expressions
121:380  Error: Expected an assignment or function call and instead saw an expression.  @typescript-eslint/no-unused-expressions
121:463  Error: Expected an assignment or function call and instead saw an expression.  @typescript-eslint/no-unused-expressions
121:3550  Error: Expected an assignment or function call and instead saw an expression.  @typescript-eslint/no-unused-expressions
121:3768  Error: Expected an assignment or function call and instead saw an expression.  @typescript-eslint/no-unused-expressions
121:3853  Error: Expected an assignment or function call and instead saw an expression.  @typescript-eslint/no-unused-expressions
121:4156  Error: Expected an assignment or function call and instead saw an expression.  @typescript-eslint/no-unused-expressions
121:5297  Error: Expected an assignment or function call and instead saw an expression.  @typescript-eslint/no-unused-expressions
121:8899  Error: Expected an assignment or function call and instead saw an expression.  @typescript-eslint/no-unused-expressions
126:1875  Error: Expected an assignment or function call and instead saw an expression.  @typescript-eslint/no-unused-expressions
126:3177  Error: Expected an assignment or function call and instead saw an expression.  @typescript-eslint/no-unused-expressions
126:3310  Error: Expected an assignment or function call and instead saw an expression.  @typescript-eslint/no-unused-expressions
126:3496  Error: Expected an assignment or function call and instead saw an expression.  @typescript-eslint/no-unused-expressions
126:3695  Error: Expected an assignment or function call and instead saw an expression.  @typescript-eslint/no-unused-expressions
130:131  Error: Expected an assignment or function call and instead saw an expression.  @typescript-eslint/no-unused-expressions
130:180  Error: Expected an assignment or function call and instead saw an expression.  @typescript-eslint/no-unused-expressions
130:237  Error: Expected an assignment or function call and instead saw an expression.  @typescript-eslint/no-unused-expressions
130:276  Error: Expected an assignment or function call and instead saw an expression.  @typescript-eslint/no-unused-expressions
130:348  Error: Expected an assignment or function call and instead saw an expression.  @typescript-eslint/no-unused-expressions
130:903  Error: Expected an assignment or function call and instead saw an expression.  @typescript-eslint/no-unused-expressions
130:1007  Error: Expected an assignment or function call and instead saw an expression.  @typescript-eslint/no-unused-expressions
130:2094  Error: Expected an assignment or function call and instead saw an expression.  @typescript-eslint/no-unused-expressions
130:2174  Error: Expected an assignment or function call and instead saw an expression.  @typescript-eslint/no-unused-expressions
130:4042  Error: Expected an assignment or function call and instead saw an expression.  @typescript-eslint/no-unused-expressions
130:8137  Error: Expected an assignment or function call and instead saw an expression.  @typescript-eslint/no-unused-expressions
130:8506  Error: Expected an assignment or function call and instead saw an expression.  @typescript-eslint/no-unused-expressions
130:9674  Error: Expected an assignment or function call and instead saw an expression.  @typescript-eslint/no-unused-expressions
131:999  Error: Expected an assignment or function call and instead saw an expression.  @typescript-eslint/no-unused-expressions

./src/generated/prisma/runtime/react-native.js
1:441  Error: Expected an assignment or function call and instead saw an expression.  @typescript-eslint/no-unused-expressions
1:834  Error: 'x' is assigned a value but never used.  @typescript-eslint/no-unused-vars
1:1232  Error: Expected an assignment or function call and instead saw an expression.  @typescript-eslint/no-unused-expressions
1:1432  Error: Expected an assignment or function call and instead saw an expression.  @typescript-eslint/no-unused-expressions
1:1471  Error: Expected an assignment or function call and instead saw an expression.  @typescript-eslint/no-unused-expressions
1:1614  Error: Expected an assignment or function call and instead saw an expression.  @typescript-eslint/no-unused-expressions
1:1847  Error: Expected an assignment or function call and instead saw an expression.  @typescript-eslint/no-unused-expressions
1:2288  Error: Expected an assignment or function call and instead saw an expression.  @typescript-eslint/no-unused-expressions
1:2625  Error: Expected an assignment or function call and instead saw an expression.  @typescript-eslint/no-unused-expressions
1:2903  Error: Expected an assignment or function call and instead saw an expression.  @typescript-eslint/no-unused-expressions
1:3739  Error: Expected an assignment or function call and instead saw an expression.  @typescript-eslint/no-unused-expressions
1:7859  Error: Expected an assignment or function call and instead saw an expression.  @typescript-eslint/no-unused-expressions
1:8412  Error: Expected an assignment or function call and instead saw an expression.  @typescript-eslint/no-unused-expressions
1:9247  Error: Expected an assignment or function call and instead saw an expression.  @typescript-eslint/no-unused-expressions
1:9789  Error: Expected an assignment or function call and instead saw an expression.  @typescript-eslint/no-unused-expressions
1:9873  Error: Expected an assignment or function call and instead saw an expression.  @typescript-eslint/no-unused-expressions
1:10210  Error: Expected an assignment or function call and instead saw an expression.  @typescript-eslint/no-unused-expressions
1:10401  Error: Expected an assignment or function call and instead saw an expression.  @typescript-eslint/no-unused-expressions
1:10969  Error: Expected an assignment or function call and instead saw an expression.  @typescript-eslint/no-unused-expressions
1:11616  Error: Expected an assignment or function call and instead saw an expression.  @typescript-eslint/no-unused-expressions
1:12448  Error: Expected an assignment or function call and instead saw an expression.  @typescript-eslint/no-unused-expressions
1:12632  Error: Expected an assignment or function call and instead saw an expression.  @typescript-eslint/no-unused-expressions
1:13028  Error: Expected an assignment or function call and instead saw an expression.  @typescript-eslint/no-unused-expressions
1:13074  Error: Expected an assignment or function call and instead saw an expression.  @typescript-eslint/no-unused-expressions
1:13431  Error: Expected an assignment or function call and instead saw an expression.  @typescript-eslint/no-unused-expressions
1:13497  Error: Expected an assignment or function call and instead saw an expression.  @typescript-eslint/no-unused-expressions
1:13539  Error: Expected an assignment or function call and instead saw an expression.  @typescript-eslint/no-unused-expressions
1:13852  Error: Expected an assignment or function call and instead saw an expression.  @typescript-eslint/no-unused-expressions
1:14195  Error: Expected an assignment or function call and instead saw an expression.  @typescript-eslint/no-unused-expressions
1:14578  Error: Expected an assignment or function call and instead saw an expression.  @typescript-eslint/no-unused-expressions
1:14604  Error: Expected an assignment or function call and instead saw an expression.  @typescript-eslint/no-unused-expressions
1:14673  Error: Expected an assignment or function call and instead saw an expression.  @typescript-eslint/no-unused-expressions
1:14798  Error: Expected an assignment or function call and instead saw an expression.  @typescript-eslint/no-unused-expressions
1:14938  Error: Expected an assignment or function call and instead saw an expression.  @typescript-eslint/no-unused-expressions
1:15486  Error: Expected an assignment or function call and instead saw an expression.  @typescript-eslint/no-unused-expressions
1:15747  Error: Expected an assignment or function call and instead saw an expression.  @typescript-eslint/no-unused-expressions
1:16131  Error: Expected an assignment or function call and instead saw an expression.  @typescript-eslint/no-unused-expressions
1:16300  Error: Expected an assignment or function call and instead saw an expression.  @typescript-eslint/no-unused-expressions
1:17116  Error: Expected an assignment or function call and instead saw an expression.  @typescript-eslint/no-unused-expressions
1:17165  Error: Expected an assignment or function call and instead saw an expression.  @typescript-eslint/no-unused-expressions
1:17403  Error: Expected an assignment or function call and instead saw an expression.  @typescript-eslint/no-unused-expressions
1:17452  Error: Expected an assignment or function call and instead saw an expression.  @typescript-eslint/no-unused-expressions
1:17684  Error: Expected an assignment or function call and instead saw an expression.  @typescript-eslint/no-unused-expressions
1:17863  Error: Expected an assignment or function call and instead saw an expression.  @typescript-eslint/no-unused-expressions
1:18158  Error: Expected an assignment or function call and instead saw an expression.  @typescript-eslint/no-unused-expressions
1:18284  Error: Expected an assignment or function call and instead saw an expression.  @typescript-eslint/no-unused-expressions
1:18664  Error: Expected an assignment or function call and instead saw an expression.  @typescript-eslint/no-unused-expressions
1:18713  Error: Expected an assignment or function call and instead saw an expression.  @typescript-eslint/no-unused-expressions
1:18945  Error: Expected an assignment or function call and instead saw an expression.  @typescript-eslint/no-unused-expressions
1:18994  Error: Expected an assignment or function call and instead saw an expression.  @typescript-eslint/no-unused-expressions
1:21131  Error: Expected an assignment or function call and instead saw an expression.  @typescript-eslint/no-unused-expressions
1:21375  Error: Expected an assignment or function call and instead saw an expression.  @typescript-eslint/no-unused-expressions
1:21921  Error: Expected an assignment or function call and instead saw an expression.  @typescript-eslint/no-unused-expressions
1:22156  Error: Expected an assignment or function call and instead saw an expression.  @typescript-eslint/no-unused-expressions
1:23245  Error: 'i' is defined but never used.  @typescript-eslint/no-unused-vars
1:23247  Error: 'o' is defined but never used.  @typescript-eslint/no-unused-vars
1:24305  Error: Expected an assignment or function call and instead saw an expression.  @typescript-eslint/no-unused-expressions
1:24874  Error: Expected an assignment or function call and instead saw an expression.  @typescript-eslint/no-unused-expressions
1:24921  Error: Expected an assignment or function call and instead saw an expression.  @typescript-eslint/no-unused-expressions
1:25083  Error: Expected an assignment or function call and instead saw an expression.  @typescript-eslint/no-unused-expressions
1:25430  Error: Expected an assignment or function call and instead saw an expression.  @typescript-eslint/no-unused-expressions
1:26501  Error: Expected an assignment or function call and instead saw an expression.  @typescript-eslint/no-unused-expressions
1:27434  Error: Expected an assignment or function call and instead saw an expression.  @typescript-eslint/no-unused-expressions
1:27491  Error: Expected an assignment or function call and instead saw an expression.  @typescript-eslint/no-unused-expressions
1:27556  Error: Expected an assignment or function call and instead saw an expression.  @typescript-eslint/no-unused-expressions
1:27635  Error: Expected an assignment or function call and instead saw an expression.  @typescript-eslint/no-unused-expressions
1:28149  Error: Expected an assignment or function call and instead saw an expression.  @typescript-eslint/no-unused-expressions
1:29282  Error: Expected an assignment or function call and instead saw an expression.  @typescript-eslint/no-unused-expressions
1:29830  Error: Expected an assignment or function call and instead saw an expression.  @typescript-eslint/no-unused-expressions
1:34365  Error: Expected an assignment or function call and instead saw an expression.  @typescript-eslint/no-unused-expressions
1:34447  Error: Expected an assignment or function call and instead saw an expression.  @typescript-eslint/no-unused-expressions
1:34597  Error: Expected an assignment or function call and instead saw an expression.  @typescript-eslint/no-unused-expressions
1:34789  Error: Expected an assignment or function call and instead saw an expression.  @typescript-eslint/no-unused-expressions
1:34945  Error: Expected an assignment or function call and instead saw an expression.  @typescript-eslint/no-unused-expressions
1:36887  Error: 'e' is defined but never used.  @typescript-eslint/no-unused-vars
1:37375  Error: Expected an assignment or function call and instead saw an expression.  @typescript-eslint/no-unused-expressions
1:38296  Error: Expected an assignment or function call and instead saw an expression.  @typescript-eslint/no-unused-expressions
1:39073  Error: Expected an assignment or function call and instead saw an expression.  @typescript-eslint/no-unused-expressions
2:1664  Error: Expected an assignment or function call and instead saw an expression.  @typescript-eslint/no-unused-expressions
2:2512  Error: Expected an assignment or function call and instead saw an expression.  @typescript-eslint/no-unused-expressions
2:2689  Error: Expected an assignment or function call and instead saw an expression.  @typescript-eslint/no-unused-expressions
2:2805  Error: Expected an assignment or function call and instead saw an expression.  @typescript-eslint/no-unused-expressions
2:3183  Error: Expected an assignment or function call and instead saw an expression.  @typescript-eslint/no-unused-expressions
2:3544  Error: Expected an assignment or function call and instead saw an expression.  @typescript-eslint/no-unused-expressions
2:3839  Error: Expected an assignment or function call and instead saw an expression.  @typescript-eslint/no-unused-expressions
2:4232  Error: Expected an assignment or function call and instead saw an expression.  @typescript-eslint/no-unused-expressions
2:7243  Error: Unexpected aliasing of 'this' to local variable.  @typescript-eslint/no-this-alias
2:7439  Error: Unexpected aliasing of 'this' to local variable.  @typescript-eslint/no-this-alias
2:7795  Error: Unexpected aliasing of 'this' to local variable.  @typescript-eslint/no-this-alias
2:8065  Error: Unexpected aliasing of 'this' to local variable.  @typescript-eslint/no-this-alias
2:8651  Error: Expected an assignment or function call and instead saw an expression.  @typescript-eslint/no-unused-expressions
2:8665  Error: Expected an assignment or function call and instead saw an expression.  @typescript-eslint/no-unused-expressions
2:8913  Error: Expected an assignment or function call and instead saw an expression.  @typescript-eslint/no-unused-expressions
2:9052  Error: Unexpected aliasing of 'this' to local variable.  @typescript-eslint/no-this-alias
2:9430  Error: Unexpected aliasing of 'this' to local variable.  @typescript-eslint/no-this-alias
2:9530  Error: Expected an assignment or function call and instead saw an expression.  @typescript-eslint/no-unused-expressions
2:9772  Error: Expected an assignment or function call and instead saw an expression.  @typescript-eslint/no-unused-expressions
2:9915  Error: Unexpected aliasing of 'this' to local variable.  @typescript-eslint/no-this-alias
2:10102  Error: Expected an assignment or function call and instead saw an expression.  @typescript-eslint/no-unused-expressions
2:10223  Error: Expected an assignment or function call and instead saw an expression.  @typescript-eslint/no-unused-expressions
2:10376  Error: Unexpected aliasing of 'this' to local variable.  @typescript-eslint/no-this-alias
2:10595  Error: Unexpected aliasing of 'this' to local variable.  @typescript-eslint/no-this-alias
2:10927  Error: Unexpected aliasing of 'this' to local variable.  @typescript-eslint/no-this-alias
2:11231  Error: Unexpected aliasing of 'this' to local variable.  @typescript-eslint/no-this-alias
2:11525  Error: Unexpected aliasing of 'this' to local variable.  @typescript-eslint/no-this-alias
2:11893  Error: Unexpected aliasing of 'this' to local variable.  @typescript-eslint/no-this-alias
2:12234  Error: Unexpected aliasing of 'this' to local variable.  @typescript-eslint/no-this-alias
2:13310  Error: Unexpected aliasing of 'this' to local variable.  @typescript-eslint/no-this-alias
2:13375  Error: Expected an assignment or function call and instead saw an expression.  @typescript-eslint/no-unused-expressions
2:13754  Error: Expected an assignment or function call and instead saw an expression.  @typescript-eslint/no-unused-expressions
2:13907  Error: Unexpected aliasing of 'this' to local variable.  @typescript-eslint/no-this-alias
2:14650  Error: Expected an assignment or function call and instead saw an expression.  @typescript-eslint/no-unused-expressions
2:14827  Error: Unexpected aliasing of 'this' to local variable.  @typescript-eslint/no-this-alias
2:15299  Error: Unexpected aliasing of 'this' to local variable.  @typescript-eslint/no-this-alias
2:15798  Error: Expected an assignment or function call and instead saw an expression.  @typescript-eslint/no-unused-expressions
2:15965  Error: Unexpected aliasing of 'this' to local variable.  @typescript-eslint/no-this-alias
2:16104  Error: Unexpected aliasing of 'this' to local variable.  @typescript-eslint/no-this-alias
2:16196  Error: Unexpected aliasing of 'this' to local variable.  @typescript-eslint/no-this-alias
2:16465  Error: Unexpected aliasing of 'this' to local variable.  @typescript-eslint/no-this-alias
2:16990  Error: Expected an assignment or function call and instead saw an expression.  @typescript-eslint/no-unused-expressions
2:17004  Error: Expected an assignment or function call and instead saw an expression.  @typescript-eslint/no-unused-expressions
2:17150  Error: Unexpected aliasing of 'this' to local variable.  @typescript-eslint/no-this-alias
2:17456  Error: Unexpected aliasing of 'this' to local variable.  @typescript-eslint/no-this-alias
2:17750  Error: Expected an assignment or function call and instead saw an expression.  @typescript-eslint/no-unused-expressions
2:18002  Error: Unexpected aliasing of 'this' to local variable.  @typescript-eslint/no-this-alias
2:18155  Error: Unexpected aliasing of 'this' to local variable.  @typescript-eslint/no-this-alias
2:18353  Error: Unexpected aliasing of 'this' to local variable.  @typescript-eslint/no-this-alias
2:18577  Error: Unexpected aliasing of 'this' to local variable.  @typescript-eslint/no-this-alias
2:18923  Error: Expected an assignment or function call and instead saw an expression.  @typescript-eslint/no-unused-expressions
2:19262  Error: Unexpected aliasing of 'this' to local variable.  @typescript-eslint/no-this-alias
2:19325  Error: Expected an assignment or function call and instead saw an expression.  @typescript-eslint/no-unused-expressions
2:19652  Error: Unexpected aliasing of 'this' to local variable.  @typescript-eslint/no-this-alias
2:20465  Error: Unexpected aliasing of 'this' to local variable.  @typescript-eslint/no-this-alias
2:20725  Error: Unexpected aliasing of 'this' to local variable.  @typescript-eslint/no-this-alias
2:20885  Error: Unexpected aliasing of 'this' to local variable.  @typescript-eslint/no-this-alias
2:21102  Error: Unexpected aliasing of 'this' to local variable.  @typescript-eslint/no-this-alias
2:21270  Error: Expected an assignment or function call and instead saw an expression.  @typescript-eslint/no-unused-expressions
2:21312  Error: Expected an assignment or function call and instead saw an expression.  @typescript-eslint/no-unused-expressions
2:22096  Error: Expected an assignment or function call and instead saw an expression.  @typescript-eslint/no-unused-expressions
2:22230  Error: Expected an assignment or function call and instead saw an expression.  @typescript-eslint/no-unused-expressions
2:22552  Error: Expected an assignment or function call and instead saw an expression.  @typescript-eslint/no-unused-expressions
2:22761  Error: Expected an assignment or function call and instead saw an expression.  @typescript-eslint/no-unused-expressions
2:23277  Error: Expected an assignment or function call and instead saw an expression.  @typescript-eslint/no-unused-expressions
2:23358  Error: Expected an assignment or function call and instead saw an expression.  @typescript-eslint/no-unused-expressions
2:23526  Error: Expected an assignment or function call and instead saw an expression.  @typescript-eslint/no-unused-expressions
2:23580  Error: Expected an assignment or function call and instead saw an expression.  @typescript-eslint/no-unused-expressions
2:23998  Error: Expected an assignment or function call and instead saw an expression.  @typescript-eslint/no-unused-expressions
2:24022  Error: Expected an assignment or function call and instead saw an expression.  @typescript-eslint/no-unused-expressions
2:24069  Error: Expected an assignment or function call and instead saw an expression.  @typescript-eslint/no-unused-expressions
2:24252  Error: Expected an assignment or function call and instead saw an expression.  @typescript-eslint/no-unused-expressions
2:24365  Error: Expected an assignment or function call and instead saw an expression.  @typescript-eslint/no-unused-expressions
2:24439  Error: Expected an assignment or function call and instead saw an expression.  @typescript-eslint/no-unused-expressions
2:24910  Error: Expected an assignment or function call and instead saw an expression.  @typescript-eslint/no-unused-expressions
2:24980  Error: Expected an assignment or function call and instead saw an expression.  @typescript-eslint/no-unused-expressions
2:26006  Error: Expected an assignment or function call and instead saw an expression.  @typescript-eslint/no-unused-expressions
2:26051  Error: Expected an assignment or function call and instead saw an expression.  @typescript-eslint/no-unused-expressions
2:26227  Error: Expected an assignment or function call and instead saw an expression.  @typescript-eslint/no-unused-expressions
2:26501  Error: Expected an assignment or function call and instead saw an expression.  @typescript-eslint/no-unused-expressions
2:26761  Error: Expected an assignment or function call and instead saw an expression.  @typescript-eslint/no-unused-expressions
2:27195  Error: Expected an assignment or function call and instead saw an expression.  @typescript-eslint/no-unused-expressions
2:27235  Error: Expected an assignment or function call and instead saw an expression.  @typescript-eslint/no-unused-expressions
2:27675  Error: Expected an assignment or function call and instead saw an expression.  @typescript-eslint/no-unused-expressions
2:27818  Error: Expected an assignment or function call and instead saw an expression.  @typescript-eslint/no-unused-expressions
2:28248  Error: Expected an assignment or function call and instead saw an expression.  @typescript-eslint/no-unused-expressions
2:28301  Error: Expected an assignment or function call and instead saw an expression.  @typescript-eslint/no-unused-expressions
2:28406  Error: Expected an assignment or function call and instead saw an expression.  @typescript-eslint/no-unused-expressions
2:28639  Error: Expected an assignment or function call and instead saw an expression.  @typescript-eslint/no-unused-expressions
2:29161  Error: Expected an assignment or function call and instead saw an expression.  @typescript-eslint/no-unused-expressions
2:29279  Error: Expected an assignment or function call and instead saw an expression.  @typescript-eslint/no-unused-expressions
2:29628  Error: Expected an assignment or function call and instead saw an expression.  @typescript-eslint/no-unused-expressions
2:29644  Error: 'u' is assigned a value but never used.  @typescript-eslint/no-unused-vars
2:30639  Error: Expected an assignment or function call and instead saw an expression.  @typescript-eslint/no-unused-expressions
2:31017  Error: Expected an assignment or function call and instead saw an expression.  @typescript-eslint/no-unused-expressions
2:31517  Error: Expected an assignment or function call and instead saw an expression.  @typescript-eslint/no-unused-expressions
2:32836  Error: Unexpected aliasing of 'this' to local variable.  @typescript-eslint/no-this-alias
2:32906  Error: Expected an assignment or function call and instead saw an expression.  @typescript-eslint/no-unused-expressions
2:33084  Error: Expected an assignment or function call and instead saw an expression.  @typescript-eslint/no-unused-expressions
2:33191  Error: Expected an assignment or function call and instead saw an expression.  @typescript-eslint/no-unused-expressions
2:33297  Error: Expected an assignment or function call and instead saw an expression.  @typescript-eslint/no-unused-expressions
2:34315  Error: Expected an assignment or function call and instead saw an expression.  @typescript-eslint/no-unused-expressions
2:34612  Error: Expected an assignment or function call and instead saw an expression.  @typescript-eslint/no-unused-expressions
2:35348  Error: Expected an assignment or function call and instead saw an expression.  @typescript-eslint/no-unused-expressions
2:35492  Error: Expected an assignment or function call and instead saw an expression.  @typescript-eslint/no-unused-expressions
2:35755  Error: Expected an assignment or function call and instead saw an expression.  @typescript-eslint/no-unused-expressions
2:35834  Error: Expected an assignment or function call and instead saw an expression.  @typescript-eslint/no-unused-expressions
2:39765  Error: Expected an assignment or function call and instead saw an expression.  @typescript-eslint/no-unused-expressions
2:39792  Error: Expected an assignment or function call and instead saw an expression.  @typescript-eslint/no-unused-expressions
2:40188  Error: Expected an assignment or function call and instead saw an expression.  @typescript-eslint/no-unused-expressions
2:40221  Error: Expected an assignment or function call and instead saw an expression.  @typescript-eslint/no-unused-expressions
2:40321  Error: Expected an assignment or function call and instead saw an expression.  @typescript-eslint/no-unused-expressions
2:40491  Error: Expected an assignment or function call and instead saw an expression.  @typescript-eslint/no-unused-expressions
2:41507  Error: Expected an assignment or function call and instead saw an expression.  @typescript-eslint/no-unused-expressions
2:41569  Error: Expected an assignment or function call and instead saw an expression.  @typescript-eslint/no-unused-expressions
2:41671  Error: Expected an assignment or function call and instead saw an expression.  @typescript-eslint/no-unused-expressions
2:41784  Error: Expected an assignment or function call and instead saw an expression.  @typescript-eslint/no-unused-expressions
2:42147  Error: Expected an assignment or function call and instead saw an expression.  @typescript-eslint/no-unused-expressions
2:45525  Error: Expected an assignment or function call and instead saw an expression.  @typescript-eslint/no-unused-expressions
2:46258  Error: Expected an assignment or function call and instead saw an expression.  @typescript-eslint/no-unused-expressions
2:46909  Error: Expected an assignment or function call and instead saw an expression.  @typescript-eslint/no-unused-expressions
6:743  Error: Expected an assignment or function call and instead saw an expression.  @typescript-eslint/no-unused-expressions
6:1076  Error: Expected an assignment or function call and instead saw an expression.  @typescript-eslint/no-unused-expressions
6:1870  Error: Expected an assignment or function call and instead saw an expression.  @typescript-eslint/no-unused-expressions
6:1942  Error: Expected an assignment or function call and instead saw an expression.  @typescript-eslint/no-unused-expressions
7:317  Error: Expected an assignment or function call and instead saw an expression.  @typescript-eslint/no-unused-expressions
7:618  Error: Expected an assignment or function call and instead saw an expression.  @typescript-eslint/no-unused-expressions
7:1401  Error: Expected an assignment or function call and instead saw an expression.  @typescript-eslint/no-unused-expressions
7:1958  Error: Expected an assignment or function call and instead saw an expression.  @typescript-eslint/no-unused-expressions
7:2058  Error: Expected an assignment or function call and instead saw an expression.  @typescript-eslint/no-unused-expressions
8:743  Error: Expected an assignment or function call and instead saw an expression.  @typescript-eslint/no-unused-expressions
8:1332  Error: Expected an assignment or function call and instead saw an expression.  @typescript-eslint/no-unused-expressions
8:1445  Error: Expected an assignment or function call and instead saw an expression.  @typescript-eslint/no-unused-expressions
8:2358  Error: Unexpected aliasing of 'this' to local variable.  @typescript-eslint/no-this-alias
8:3260  Error: Expected an assignment or function call and instead saw an expression.  @typescript-eslint/no-unused-expressions
8:3354  Error: Expected an assignment or function call and instead saw an expression.  @typescript-eslint/no-unused-expressions
8:3719  Error: Expected an assignment or function call and instead saw an expression.  @typescript-eslint/no-unused-expressions
8:4868  Error: Expected an assignment or function call and instead saw an expression.  @typescript-eslint/no-unused-expressions
8:5294  Error: Expected an assignment or function call and instead saw an expression.  @typescript-eslint/no-unused-expressions
9:807  Error: Expected an assignment or function call and instead saw an expression.  @typescript-eslint/no-unused-expressions
9:1129  Error: Expected an assignment or function call and instead saw an expression.  @typescript-eslint/no-unused-expressions
9:1412  Error: Expected an assignment or function call and instead saw an expression.  @typescript-eslint/no-unused-expressions
9:2157  Error: Expected an assignment or function call and instead saw an expression.  @typescript-eslint/no-unused-expressions
9:2426  Error: Expected an assignment or function call and instead saw an expression.  @typescript-eslint/no-unused-expressions
9:2741  Error: Expected an assignment or function call and instead saw an expression.  @typescript-eslint/no-unused-expressions
9:3829  Error: Expected an assignment or function call and instead saw an expression.  @typescript-eslint/no-unused-expressions
9:4178  Error: Expected an assignment or function call and instead saw an expression.  @typescript-eslint/no-unused-expressions
9:4666  Error: Expected an assignment or function call and instead saw an expression.  @typescript-eslint/no-unused-expressions
9:5060  Error: Expected an assignment or function call and instead saw an expression.  @typescript-eslint/no-unused-expressions
9:5714  Error: Expected an assignment or function call and instead saw an expression.  @typescript-eslint/no-unused-expressions
9:6348  Error: Expected an assignment or function call and instead saw an expression.  @typescript-eslint/no-unused-expressions
9:6446  Error: Expected an assignment or function call and instead saw an expression.  @typescript-eslint/no-unused-expressions
9:6559  Error: Expected an assignment or function call and instead saw an expression.  @typescript-eslint/no-unused-expressions
9:6666  Error: Expected an assignment or function call and instead saw an expression.  @typescript-eslint/no-unused-expressions
9:7322  Error: Expected an assignment or function call and instead saw an expression.  @typescript-eslint/no-unused-expressions
9:7791  Error: Expected an assignment or function call and instead saw an expression.  @typescript-eslint/no-unused-expressions
9:7935  Error: Expected an assignment or function call and instead saw an expression.  @typescript-eslint/no-unused-expressions
9:8262  Error: Expected an assignment or function call and instead saw an expression.  @typescript-eslint/no-unused-expressions
9:9109  Error: Expected an assignment or function call and instead saw an expression.  @typescript-eslint/no-unused-expressions
10:7031  Error: Expected an assignment or function call and instead saw an expression.  @typescript-eslint/no-unused-expressions
10:7296  Error: Expected an assignment or function call and instead saw an expression.  @typescript-eslint/no-unused-expressions
10:8842  Error: Expected an assignment or function call and instead saw an expression.  @typescript-eslint/no-unused-expressions
10:9768  Error: Expected an assignment or function call and instead saw an expression.  @typescript-eslint/no-unused-expressions
10:9980  Error: Expected an assignment or function call and instead saw an expression.  @typescript-eslint/no-unused-expressions
10:12845  Error: Expected an assignment or function call and instead saw an expression.  @typescript-eslint/no-unused-expressions
10:13424  Error: Expected an assignment or function call and instead saw an expression.  @typescript-eslint/no-unused-expressions
10:13629  Error: Expected an assignment or function call and instead saw an expression.  @typescript-eslint/no-unused-expressions
10:13713  Error: Expected an assignment or function call and instead saw an expression.  @typescript-eslint/no-unused-expressions
12:3460  Error: Expected an assignment or function call and instead saw an expression.  @typescript-eslint/no-unused-expressions
12:3502  Error: Expected an assignment or function call and instead saw an expression.  @typescript-eslint/no-unused-expressions
12:7237  Error: Expected an assignment or function call and instead saw an expression.  @typescript-eslint/no-unused-expressions
12:7328  Error: Expected an assignment or function call and instead saw an expression.  @typescript-eslint/no-unused-expressions
12:7354  Error: Expected an assignment or function call and instead saw an expression.  @typescript-eslint/no-unused-expressions
12:9438  Error: Expected an assignment or function call and instead saw an expression.  @typescript-eslint/no-unused-expressions
60:2183  Error: 'n' is defined but never used.  @typescript-eslint/no-unused-vars
60:2730  Error: 't' is defined but never used.  @typescript-eslint/no-unused-vars
60:3057  Error: 't' is defined but never used.  @typescript-eslint/no-unused-vars
60:3734  Error: 'z2' is assigned a value but never used.  @typescript-eslint/no-unused-vars
60:4210  Error: 'r' is defined but never used.  @typescript-eslint/no-unused-vars
60:4213  Error: Expected an assignment or function call and instead saw an expression.  @typescript-eslint/no-unused-expressions
60:4552  Error: Expected an assignment or function call and instead saw an expression.  @typescript-eslint/no-unused-expressions
60:5442  Error: Expected an assignment or function call and instead saw an expression.  @typescript-eslint/no-unused-expressions
60:5761  Error: Expected an assignment or function call and instead saw an expression.  @typescript-eslint/no-unused-expressions
60:6325  Error: Expected an assignment or function call and instead saw an expression.  @typescript-eslint/no-unused-expressions
60:6791  Error: Expected an assignment or function call and instead saw an expression.  @typescript-eslint/no-unused-expressions
60:6960  Error: Expected an assignment or function call and instead saw an expression.  @typescript-eslint/no-unused-expressions
60:7076  Error: Expected an assignment or function call and instead saw an expression.  @typescript-eslint/no-unused-expressions
60:7643  Error: Expected an assignment or function call and instead saw an expression.  @typescript-eslint/no-unused-expressions
60:8775  Error: Expected an assignment or function call and instead saw an expression.  @typescript-eslint/no-unused-expressions
60:9377  Error: Expected an assignment or function call and instead saw an expression.  @typescript-eslint/no-unused-expressions
60:9494  Error: Expected an assignment or function call and instead saw an expression.  @typescript-eslint/no-unused-expressions
60:10190  Error: Expected an assignment or function call and instead saw an expression.  @typescript-eslint/no-unused-expressions
61:197  Error: Expected an assignment or function call and instead saw an expression.  @typescript-eslint/no-unused-expressions
61:1962  Error: Expected an assignment or function call and instead saw an expression.  @typescript-eslint/no-unused-expressions
61:2137  Error: 'a' is assigned a value but never used.  @typescript-eslint/no-unused-vars
61:2153  Error: 'l' is assigned a value but never used.  @typescript-eslint/no-unused-vars
61:2168  Error: 'u' is assigned a value but never used.  @typescript-eslint/no-unused-vars
69:72  Error: Expected an assignment or function call and instead saw an expression.  @typescript-eslint/no-unused-expressions
69:171  Error: Expected an assignment or function call and instead saw an expression.  @typescript-eslint/no-unused-expressions
69:264  Error: Expected an assignment or function call and instead saw an expression.  @typescript-eslint/no-unused-expressions
69:380  Error: Expected an assignment or function call and instead saw an expression.  @typescript-eslint/no-unused-expressions
69:463  Error: Expected an assignment or function call and instead saw an expression.  @typescript-eslint/no-unused-expressions
69:3745  Error: Expected an assignment or function call and instead saw an expression.  @typescript-eslint/no-unused-expressions
69:3963  Error: Expected an assignment or function call and instead saw an expression.  @typescript-eslint/no-unused-expressions
69:4048  Error: Expected an assignment or function call and instead saw an expression.  @typescript-eslint/no-unused-expressions
69:4351  Error: Expected an assignment or function call and instead saw an expression.  @typescript-eslint/no-unused-expressions
69:5514  Error: Expected an assignment or function call and instead saw an expression.  @typescript-eslint/no-unused-expressions
69:9173  Error: Expected an assignment or function call and instead saw an expression.  @typescript-eslint/no-unused-expressions
74:1875  Error: Expected an assignment or function call and instead saw an expression.  @typescript-eslint/no-unused-expressions
74:3177  Error: Expected an assignment or function call and instead saw an expression.  @typescript-eslint/no-unused-expressions
74:3310  Error: Expected an assignment or function call and instead saw an expression.  @typescript-eslint/no-unused-expressions
74:3496  Error: Expected an assignment or function call and instead saw an expression.  @typescript-eslint/no-unused-expressions
74:3695  Error: Expected an assignment or function call and instead saw an expression.  @typescript-eslint/no-unused-expressions
78:151  Error: Expected an assignment or function call and instead saw an expression.  @typescript-eslint/no-unused-expressions
78:200  Error: Expected an assignment or function call and instead saw an expression.  @typescript-eslint/no-unused-expressions
78:257  Error: Expected an assignment or function call and instead saw an expression.  @typescript-eslint/no-unused-expressions
78:296  Error: Expected an assignment or function call and instead saw an expression.  @typescript-eslint/no-unused-expressions
78:368  Error: Expected an assignment or function call and instead saw an expression.  @typescript-eslint/no-unused-expressions
78:923  Error: Expected an assignment or function call and instead saw an expression.  @typescript-eslint/no-unused-expressions
78:1014  Error: Expected an assignment or function call and instead saw an expression.  @typescript-eslint/no-unused-expressions
78:1202  Error: 'o' is assigned a value but never used.  @typescript-eslint/no-unused-vars
78:2048  Error: Expected an assignment or function call and instead saw an expression.  @typescript-eslint/no-unused-expressions
78:2120  Error: Expected an assignment or function call and instead saw an expression.  @typescript-eslint/no-unused-expressions
78:3969  Error: Expected an assignment or function call and instead saw an expression.  @typescript-eslint/no-unused-expressions
78:8068  Error: Expected an assignment or function call and instead saw an expression.  @typescript-eslint/no-unused-expressions
78:8437  Error: Expected an assignment or function call and instead saw an expression.  @typescript-eslint/no-unused-expressions
78:9605  Error: Expected an assignment or function call and instead saw an expression.  @typescript-eslint/no-unused-expressions
79:995  Error: Expected an assignment or function call and instead saw an expression.  @typescript-eslint/no-unused-expressions

./src/generated/prisma/runtime/wasm.js
1:441  Error: Expected an assignment or function call and instead saw an expression.  @typescript-eslint/no-unused-expressions
1:1922  Error: Expected an assignment or function call and instead saw an expression.  @typescript-eslint/no-unused-expressions
1:2123  Error: Expected an assignment or function call and instead saw an expression.  @typescript-eslint/no-unused-expressions
1:4090  Error: Expected an assignment or function call and instead saw an expression.  @typescript-eslint/no-unused-expressions
1:5126  Error: Expected an assignment or function call and instead saw an expression.  @typescript-eslint/no-unused-expressions
1:5364  Error: Expected an assignment or function call and instead saw an expression.  @typescript-eslint/no-unused-expressions
1:5616  Error: Expected an assignment or function call and instead saw an expression.  @typescript-eslint/no-unused-expressions
1:5859  Error: Expected an assignment or function call and instead saw an expression.  @typescript-eslint/no-unused-expressions
1:6266  Error: Expected an assignment or function call and instead saw an expression.  @typescript-eslint/no-unused-expressions
1:6417  Error: Expected an assignment or function call and instead saw an expression.  @typescript-eslint/no-unused-expressions
1:6525  Error: Expected an assignment or function call and instead saw an expression.  @typescript-eslint/no-unused-expressions
1:6673  Error: Expected an assignment or function call and instead saw an expression.  @typescript-eslint/no-unused-expressions
1:7667  Error: Expected an assignment or function call and instead saw an expression.  @typescript-eslint/no-unused-expressions
1:7809  Error: Expected an assignment or function call and instead saw an expression.  @typescript-eslint/no-unused-expressions
1:10035  Error: Expected an assignment or function call and instead saw an expression.  @typescript-eslint/no-unused-expressions
1:10473  Error: Expected an assignment or function call and instead saw an expression.  @typescript-eslint/no-unused-expressions
1:10725  Error: 'x' is assigned a value but never used.  @typescript-eslint/no-unused-vars
1:11355  Error: Expected an assignment or function call and instead saw an expression.  @typescript-eslint/no-unused-expressions
1:11613  Error: Expected an assignment or function call and instead saw an expression.  @typescript-eslint/no-unused-expressions
1:11655  Error: Expected an assignment or function call and instead saw an expression.  @typescript-eslint/no-unused-expressions
1:11940  Error: Expected an assignment or function call and instead saw an expression.  @typescript-eslint/no-unused-expressions
1:12796  Error: Expected an assignment or function call and instead saw an expression.  @typescript-eslint/no-unused-expressions
1:12837  Error: Expected an assignment or function call and instead saw an expression.  @typescript-eslint/no-unused-expressions
1:13286  Error: Expected an assignment or function call and instead saw an expression.  @typescript-eslint/no-unused-expressions
1:13684  Error: Expected an assignment or function call and instead saw an expression.  @typescript-eslint/no-unused-expressions
1:13797  Error: Expected an assignment or function call and instead saw an expression.  @typescript-eslint/no-unused-expressions
1:13914  Error: Expected an assignment or function call and instead saw an expression.  @typescript-eslint/no-unused-expressions
1:14019  Error: Expected an assignment or function call and instead saw an expression.  @typescript-eslint/no-unused-expressions
1:14451  Error: Expected an assignment or function call and instead saw an expression.  @typescript-eslint/no-unused-expressions
1:14516  Error: Expected an assignment or function call and instead saw an expression.  @typescript-eslint/no-unused-expressions
1:15179  Error: Expected an assignment or function call and instead saw an expression.  @typescript-eslint/no-unused-expressions
1:15771  Error: Unexpected aliasing of 'this' to local variable.  @typescript-eslint/no-this-alias
1:15850  Error: Expected an assignment or function call and instead saw an expression.  @typescript-eslint/no-unused-expressions
1:15974  Error: Expected an assignment or function call and instead saw an expression.  @typescript-eslint/no-unused-expressions
1:15991  Error: Expected an assignment or function call and instead saw an expression.  @typescript-eslint/no-unused-expressions
1:16037  Error: Expected an assignment or function call and instead saw an expression.  @typescript-eslint/no-unused-expressions
1:16524  Error: Expected an assignment or function call and instead saw an expression.  @typescript-eslint/no-unused-expressions
1:17080  Error: Expected an assignment or function call and instead saw an expression.  @typescript-eslint/no-unused-expressions
1:17594  Error: Unexpected aliasing of 'this' to local variable.  @typescript-eslint/no-this-alias
1:17863  Error: Unexpected aliasing of 'this' to local variable.  @typescript-eslint/no-this-alias
1:18065  Error: Unexpected aliasing of 'this' to local variable.  @typescript-eslint/no-this-alias
1:18676  Error: Unexpected aliasing of 'this' to local variable.  @typescript-eslint/no-this-alias
1:18950  Error: Unexpected aliasing of 'this' to local variable.  @typescript-eslint/no-this-alias
1:19057  Error: Unexpected aliasing of 'this' to local variable.  @typescript-eslint/no-this-alias
1:19425  Error: Unexpected aliasing of 'this' to local variable.  @typescript-eslint/no-this-alias
1:19538  Error: Unexpected aliasing of 'this' to local variable.  @typescript-eslint/no-this-alias
1:19767  Error: Unexpected aliasing of 'this' to local variable.  @typescript-eslint/no-this-alias
1:20361  Error: Unexpected aliasing of 'this' to local variable.  @typescript-eslint/no-this-alias
1:20579  Error: Expected an assignment or function call and instead saw an expression.  @typescript-eslint/no-unused-expressions
1:20763  Error: Unexpected aliasing of 'this' to local variable.  @typescript-eslint/no-this-alias
1:20917  Error: Unexpected aliasing of 'this' to local variable.  @typescript-eslint/no-this-alias
1:21086  Error: Unexpected aliasing of 'this' to local variable.  @typescript-eslint/no-this-alias
1:21298  Error: Unexpected aliasing of 'this' to local variable.  @typescript-eslint/no-this-alias
1:21438  Error: Unexpected aliasing of 'this' to local variable.  @typescript-eslint/no-this-alias
1:21781  Error: Expected an assignment or function call and instead saw an expression.  @typescript-eslint/no-unused-expressions
1:22011  Error: Unexpected aliasing of 'this' to local variable.  @typescript-eslint/no-this-alias
1:22250  Error: Unexpected aliasing of 'this' to local variable.  @typescript-eslint/no-this-alias
1:22479  Error: Unexpected aliasing of 'this' to local variable.  @typescript-eslint/no-this-alias
1:22624  Error: Expected an assignment or function call and instead saw an expression.  @typescript-eslint/no-unused-expressions
1:22831  Error: Expected an assignment or function call and instead saw an expression.  @typescript-eslint/no-unused-expressions
1:23335  Error: Expected an assignment or function call and instead saw an expression.  @typescript-eslint/no-unused-expressions
1:23495  Error: Expected an assignment or function call and instead saw an expression.  @typescript-eslint/no-unused-expressions
1:23549  Error: Expected an assignment or function call and instead saw an expression.  @typescript-eslint/no-unused-expressions
1:24073  Error: Expected an assignment or function call and instead saw an expression.  @typescript-eslint/no-unused-expressions
1:24779  Error: Expected an assignment or function call and instead saw an expression.  @typescript-eslint/no-unused-expressions
1:25331  Error: Expected an assignment or function call and instead saw an expression.  @typescript-eslint/no-unused-expressions
1:29089  Error: Expected an assignment or function call and instead saw an expression.  @typescript-eslint/no-unused-expressions
1:29171  Error: Expected an assignment or function call and instead saw an expression.  @typescript-eslint/no-unused-expressions
1:29322  Error: Expected an assignment or function call and instead saw an expression.  @typescript-eslint/no-unused-expressions
1:29517  Error: Expected an assignment or function call and instead saw an expression.  @typescript-eslint/no-unused-expressions
1:29675  Error: Expected an assignment or function call and instead saw an expression.  @typescript-eslint/no-unused-expressions
1:31650  Error: 't' is defined but never used.  @typescript-eslint/no-unused-vars
1:31759  Error: Expected an assignment or function call and instead saw an expression.  @typescript-eslint/no-unused-expressions
1:32124  Error: 'ju' is assigned a value but never used.  @typescript-eslint/no-unused-vars
1:32156  Error: 'Qu' is assigned a value but never used.  @typescript-eslint/no-unused-vars
1:32178  Error: 'Ju' is assigned a value but never used.  @typescript-eslint/no-unused-vars
1:32189  Error: 'Gu' is assigned a value but never used.  @typescript-eslint/no-unused-vars
1:32200  Error: 'Wu' is assigned a value but never used.  @typescript-eslint/no-unused-vars
1:32211  Error: 'Ku' is assigned a value but never used.  @typescript-eslint/no-unused-vars
1:32271  Error: 'Hu' is assigned a value but never used.  @typescript-eslint/no-unused-vars
1:32295  Error: 'zu' is assigned a value but never used.  @typescript-eslint/no-unused-vars
1:32319  Error: 'Yu' is assigned a value but never used.  @typescript-eslint/no-unused-vars
1:32331  Error: 'Xu' is assigned a value but never used.  @typescript-eslint/no-unused-vars
1:32343  Error: 'Zu' is assigned a value but never used.  @typescript-eslint/no-unused-vars
1:32355  Error: 'ec' is assigned a value but never used.  @typescript-eslint/no-unused-vars
1:32367  Error: 'tc' is assigned a value but never used.  @typescript-eslint/no-unused-vars
1:32379  Error: 'rc' is assigned a value but never used.  @typescript-eslint/no-unused-vars
1:32391  Error: 'nc' is assigned a value but never used.  @typescript-eslint/no-unused-vars
1:32403  Error: 'ic' is assigned a value but never used.  @typescript-eslint/no-unused-vars
1:32415  Error: 'oc' is assigned a value but never used.  @typescript-eslint/no-unused-vars
1:32684  Error: Expected an assignment or function call and instead saw an expression.  @typescript-eslint/no-unused-expressions
1:33305  Error: 's' is assigned a value but never used.  @typescript-eslint/no-unused-vars
1:33461  Error: Expected an assignment or function call and instead saw an expression.  @typescript-eslint/no-unused-expressions
1:35302  Error: Expected an assignment or function call and instead saw an expression.  @typescript-eslint/no-unused-expressions
1:36064  Error: Expected an assignment or function call and instead saw an expression.  @typescript-eslint/no-unused-expressions
1:36249  Error: Expected an assignment or function call and instead saw an expression.  @typescript-eslint/no-unused-expressions
1:36365  Error: Expected an assignment or function call and instead saw an expression.  @typescript-eslint/no-unused-expressions
1:36746  Error: Expected an assignment or function call and instead saw an expression.  @typescript-eslint/no-unused-expressions
1:37110  Error: Expected an assignment or function call and instead saw an expression.  @typescript-eslint/no-unused-expressions
1:37409  Error: Expected an assignment or function call and instead saw an expression.  @typescript-eslint/no-unused-expressions
1:37805  Error: Expected an assignment or function call and instead saw an expression.  @typescript-eslint/no-unused-expressions
1:40306  Error: 'Hs' is assigned a value but never used.  @typescript-eslint/no-unused-vars
1:41054  Error: Expected an assignment or function call and instead saw an expression.  @typescript-eslint/no-unused-expressions
1:41126  Error: Expected an assignment or function call and instead saw an expression.  @typescript-eslint/no-unused-expressions
2:387  Error: Expected an assignment or function call and instead saw an expression.  @typescript-eslint/no-unused-expressions
2:688  Error: Expected an assignment or function call and instead saw an expression.  @typescript-eslint/no-unused-expressions
2:1475  Error: Expected an assignment or function call and instead saw an expression.  @typescript-eslint/no-unused-expressions
2:2044  Error: Expected an assignment or function call and instead saw an expression.  @typescript-eslint/no-unused-expressions
2:2144  Error: Expected an assignment or function call and instead saw an expression.  @typescript-eslint/no-unused-expressions
3:759  Error: Expected an assignment or function call and instead saw an expression.  @typescript-eslint/no-unused-expressions
3:1352  Error: Expected an assignment or function call and instead saw an expression.  @typescript-eslint/no-unused-expressions
3:1465  Error: Expected an assignment or function call and instead saw an expression.  @typescript-eslint/no-unused-expressions
3:2378  Error: Unexpected aliasing of 'this' to local variable.  @typescript-eslint/no-this-alias
3:3280  Error: Expected an assignment or function call and instead saw an expression.  @typescript-eslint/no-unused-expressions
3:3374  Error: Expected an assignment or function call and instead saw an expression.  @typescript-eslint/no-unused-expressions
3:3743  Error: Expected an assignment or function call and instead saw an expression.  @typescript-eslint/no-unused-expressions
3:4896  Error: Expected an assignment or function call and instead saw an expression.  @typescript-eslint/no-unused-expressions
3:5322  Error: Expected an assignment or function call and instead saw an expression.  @typescript-eslint/no-unused-expressions
4:807  Error: Expected an assignment or function call and instead saw an expression.  @typescript-eslint/no-unused-expressions
4:1129  Error: Expected an assignment or function call and instead saw an expression.  @typescript-eslint/no-unused-expressions
4:1412  Error: Expected an assignment or function call and instead saw an expression.  @typescript-eslint/no-unused-expressions
4:2157  Error: Expected an assignment or function call and instead saw an expression.  @typescript-eslint/no-unused-expressions
4:2426  Error: Expected an assignment or function call and instead saw an expression.  @typescript-eslint/no-unused-expressions
4:2741  Error: Expected an assignment or function call and instead saw an expression.  @typescript-eslint/no-unused-expressions
4:3829  Error: Expected an assignment or function call and instead saw an expression.  @typescript-eslint/no-unused-expressions
4:4178  Error: Expected an assignment or function call and instead saw an expression.  @typescript-eslint/no-unused-expressions
4:4666  Error: Expected an assignment or function call and instead saw an expression.  @typescript-eslint/no-unused-expressions
4:5060  Error: Expected an assignment or function call and instead saw an expression.  @typescript-eslint/no-unused-expressions
4:5714  Error: Expected an assignment or function call and instead saw an expression.  @typescript-eslint/no-unused-expressions
4:6348  Error: Expected an assignment or function call and instead saw an expression.  @typescript-eslint/no-unused-expressions
4:6446  Error: Expected an assignment or function call and instead saw an expression.  @typescript-eslint/no-unused-expressions
4:6559  Error: Expected an assignment or function call and instead saw an expression.  @typescript-eslint/no-unused-expressions
4:6666  Error: Expected an assignment or function call and instead saw an expression.  @typescript-eslint/no-unused-expressions
4:7322  Error: Expected an assignment or function call and instead saw an expression.  @typescript-eslint/no-unused-expressions
4:7791  Error: Expected an assignment or function call and instead saw an expression.  @typescript-eslint/no-unused-expressions
4:7943  Error: Expected an assignment or function call and instead saw an expression.  @typescript-eslint/no-unused-expressions
4:8274  Error: Expected an assignment or function call and instead saw an expression.  @typescript-eslint/no-unused-expressions
4:9125  Error: Expected an assignment or function call and instead saw an expression.  @typescript-eslint/no-unused-expressions
5:7047  Error: Expected an assignment or function call and instead saw an expression.  @typescript-eslint/no-unused-expressions
5:7312  Error: Expected an assignment or function call and instead saw an expression.  @typescript-eslint/no-unused-expressions
5:8851  Error: Expected an assignment or function call and instead saw an expression.  @typescript-eslint/no-unused-expressions
5:9777  Error: Expected an assignment or function call and instead saw an expression.  @typescript-eslint/no-unused-expressions
5:9989  Error: Expected an assignment or function call and instead saw an expression.  @typescript-eslint/no-unused-expressions
5:12625  Error: 't' is defined but never used.  @typescript-eslint/no-unused-vars
5:12716  Error: 'jr' is defined but never used.  @typescript-eslint/no-unused-vars
5:12868  Error: Expected an assignment or function call and instead saw an expression.  @typescript-eslint/no-unused-expressions
5:13458  Error: Expected an assignment or function call and instead saw an expression.  @typescript-eslint/no-unused-expressions
5:13663  Error: Expected an assignment or function call and instead saw an expression.  @typescript-eslint/no-unused-expressions
5:13747  Error: Expected an assignment or function call and instead saw an expression.  @typescript-eslint/no-unused-expressions
6:1298  Error: Expected an assignment or function call and instead saw an expression.  @typescript-eslint/no-unused-expressions
6:1340  Error: Expected an assignment or function call and instead saw an expression.  @typescript-eslint/no-unused-expressions
6:5095  Error: Expected an assignment or function call and instead saw an expression.  @typescript-eslint/no-unused-expressions
6:5186  Error: Expected an assignment or function call and instead saw an expression.  @typescript-eslint/no-unused-expressions
6:5212  Error: Expected an assignment or function call and instead saw an expression.  @typescript-eslint/no-unused-expressions
6:7313  Error: Expected an assignment or function call and instead saw an expression.  @typescript-eslint/no-unused-expressions
11:2275  Error: Expected an assignment or function call and instead saw an expression.  @typescript-eslint/no-unused-expressions
11:2980  Error: 'SS' is assigned a value but never used.  @typescript-eslint/no-unused-vars
11:3459  Error: Expected an assignment or function call and instead saw an expression.  @typescript-eslint/no-unused-expressions
11:3801  Error: Expected an assignment or function call and instead saw an expression.  @typescript-eslint/no-unused-expressions
11:5024  Error: Expected an assignment or function call and instead saw an expression.  @typescript-eslint/no-unused-expressions
11:5587  Error: Expected an assignment or function call and instead saw an expression.  @typescript-eslint/no-unused-expressions
11:6053  Error: Expected an assignment or function call and instead saw an expression.  @typescript-eslint/no-unused-expressions
11:6222  Error: Expected an assignment or function call and instead saw an expression.  @typescript-eslint/no-unused-expressions
11:6338  Error: Expected an assignment or function call and instead saw an expression.  @typescript-eslint/no-unused-expressions
11:6905  Error: Expected an assignment or function call and instead saw an expression.  @typescript-eslint/no-unused-expressions
11:7912  Error: Expected an assignment or function call and instead saw an expression.  @typescript-eslint/no-unused-expressions
11:8514  Error: Expected an assignment or function call and instead saw an expression.  @typescript-eslint/no-unused-expressions
11:8631  Error: Expected an assignment or function call and instead saw an expression.  @typescript-eslint/no-unused-expressions
11:9327  Error: Expected an assignment or function call and instead saw an expression.  @typescript-eslint/no-unused-expressions
11:9730  Error: Expected an assignment or function call and instead saw an expression.  @typescript-eslint/no-unused-expressions
12:197  Error: Expected an assignment or function call and instead saw an expression.  @typescript-eslint/no-unused-expressions
12:832  Error: Expected an assignment or function call and instead saw an expression.  @typescript-eslint/no-unused-expressions
12:1684  Error: Expected an assignment or function call and instead saw an expression.  @typescript-eslint/no-unused-expressions
12:2612  Error: 'e' is defined but never used.  @typescript-eslint/no-unused-vars
12:2653  Error: 'e' is defined but never used.  @typescript-eslint/no-unused-vars
12:2684  Error: 'e' is defined but never used.  @typescript-eslint/no-unused-vars
12:2686  Error: 'r' is defined but never used.  @typescript-eslint/no-unused-vars
12:2688  Error: 'n' is defined but never used.  @typescript-eslint/no-unused-vars
12:2741  Error: 'e' is defined but never used.  @typescript-eslint/no-unused-vars
12:2794  Error: 'e' is defined but never used.  @typescript-eslint/no-unused-vars
12:2796  Error: 'r' is defined but never used.  @typescript-eslint/no-unused-vars
12:2854  Error: 'e' is defined but never used.  @typescript-eslint/no-unused-vars
12:2856  Error: 'r' is defined but never used.  @typescript-eslint/no-unused-vars
12:3206  Error: Expected an assignment or function call and instead saw an expression.  @typescript-eslint/no-unused-expressions
12:3381  Error: 'a' is assigned a value but never used.  @typescript-eslint/no-unused-vars
12:3397  Error: 'f' is assigned a value but never used.  @typescript-eslint/no-unused-vars
12:3412  Error: 'h' is assigned a value but never used.  @typescript-eslint/no-unused-vars
21:72  Error: Expected an assignment or function call and instead saw an expression.  @typescript-eslint/no-unused-expressions
21:171  Error: Expected an assignment or function call and instead saw an expression.  @typescript-eslint/no-unused-expressions
21:264  Error: Expected an assignment or function call and instead saw an expression.  @typescript-eslint/no-unused-expressions
21:380  Error: Expected an assignment or function call and instead saw an expression.  @typescript-eslint/no-unused-expressions
21:463  Error: Expected an assignment or function call and instead saw an expression.  @typescript-eslint/no-unused-expressions
21:3784  Error: Expected an assignment or function call and instead saw an expression.  @typescript-eslint/no-unused-expressions
21:4002  Error: Expected an assignment or function call and instead saw an expression.  @typescript-eslint/no-unused-expressions
21:4087  Error: Expected an assignment or function call and instead saw an expression.  @typescript-eslint/no-unused-expressions
21:4390  Error: Expected an assignment or function call and instead saw an expression.  @typescript-eslint/no-unused-expressions
21:5554  Error: Expected an assignment or function call and instead saw an expression.  @typescript-eslint/no-unused-expressions
21:9223  Error: Expected an assignment or function call and instead saw an expression.  @typescript-eslint/no-unused-expressions
26:1875  Error: Expected an assignment or function call and instead saw an expression.  @typescript-eslint/no-unused-expressions
26:3177  Error: Expected an assignment or function call and instead saw an expression.  @typescript-eslint/no-unused-expressions
26:3310  Error: Expected an assignment or function call and instead saw an expression.  @typescript-eslint/no-unused-expressions
26:3496  Error: Expected an assignment or function call and instead saw an expression.  @typescript-eslint/no-unused-expressions
26:3695  Error: Expected an assignment or function call and instead saw an expression.  @typescript-eslint/no-unused-expressions
30:155  Error: Expected an assignment or function call and instead saw an expression.  @typescript-eslint/no-unused-expressions
30:204  Error: Expected an assignment or function call and instead saw an expression.  @typescript-eslint/no-unused-expressions
30:261  Error: Expected an assignment or function call and instead saw an expression.  @typescript-eslint/no-unused-expressions
30:300  Error: Expected an assignment or function call and instead saw an expression.  @typescript-eslint/no-unused-expressions
30:372  Error: Expected an assignment or function call and instead saw an expression.  @typescript-eslint/no-unused-expressions
30:927  Error: Expected an assignment or function call and instead saw an expression.  @typescript-eslint/no-unused-expressions
30:1018  Error: Expected an assignment or function call and instead saw an expression.  @typescript-eslint/no-unused-expressions
30:1206  Error: 'o' is assigned a value but never used.  @typescript-eslint/no-unused-vars
30:2052  Error: Expected an assignment or function call and instead saw an expression.  @typescript-eslint/no-unused-expressions
30:2124  Error: Expected an assignment or function call and instead saw an expression.  @typescript-eslint/no-unused-expressions
30:3972  Error: Expected an assignment or function call and instead saw an expression.  @typescript-eslint/no-unused-expressions
30:8067  Error: Expected an assignment or function call and instead saw an expression.  @typescript-eslint/no-unused-expressions
30:8433  Error: Expected an assignment or function call and instead saw an expression.  @typescript-eslint/no-unused-expressions
30:9603  Error: Expected an assignment or function call and instead saw an expression.  @typescript-eslint/no-unused-expressions
31:1006  Error: Expected an assignment or function call and instead saw an expression.  @typescript-eslint/no-unused-expressions

./src/generated/prisma/wasm.js
10:3  Error: 'skip' is assigned a value but never used.  @typescript-eslint/no-unused-vars
11:5  Error: A `require()` style import is forbidden.  @typescript-eslint/no-require-imports
235:11  Error: 'target' is defined but never used.  @typescript-eslint/no-unused-vars
235:19  Error: 'prop' is defined but never used.  @typescript-eslint/no-unused-vars

info  - Need to disable some ESLint rules? Learn more here: https://nextjs.org/docs/app/api-reference/config/eslint#disabling-rules
